******************************************************************************
                  TI ARM Linker PC v20.2.7                     
******************************************************************************
>> Linked Sat May 10 10:34:03 2025

OUTPUT FILE NAME:   <main_project.out>
ENTRY POINT SYMBOL: "_c_int00_noargs"  address: 00003a2d


MEMORY CONFIGURATION

         name            origin    length      used     unused   attr    fill
----------------------  --------  ---------  --------  --------  ----  --------
  FLASH                 00000000   00040000  00003d94  0003c26c  R  X
  SRAM                  20000000   00008000  00000204  00007dfc  RW X


SEGMENT ALLOCATION MAP

run origin  load origin   length   init length attrs members
----------  ----------- ---------- ----------- ----- -------
00000000    00000000    00003d98   00003d98    r-x
  00000000    00000000    0000026c   0000026c    r-- .intvecs
  0000026c    0000026c    00003920   00003920    r-x .text
  00003b90    00003b90    000001f0   000001f0    r-- .const
  00003d80    00003d80    00000018   00000018    r-- .cinit
20000000    20000000    00000204   00000000    rw-
  20000000    20000000    00000200   00000000    rw- .stack
  20000200    20000200    00000004   00000000    rw- .data


SECTION ALLOCATION MAP

 output                                  attributes/
section   page    origin      length       input sections
--------  ----  ----------  ----------   ----------------
.intvecs   0    00000000    0000026c     
                  00000000    0000026c     tm4c123gh6pm_startup_ccs.obj (.intvecs)

.text      0    0000026c    00003920     
                  0000026c    00000738     rtsv7M4_T_le_v4SPD16_eabi.lib : k_rem_pio2.c.obj (.text:__kernel_rem_pio2)
                  000009a4    00000684     GPS_program.obj (.text)
                  00001028    000005e0     rtsv7M4_T_le_v4SPD16_eabi.lib : s_sin.c.obj (.text:sin)
                  00001608    000005dc                                   : s_cos.c.obj (.text:cos)
                  00001be4    0000041c     UART.obj (.text)
                  00002000    000002ec     rtsv7M4_T_le_v4SPD16_eabi.lib : s_atan.c.obj (.text:atan)
                  000022ec    000002c4     GPIO.obj (.text)
                  000025b0    000001e4     rtsv7M4_T_le_v4SPD16_eabi.lib : e_atan2.c.obj (.text:atan2)
                  00002794    000001c0     LCD.obj (.text)
                  00002954    000001b8     HELPER.obj (.text)
                  00002b0c    000001b6     rtsv7M4_T_le_v4SPD16_eabi.lib : fd_add_t2.asm.obj (.text)
                  00002cc2    00000002                                   : div0.asm.obj (.text)
                  00002cc4    00000174                                   : k_sin.c.obj (.text:__kernel_sin)
                  00002e38    00000170                                   : k_cos.c.obj (.text:__kernel_cos)
                  00002fa8    00000158                                   : e_sqrt.c.obj (.text:sqrt)
                  00003100    00000136                                   : fd_div_t2.asm.obj (.text)
                  00003236    00000002     --HOLE-- [fill = 0]
                  00003238    00000110                                   : s_scalbn.c.obj (.text:scalbn)
                  00003348    000000fc                                   : fd_mul_t2.asm.obj (.text)
                  00003444    000000f8                                   : s_floor.c.obj (.text:floor)
                  0000353c    000000a0     Systick_Timer.obj (.text)
                  000035dc    0000009c     rtsv7M4_T_le_v4SPD16_eabi.lib : memcpy_t2.asm.obj (.text)
                  00003678    00000096                                   : ull_div_t2.asm.obj (.text)
                  0000370e    00000086                                   : fd_cmp_t2.asm.obj (.text:__aeabi_cdcmple)
                  00003794    00000086                                   : fd_cmp_t2.asm.obj (.text:__aeabi_cdrcmple)
                  0000381a    0000006e                                   : ll_div_t2.asm.obj (.text)
                  00003888    0000006c     main.obj (.text)
                  000038f4    00000068     rtsv7M4_T_le_v4SPD16_eabi.lib : copy_decompress_lzss.c.obj (.text:decompress:lzss:__TI_decompress_lzss)
                  0000395c    00000048                                   : fd_toi_t2.asm.obj (.text)
                  000039a4    00000044                                   : autoinit.c.obj (.text:__TI_auto_init_nobinit_nopinit:__TI_auto_init_nobinit_nopinit)
                  000039e8    00000044                                   : fd_tou_t2.asm.obj (.text)
                  00003a2c    00000034                                   : boot_cortex_m.c.obj (.text:_c_int00_noargs:_c_int00_noargs)
                  00003a60    00000034                                   : strstr.c.obj (.text:strstr)
                  00003a94    0000002e                                   : i_tofd_t2.asm.obj (.text)
                  00003ac2    0000002a                                   : strspn.c.obj (.text:strspn)
                  00003aec    00000026                                   : strpbrk.c.obj (.text:strpbrk)
                  00003b12    00000020                                   : u_tofd_t2.asm.obj (.text)
                  00003b32    0000001a                                   : s_copysign.c.obj (.text:copysign)
                  00003b4c    00000016                                   : strchr.c.obj (.text:strchr)
                  00003b62    0000000e                                   : copy_decompress_none.c.obj (.text:decompress:none:__TI_decompress_none)
                  00003b70    0000000c     tm4c123gh6pm_startup_ccs.obj (.text)
                  00003b7c    00000008     rtsv7M4_T_le_v4SPD16_eabi.lib : errno.c.obj (.text:__aeabi_errno_addr)
                  00003b84    00000004                                   : pre_init.c.obj (.text:_system_pre_init)
                  00003b88    00000004                                   : exit.c.obj (.text:abort:abort)

.const     0    00003b90    000001f0     
                  00003b90    00000158     rtsv7M4_T_le_v4SPD16_eabi.lib : k_rem_pio2.c.obj (.const:$O1$$)
                  00003ce8    00000098                                   : s_atan.c.obj (.const:$O1$$)

.cinit     0    00003d80    00000018     
                  00003d80    00000008     (__TI_handler_table)
                  00003d88    00000007     (.cinit..data.load) [load image, compression = lzss]
                  00003d8f    00000001     --HOLE-- [fill = 0]
                  00003d90    00000008     (__TI_cinit_table)

.init_array 
*          0    00000000    00000000     UNINITIALIZED

.data      0    20000200    00000004     UNINITIALIZED
                  20000200    00000004     rtsv7M4_T_le_v4SPD16_eabi.lib : errno.c.obj (.data)

.stack     0    20000000    00000200     UNINITIALIZED
                  20000000    00000004     rtsv7M4_T_le_v4SPD16_eabi.lib : boot_cortex_m.c.obj (.stack)
                  20000004    000001fc     --HOLE--

__llvm_prf_cnts 
*          0    20000000    00000000     UNINITIALIZED

MODULE SUMMARY

       Module                         code    ro data   rw data
       ------                         ----    -------   -------
    .\
       GPS_program.obj                1668    0         0      
       UART.obj                       1052    0         0      
       GPIO.obj                       708     0         0      
       tm4c123gh6pm_startup_ccs.obj   12      620       0      
       LCD.obj                        448     0         0      
       HELPER.obj                     440     0         0      
       Systick_Timer.obj              160     0         0      
       main.obj                       108     0         0      
    +--+------------------------------+-------+---------+---------+
       Total:                         4596    620       0      
                                                               
    C:\ti\ccs2011\ccs\tools\compiler\lib\rtsv7M4_T_le_v4SPD16_eabi.lib
       k_rem_pio2.c.obj               1848    344       0      
       s_sin.c.obj                    1504    0         0      
       s_cos.c.obj                    1500    0         0      
       s_atan.c.obj                   748     152       0      
       e_atan2.c.obj                  484     0         0      
       fd_add_t2.asm.obj              438     0         0      
       k_sin.c.obj                    372     0         0      
       k_cos.c.obj                    368     0         0      
       e_sqrt.c.obj                   344     0         0      
       fd_div_t2.asm.obj              310     0         0      
       s_scalbn.c.obj                 272     0         0      
       fd_cmp_t2.asm.obj              268     0         0      
       fd_mul_t2.asm.obj              252     0         0      
       s_floor.c.obj                  248     0         0      
       memcpy_t2.asm.obj              156     0         0      
       ull_div_t2.asm.obj             150     0         0      
       ll_div_t2.asm.obj              110     0         0      
       copy_decompress_lzss.c.obj     104     0         0      
       fd_toi_t2.asm.obj              72      0         0      
       autoinit.c.obj                 68      0         0      
       fd_tou_t2.asm.obj              68      0         0      
       boot_cortex_m.c.obj            52      0         0      
       strstr.c.obj                   52      0         0      
       i_tofd_t2.asm.obj              46      0         0      
       strspn.c.obj                   42      0         0      
       strpbrk.c.obj                  38      0         0      
       u_tofd_t2.asm.obj              32      0         0      
       s_copysign.c.obj               26      0         0      
       strchr.c.obj                   22      0         0      
       copy_decompress_none.c.obj     14      0         0      
       errno.c.obj                    8       0         4      
       exit.c.obj                     4       0         0      
       pre_init.c.obj                 4       0         0      
       div0.asm.obj                   2       0         0      
    +--+------------------------------+-------+---------+---------+
       Total:                         10026   496       4      
                                                               
       Stack:                         0       0         512    
       Linker Generated:              0       23        0      
    +--+------------------------------+-------+---------+---------+
       Grand Total:                   14622   1139      516    


LINKER GENERATED COPY TABLES

__TI_cinit_table @ 00003d90 records: 1, size/record: 8, table size: 8
	.data: load addr=00003d88, load size=00000007 bytes, run addr=20000200, run size=00000004 bytes, compression=lzss


LINKER GENERATED HANDLER TABLE

__TI_handler_table @ 00003d80 records: 2, size/record: 4, table size: 8
	index: 0, handler: __TI_decompress_lzss
	index: 1, handler: __TI_decompress_none


GLOBAL SYMBOLS: SORTED ALPHABETICALLY BY Name 

address   name                             
-------   ----                             
00002463  Button_GPIO_Init                 
0000250d  Button_Pressed                   
00003b89  C$$EXIT                          
000022ed  GPIO_Init                        
0000230f  GPIO_PORT_Init                   
000009a5  GPS_ConvertToDecimalDegrees      
0000241b  GPS_GPIO_Init                    
00000a0b  GPS_degreesToRadians             
00000c89  GPS_getCurrentLocation           
00000dfb  GPS_getCurrentLocationWithTimeout
00000a2d  GPS_getDistance_angleInDegrees   
00000e5d  GPS_isWithinRadius               
00000beb  GPS_readNMEASentence             
0000284b  LCD_clearScreen                  
00002805  LCD_command                      
00002855  LCD_displayCharacter             
0000289b  LCD_displayString                
000028cb  LCD_goToRowColumn                
00002795  LCD_init                         
000024b1  LED_GPIO_Init                    
00002501  LED_Off                          
000024f5  LED_On                           
00003b71  ResetISR                         
00001c3b  UART0_Init                       
00001c97  UART0_ReceiveByte                
00001ccd  UART0_ReceiveString              
00001c7b  UART0_SendByte                   
00001d1b  UART0_SendInteger                
00001ca7  UART0_SendString                 
00001e11  UART5_Init                       
00001e6d  UART5_ReceiveByte                
00001ea3  UART5_ReceiveString              
00001e51  UART5_SendByte                   
00001f29  UART5_SendInteger                
00001e7d  UART5_SendString                 
20000200  __STACK_END                      
00000200  __STACK_SIZE                     
20000200  __STACK_TOP                      
00003d90  __TI_CINIT_Base                  
00003d98  __TI_CINIT_Limit                 
00003d80  __TI_Handler_Table_Base          
00003d88  __TI_Handler_Table_Limit         
000039a5  __TI_auto_init_nobinit_nopinit   
000038f5  __TI_decompress_lzss             
00003b63  __TI_decompress_none             
ffffffff  __TI_pprof_out_hndl              
ffffffff  __TI_prof_data_size              
ffffffff  __TI_prof_data_start             
00000000  __TI_static_base__               
0000370f  __aeabi_cdcmpeq                  
0000370f  __aeabi_cdcmple                  
00003795  __aeabi_cdrcmple                 
0000395d  __aeabi_d2iz                     
000039e9  __aeabi_d2uiz                    
00002b17  __aeabi_dadd                     
00003101  __aeabi_ddiv                     
00003349  __aeabi_dmul                     
00002b0d  __aeabi_dsub                     
00003b7d  __aeabi_errno_addr               
00003a95  __aeabi_i2d                      
00002cc3  __aeabi_idiv0                    
00002cc3  __aeabi_ldiv0                    
0000381b  __aeabi_ldivmod                  
000035dd  __aeabi_memcpy                   
000035dd  __aeabi_memcpy4                  
000035dd  __aeabi_memcpy8                  
00003b13  __aeabi_ui2d                     
00003679  __aeabi_uldivmod                 
ffffffff  __binit__                        
ffffffff  __c_args__                       
00002e39  __kernel_cos                     
0000026d  __kernel_rem_pio2                
00002cc5  __kernel_sin                     
UNDEFED   __mpu_init                       
20000000  __stack                          
20000000  __start___llvm_prf_cnts          
20000000  __stop___llvm_prf_cnts           
00003a2d  _c_int00_noargs                  
UNDEFED   _system_post_cinit               
00003b85  _system_pre_init                 
00003b89  abort                            
00002001  atan                             
000025b1  atan2                            
000025b1  atan2l                           
00002001  atanl                            
ffffffff  binit                            
00003b33  copysign                         
00003b33  copysignl                        
00001609  cos                              
00001609  cosl                             
00000faf  customStrtok_r                   
000035af  delay_ms                         
20000200  errno                            
00002a03  floatToStr                       
00003445  floor                            
00003445  floorl                           
00000000  g_pfnVectors                     
00002955  intToStr                         
00003239  ldexp                            
00003239  ldexpl                           
00003889  main                             
000035dd  memcpy                           
00003239  scalbn                           
00003239  scalbnl                          
00001029  sin                              
00001029  sinl                             
00002fa9  sqrt                             
00002fa9  sqrtl                            
00000ee9  stof                             
00003b4d  strchr                           
00003aed  strpbrk                          
00003ac3  strspn                           
00003a61  strstr                           
0000353d  systick_init                     
00003583  systick_wait_1ms                 
00003559  systick_wait_1s                  


GLOBAL SYMBOLS: SORTED BY Symbol Address 

address   name                             
-------   ----                             
00000000  __TI_static_base__               
00000000  g_pfnVectors                     
00000200  __STACK_SIZE                     
0000026d  __kernel_rem_pio2                
000009a5  GPS_ConvertToDecimalDegrees      
00000a0b  GPS_degreesToRadians             
00000a2d  GPS_getDistance_angleInDegrees   
00000beb  GPS_readNMEASentence             
00000c89  GPS_getCurrentLocation           
00000dfb  GPS_getCurrentLocationWithTimeout
00000e5d  GPS_isWithinRadius               
00000ee9  stof                             
00000faf  customStrtok_r                   
00001029  sin                              
00001029  sinl                             
00001609  cos                              
00001609  cosl                             
00001c3b  UART0_Init                       
00001c7b  UART0_SendByte                   
00001c97  UART0_ReceiveByte                
00001ca7  UART0_SendString                 
00001ccd  UART0_ReceiveString              
00001d1b  UART0_SendInteger                
00001e11  UART5_Init                       
00001e51  UART5_SendByte                   
00001e6d  UART5_ReceiveByte                
00001e7d  UART5_SendString                 
00001ea3  UART5_ReceiveString              
00001f29  UART5_SendInteger                
00002001  atan                             
00002001  atanl                            
000022ed  GPIO_Init                        
0000230f  GPIO_PORT_Init                   
0000241b  GPS_GPIO_Init                    
00002463  Button_GPIO_Init                 
000024b1  LED_GPIO_Init                    
000024f5  LED_On                           
00002501  LED_Off                          
0000250d  Button_Pressed                   
000025b1  atan2                            
000025b1  atan2l                           
00002795  LCD_init                         
00002805  LCD_command                      
0000284b  LCD_clearScreen                  
00002855  LCD_displayCharacter             
0000289b  LCD_displayString                
000028cb  LCD_goToRowColumn                
00002955  intToStr                         
00002a03  floatToStr                       
00002b0d  __aeabi_dsub                     
00002b17  __aeabi_dadd                     
00002cc3  __aeabi_idiv0                    
00002cc3  __aeabi_ldiv0                    
00002cc5  __kernel_sin                     
00002e39  __kernel_cos                     
00002fa9  sqrt                             
00002fa9  sqrtl                            
00003101  __aeabi_ddiv                     
00003239  ldexp                            
00003239  ldexpl                           
00003239  scalbn                           
00003239  scalbnl                          
00003349  __aeabi_dmul                     
00003445  floor                            
00003445  floorl                           
0000353d  systick_init                     
00003559  systick_wait_1s                  
00003583  systick_wait_1ms                 
000035af  delay_ms                         
000035dd  __aeabi_memcpy                   
000035dd  __aeabi_memcpy4                  
000035dd  __aeabi_memcpy8                  
000035dd  memcpy                           
00003679  __aeabi_uldivmod                 
0000370f  __aeabi_cdcmpeq                  
0000370f  __aeabi_cdcmple                  
00003795  __aeabi_cdrcmple                 
0000381b  __aeabi_ldivmod                  
00003889  main                             
000038f5  __TI_decompress_lzss             
0000395d  __aeabi_d2iz                     
000039a5  __TI_auto_init_nobinit_nopinit   
000039e9  __aeabi_d2uiz                    
00003a2d  _c_int00_noargs                  
00003a61  strstr                           
00003a95  __aeabi_i2d                      
00003ac3  strspn                           
00003aed  strpbrk                          
00003b13  __aeabi_ui2d                     
00003b33  copysign                         
00003b33  copysignl                        
00003b4d  strchr                           
00003b63  __TI_decompress_none             
00003b71  ResetISR                         
00003b7d  __aeabi_errno_addr               
00003b85  _system_pre_init                 
00003b89  C$$EXIT                          
00003b89  abort                            
00003d80  __TI_Handler_Table_Base          
00003d88  __TI_Handler_Table_Limit         
00003d90  __TI_CINIT_Base                  
00003d98  __TI_CINIT_Limit                 
20000000  __stack                          
20000000  __start___llvm_prf_cnts          
20000000  __stop___llvm_prf_cnts           
20000200  __STACK_END                      
20000200  __STACK_TOP                      
20000200  errno                            
ffffffff  __TI_pprof_out_hndl              
ffffffff  __TI_prof_data_size              
ffffffff  __TI_prof_data_start             
ffffffff  __binit__                        
ffffffff  __c_args__                       
ffffffff  binit                            
UNDEFED   __mpu_init                       
UNDEFED   _system_post_cinit               

[116 symbols]
