<?xml version="1.0" encoding="ISO-8859-1" ?>
<link_info>
   <banner>TI ARM Linker PC v20.2.7.LTS</banner>
   <copyright>Copyright (c) 1996-2018 Texas Instruments Incorporated</copyright>
   <link_time>0x6824d2ca</link_time>
   <link_errors>0x0</link_errors>
   <output_file>main_project.out</output_file>
   <entry_point>
      <name>_c_int00_noargs</name>
      <address>0x5549</address>
   </entry_point>
   <input_file_list>
      <input_file id="fl-2">
         <path>.\</path>
         <kind>object</kind>
         <file>GPIO.obj</file>
         <name>GPIO.obj</name>
      </input_file>
      <input_file id="fl-3">
         <path>.\</path>
         <kind>object</kind>
         <file>GPS_program.obj</file>
         <name>GPS_program.obj</name>
      </input_file>
      <input_file id="fl-4">
         <path>.\</path>
         <kind>object</kind>
         <file>HELPER.obj</file>
         <name>HELPER.obj</name>
      </input_file>
      <input_file id="fl-5">
         <path>.\</path>
         <kind>object</kind>
         <file>LCD.obj</file>
         <name>LCD.obj</name>
      </input_file>
      <input_file id="fl-6">
         <path>.\</path>
         <kind>object</kind>
         <file>Systick_Timer.obj</file>
         <name>Systick_Timer.obj</name>
      </input_file>
      <input_file id="fl-7">
         <path>.\</path>
         <kind>object</kind>
         <file>UART.obj</file>
         <name>UART.obj</name>
      </input_file>
      <input_file id="fl-8">
         <path>.\</path>
         <kind>object</kind>
         <file>main.obj</file>
         <name>main.obj</name>
      </input_file>
      <input_file id="fl-9">
         <path>.\</path>
         <kind>object</kind>
         <file>tm4c123gh6pm_startup_ccs.obj</file>
         <name>tm4c123gh6pm_startup_ccs.obj</name>
      </input_file>
      <input_file id="fl-d">
         <kind>object</kind>
         <file>&lt;internal&gt;</file>
         <name>&lt;internal&gt;</name>
      </input_file>
      <input_file id="fl-c3">
         <path>C:\ti\Compilers\lib\</path>
         <kind>archive</kind>
         <file>rtsv7M4_T_le_v4SPD16_eabi.lib</file>
         <name>e_atan2.c.obj</name>
      </input_file>
      <input_file id="fl-c4">
         <path>C:\ti\Compilers\lib\</path>
         <kind>archive</kind>
         <file>rtsv7M4_T_le_v4SPD16_eabi.lib</file>
         <name>e_sqrt.c.obj</name>
      </input_file>
      <input_file id="fl-c5">
         <path>C:\ti\Compilers\lib\</path>
         <kind>archive</kind>
         <file>rtsv7M4_T_le_v4SPD16_eabi.lib</file>
         <name>s_atan.c.obj</name>
      </input_file>
      <input_file id="fl-c6">
         <path>C:\ti\Compilers\lib\</path>
         <kind>archive</kind>
         <file>rtsv7M4_T_le_v4SPD16_eabi.lib</file>
         <name>s_cos.c.obj</name>
      </input_file>
      <input_file id="fl-c7">
         <path>C:\ti\Compilers\lib\</path>
         <kind>archive</kind>
         <file>rtsv7M4_T_le_v4SPD16_eabi.lib</file>
         <name>s_sin.c.obj</name>
      </input_file>
      <input_file id="fl-c8">
         <path>C:\ti\Compilers\lib\</path>
         <kind>archive</kind>
         <file>rtsv7M4_T_le_v4SPD16_eabi.lib</file>
         <name>fd_add_t2.asm.obj</name>
      </input_file>
      <input_file id="fl-c9">
         <path>C:\ti\Compilers\lib\</path>
         <kind>archive</kind>
         <file>rtsv7M4_T_le_v4SPD16_eabi.lib</file>
         <name>fd_cmp_t2.asm.obj</name>
      </input_file>
      <input_file id="fl-ca">
         <path>C:\ti\Compilers\lib\</path>
         <kind>archive</kind>
         <file>rtsv7M4_T_le_v4SPD16_eabi.lib</file>
         <name>fd_div_t2.asm.obj</name>
      </input_file>
      <input_file id="fl-cb">
         <path>C:\ti\Compilers\lib\</path>
         <kind>archive</kind>
         <file>rtsv7M4_T_le_v4SPD16_eabi.lib</file>
         <name>fd_mul_t2.asm.obj</name>
      </input_file>
      <input_file id="fl-cc">
         <path>C:\ti\Compilers\lib\</path>
         <kind>archive</kind>
         <file>rtsv7M4_T_le_v4SPD16_eabi.lib</file>
         <name>fd_toi_t2.asm.obj</name>
      </input_file>
      <input_file id="fl-cd">
         <path>C:\ti\Compilers\lib\</path>
         <kind>archive</kind>
         <file>rtsv7M4_T_le_v4SPD16_eabi.lib</file>
         <name>fd_tou_t2.asm.obj</name>
      </input_file>
      <input_file id="fl-ce">
         <path>C:\ti\Compilers\lib\</path>
         <kind>archive</kind>
         <file>rtsv7M4_T_le_v4SPD16_eabi.lib</file>
         <name>i_tofd_t2.asm.obj</name>
      </input_file>
      <input_file id="fl-cf">
         <path>C:\ti\Compilers\lib\</path>
         <kind>archive</kind>
         <file>rtsv7M4_T_le_v4SPD16_eabi.lib</file>
         <name>u_tofd_t2.asm.obj</name>
      </input_file>
      <input_file id="fl-d0">
         <path>C:\ti\Compilers\lib\</path>
         <kind>archive</kind>
         <file>rtsv7M4_T_le_v4SPD16_eabi.lib</file>
         <name>ll_div_t2.asm.obj</name>
      </input_file>
      <input_file id="fl-d1">
         <path>C:\ti\Compilers\lib\</path>
         <kind>archive</kind>
         <file>rtsv7M4_T_le_v4SPD16_eabi.lib</file>
         <name>ull_div_t2.asm.obj</name>
      </input_file>
      <input_file id="fl-d2">
         <path>C:\ti\Compilers\lib\</path>
         <kind>archive</kind>
         <file>rtsv7M4_T_le_v4SPD16_eabi.lib</file>
         <name>copy_zero_init.c.obj</name>
      </input_file>
      <input_file id="fl-d3">
         <path>C:\ti\Compilers\lib\</path>
         <kind>archive</kind>
         <file>rtsv7M4_T_le_v4SPD16_eabi.lib</file>
         <name>copy_decompress_none.c.obj</name>
      </input_file>
      <input_file id="fl-d4">
         <path>C:\ti\Compilers\lib\</path>
         <kind>archive</kind>
         <file>rtsv7M4_T_le_v4SPD16_eabi.lib</file>
         <name>copy_decompress_lzss.c.obj</name>
      </input_file>
      <input_file id="fl-d5">
         <path>C:\ti\Compilers\lib\</path>
         <kind>archive</kind>
         <file>rtsv7M4_T_le_v4SPD16_eabi.lib</file>
         <name>strchr.c.obj</name>
      </input_file>
      <input_file id="fl-d6">
         <path>C:\ti\Compilers\lib\</path>
         <kind>archive</kind>
         <file>rtsv7M4_T_le_v4SPD16_eabi.lib</file>
         <name>strpbrk.c.obj</name>
      </input_file>
      <input_file id="fl-d7">
         <path>C:\ti\Compilers\lib\</path>
         <kind>archive</kind>
         <file>rtsv7M4_T_le_v4SPD16_eabi.lib</file>
         <name>strspn.c.obj</name>
      </input_file>
      <input_file id="fl-d8">
         <path>C:\ti\Compilers\lib\</path>
         <kind>archive</kind>
         <file>rtsv7M4_T_le_v4SPD16_eabi.lib</file>
         <name>strstr.c.obj</name>
      </input_file>
      <input_file id="fl-d9">
         <path>C:\ti\Compilers\lib\</path>
         <kind>archive</kind>
         <file>rtsv7M4_T_le_v4SPD16_eabi.lib</file>
         <name>k_rem_pio2.c.obj</name>
      </input_file>
      <input_file id="fl-da">
         <path>C:\ti\Compilers\lib\</path>
         <kind>archive</kind>
         <file>rtsv7M4_T_le_v4SPD16_eabi.lib</file>
         <name>boot_cortex_m.c.obj</name>
      </input_file>
      <input_file id="fl-db">
         <path>C:\ti\Compilers\lib\</path>
         <kind>archive</kind>
         <file>rtsv7M4_T_le_v4SPD16_eabi.lib</file>
         <name>errno.c.obj</name>
      </input_file>
      <input_file id="fl-dc">
         <path>C:\ti\Compilers\lib\</path>
         <kind>archive</kind>
         <file>rtsv7M4_T_le_v4SPD16_eabi.lib</file>
         <name>k_cos.c.obj</name>
      </input_file>
      <input_file id="fl-dd">
         <path>C:\ti\Compilers\lib\</path>
         <kind>archive</kind>
         <file>rtsv7M4_T_le_v4SPD16_eabi.lib</file>
         <name>k_sin.c.obj</name>
      </input_file>
      <input_file id="fl-de">
         <path>C:\ti\Compilers\lib\</path>
         <kind>archive</kind>
         <file>rtsv7M4_T_le_v4SPD16_eabi.lib</file>
         <name>s_floor.c.obj</name>
      </input_file>
      <input_file id="fl-df">
         <path>C:\ti\Compilers\lib\</path>
         <kind>archive</kind>
         <file>rtsv7M4_T_le_v4SPD16_eabi.lib</file>
         <name>s_scalbn.c.obj</name>
      </input_file>
      <input_file id="fl-e0">
         <path>C:\ti\Compilers\lib\</path>
         <kind>archive</kind>
         <file>rtsv7M4_T_le_v4SPD16_eabi.lib</file>
         <name>div0.asm.obj</name>
      </input_file>
      <input_file id="fl-e1">
         <path>C:\ti\Compilers\lib\</path>
         <kind>archive</kind>
         <file>rtsv7M4_T_le_v4SPD16_eabi.lib</file>
         <name>memcpy_t2.asm.obj</name>
      </input_file>
      <input_file id="fl-e2">
         <path>C:\ti\Compilers\lib\</path>
         <kind>archive</kind>
         <file>rtsv7M4_T_le_v4SPD16_eabi.lib</file>
         <name>memset_t2.asm.obj</name>
      </input_file>
      <input_file id="fl-e3">
         <path>C:\ti\Compilers\lib\</path>
         <kind>archive</kind>
         <file>rtsv7M4_T_le_v4SPD16_eabi.lib</file>
         <name>autoinit.c.obj</name>
      </input_file>
      <input_file id="fl-e4">
         <path>C:\ti\Compilers\lib\</path>
         <kind>archive</kind>
         <file>rtsv7M4_T_le_v4SPD16_eabi.lib</file>
         <name>pre_init.c.obj</name>
      </input_file>
      <input_file id="fl-e5">
         <path>C:\ti\Compilers\lib\</path>
         <kind>archive</kind>
         <file>rtsv7M4_T_le_v4SPD16_eabi.lib</file>
         <name>cpy_tbl.c.obj</name>
      </input_file>
      <input_file id="fl-e6">
         <path>C:\ti\Compilers\lib\</path>
         <kind>archive</kind>
         <file>rtsv7M4_T_le_v4SPD16_eabi.lib</file>
         <name>exit.c.obj</name>
      </input_file>
      <input_file id="fl-e7">
         <path>C:\ti\Compilers\lib\</path>
         <kind>archive</kind>
         <file>rtsv7M4_T_le_v4SPD16_eabi.lib</file>
         <name>_lock.c.obj</name>
      </input_file>
      <input_file id="fl-e8">
         <path>C:\ti\Compilers\lib\</path>
         <kind>archive</kind>
         <file>rtsv7M4_T_le_v4SPD16_eabi.lib</file>
         <name>args_main.c.obj</name>
      </input_file>
      <input_file id="fl-e9">
         <path>C:\ti\Compilers\lib\</path>
         <kind>archive</kind>
         <file>rtsv7M4_T_le_v4SPD16_eabi.lib</file>
         <name>s_copysign.c.obj</name>
      </input_file>
   </input_file_list>
   <object_component_list>
      <object_component id="oc-12">
         <name>.intvecs</name>
         <load_address>0x0</load_address>
         <run_address>0x0</run_address>
         <size>0x26c</size>
         <input_file_ref idref="fl-9"/>
      </object_component>
      <object_component id="oc-e1">
         <name>.text</name>
         <load_address>0x26c</load_address>
         <run_address>0x26c</run_address>
         <size>0x1a5c</size>
         <input_file_ref idref="fl-4"/>
      </object_component>
      <object_component id="oc-2fc">
         <name>.text:__kernel_rem_pio2</name>
         <load_address>0x1cc8</load_address>
         <run_address>0x1cc8</run_address>
         <size>0x738</size>
         <input_file_ref idref="fl-d9"/>
      </object_component>
      <object_component id="oc-db">
         <name>.text</name>
         <load_address>0x2400</load_address>
         <run_address>0x2400</run_address>
         <size>0x684</size>
         <input_file_ref idref="fl-3"/>
      </object_component>
      <object_component id="oc-164">
         <name>.text:sin</name>
         <load_address>0x2a84</load_address>
         <run_address>0x2a84</run_address>
         <size>0x5e0</size>
         <input_file_ref idref="fl-c7"/>
      </object_component>
      <object_component id="oc-16a">
         <name>.text:cos</name>
         <load_address>0x3064</load_address>
         <run_address>0x3064</run_address>
         <size>0x5dc</size>
         <input_file_ref idref="fl-c6"/>
      </object_component>
      <object_component id="oc-c9">
         <name>.text</name>
         <load_address>0x3640</load_address>
         <run_address>0x3640</run_address>
         <size>0x41c</size>
         <input_file_ref idref="fl-7"/>
      </object_component>
      <object_component id="oc-d5">
         <name>.text</name>
         <load_address>0x3a5c</load_address>
         <run_address>0x3a5c</run_address>
         <size>0x300</size>
         <input_file_ref idref="fl-2"/>
      </object_component>
      <object_component id="oc-319">
         <name>.text:atan</name>
         <load_address>0x3d5c</load_address>
         <run_address>0x3d5c</run_address>
         <size>0x2ec</size>
         <input_file_ref idref="fl-c5"/>
      </object_component>
      <object_component id="oc-9b">
         <name>.text</name>
         <load_address>0x4048</load_address>
         <run_address>0x4048</run_address>
         <size>0x2a8</size>
         <input_file_ref idref="fl-8"/>
      </object_component>
      <object_component id="oc-176">
         <name>.text:atan2</name>
         <load_address>0x42f0</load_address>
         <run_address>0x42f0</run_address>
         <size>0x1e4</size>
         <input_file_ref idref="fl-c3"/>
      </object_component>
      <object_component id="oc-c3">
         <name>.text</name>
         <load_address>0x44d4</load_address>
         <run_address>0x44d4</run_address>
         <size>0x1c0</size>
         <input_file_ref idref="fl-5"/>
      </object_component>
      <object_component id="oc-15a">
         <name>.text</name>
         <load_address>0x4694</load_address>
         <run_address>0x4694</run_address>
         <size>0x1b6</size>
         <input_file_ref idref="fl-c8"/>
      </object_component>
      <object_component id="oc-2e4">
         <name>.text</name>
         <load_address>0x484a</load_address>
         <run_address>0x484a</run_address>
         <size>0x2</size>
         <input_file_ref idref="fl-e0"/>
      </object_component>
      <object_component id="oc-2f6">
         <name>.text:__kernel_sin</name>
         <load_address>0x484c</load_address>
         <run_address>0x484c</run_address>
         <size>0x174</size>
         <input_file_ref idref="fl-dd"/>
      </object_component>
      <object_component id="oc-302">
         <name>.text:__kernel_cos</name>
         <load_address>0x49c0</load_address>
         <run_address>0x49c0</run_address>
         <size>0x170</size>
         <input_file_ref idref="fl-dc"/>
      </object_component>
      <object_component id="oc-170">
         <name>.text:sqrt</name>
         <load_address>0x4b30</load_address>
         <run_address>0x4b30</run_address>
         <size>0x158</size>
         <input_file_ref idref="fl-c4"/>
      </object_component>
      <object_component id="oc-14b">
         <name>.text</name>
         <load_address>0x4c88</load_address>
         <run_address>0x4c88</run_address>
         <size>0x136</size>
         <input_file_ref idref="fl-ca"/>
      </object_component>
      <object_component id="oc-408">
         <name>.text:scalbn</name>
         <load_address>0x4dc0</load_address>
         <run_address>0x4dc0</run_address>
         <size>0x110</size>
         <input_file_ref idref="fl-df"/>
      </object_component>
      <object_component id="oc-15f">
         <name>.text</name>
         <load_address>0x4ed0</load_address>
         <run_address>0x4ed0</run_address>
         <size>0xfc</size>
         <input_file_ref idref="fl-cb"/>
      </object_component>
      <object_component id="oc-40e">
         <name>.text:floor</name>
         <load_address>0x4fcc</load_address>
         <run_address>0x4fcc</run_address>
         <size>0xf8</size>
         <input_file_ref idref="fl-de"/>
      </object_component>
      <object_component id="oc-cf">
         <name>.text</name>
         <load_address>0x50c4</load_address>
         <run_address>0x50c4</run_address>
         <size>0xa0</size>
         <input_file_ref idref="fl-6"/>
      </object_component>
      <object_component id="oc-3b">
         <name>.text</name>
         <load_address>0x5164</load_address>
         <run_address>0x5164</run_address>
         <size>0x9c</size>
         <input_file_ref idref="fl-e1"/>
      </object_component>
      <object_component id="oc-2e9">
         <name>.text</name>
         <load_address>0x5200</load_address>
         <run_address>0x5200</run_address>
         <size>0x96</size>
         <input_file_ref idref="fl-d1"/>
      </object_component>
      <object_component id="oc-182">
         <name>.text:__aeabi_cdcmple</name>
         <load_address>0x5296</load_address>
         <run_address>0x5296</run_address>
         <size>0x86</size>
         <input_file_ref idref="fl-c9"/>
      </object_component>
      <object_component id="oc-1a4">
         <name>.text:__aeabi_cdrcmple</name>
         <load_address>0x531c</load_address>
         <run_address>0x531c</run_address>
         <size>0x86</size>
         <input_file_ref idref="fl-c9"/>
      </object_component>
      <object_component id="oc-13d">
         <name>.text</name>
         <load_address>0x53a2</load_address>
         <run_address>0x53a2</run_address>
         <size>0x6e</size>
         <input_file_ref idref="fl-d0"/>
      </object_component>
      <object_component id="oc-15">
         <name>.text:decompress:lzss:__TI_decompress_lzss</name>
         <load_address>0x5410</load_address>
         <run_address>0x5410</run_address>
         <size>0x68</size>
         <input_file_ref idref="fl-d4"/>
      </object_component>
      <object_component id="oc-19f">
         <name>.text</name>
         <load_address>0x5478</load_address>
         <run_address>0x5478</run_address>
         <size>0x48</size>
         <input_file_ref idref="fl-cc"/>
      </object_component>
      <object_component id="oc-102">
         <name>.text:__TI_auto_init_nobinit_nopinit:__TI_auto_init_nobinit_nopinit</name>
         <load_address>0x54c0</load_address>
         <run_address>0x54c0</run_address>
         <size>0x44</size>
         <input_file_ref idref="fl-e3"/>
      </object_component>
      <object_component id="oc-150">
         <name>.text</name>
         <load_address>0x5504</load_address>
         <run_address>0x5504</run_address>
         <size>0x44</size>
         <input_file_ref idref="fl-cd"/>
      </object_component>
      <object_component id="oc-59">
         <name>.text:_c_int00_noargs:_c_int00_noargs</name>
         <load_address>0x5548</load_address>
         <run_address>0x5548</run_address>
         <size>0x34</size>
         <input_file_ref idref="fl-da"/>
      </object_component>
      <object_component id="oc-17c">
         <name>.text:strstr</name>
         <load_address>0x557c</load_address>
         <run_address>0x557c</run_address>
         <size>0x34</size>
         <input_file_ref idref="fl-d8"/>
      </object_component>
      <object_component id="oc-187">
         <name>.text</name>
         <load_address>0x55b0</load_address>
         <run_address>0x55b0</run_address>
         <size>0x2e</size>
         <input_file_ref idref="fl-ce"/>
      </object_component>
      <object_component id="oc-18c">
         <name>.text:strspn</name>
         <load_address>0x55de</load_address>
         <run_address>0x55de</run_address>
         <size>0x2a</size>
         <input_file_ref idref="fl-d7"/>
      </object_component>
      <object_component id="oc-192">
         <name>.text:strpbrk</name>
         <load_address>0x5608</load_address>
         <run_address>0x5608</run_address>
         <size>0x26</size>
         <input_file_ref idref="fl-d6"/>
      </object_component>
      <object_component id="oc-155">
         <name>.text</name>
         <load_address>0x562e</load_address>
         <run_address>0x562e</run_address>
         <size>0x20</size>
         <input_file_ref idref="fl-cf"/>
      </object_component>
      <object_component id="oc-450">
         <name>.text:copysign</name>
         <load_address>0x564e</load_address>
         <run_address>0x564e</run_address>
         <size>0x1a</size>
         <input_file_ref idref="fl-e9"/>
      </object_component>
      <object_component id="oc-198">
         <name>.text:strchr</name>
         <load_address>0x5668</load_address>
         <run_address>0x5668</run_address>
         <size>0x16</size>
         <input_file_ref idref="fl-d5"/>
      </object_component>
      <object_component id="oc-1b">
         <name>.text:decompress:none:__TI_decompress_none</name>
         <load_address>0x567e</load_address>
         <run_address>0x567e</run_address>
         <size>0xe</size>
         <input_file_ref idref="fl-d3"/>
      </object_component>
      <object_component id="oc-27">
         <name>.text</name>
         <load_address>0x568c</load_address>
         <run_address>0x568c</run_address>
         <size>0xc</size>
         <input_file_ref idref="fl-9"/>
      </object_component>
      <object_component id="oc-311">
         <name>.text:__aeabi_errno_addr</name>
         <load_address>0x5698</load_address>
         <run_address>0x5698</run_address>
         <size>0x8</size>
         <input_file_ref idref="fl-db"/>
      </object_component>
      <object_component id="oc-95">
         <name>.text:_system_pre_init</name>
         <load_address>0x56a0</load_address>
         <run_address>0x56a0</run_address>
         <size>0x4</size>
         <input_file_ref idref="fl-e4"/>
      </object_component>
      <object_component id="oc-f6">
         <name>.text:abort:abort</name>
         <load_address>0x56a4</load_address>
         <run_address>0x56a4</run_address>
         <size>0x4</size>
         <input_file_ref idref="fl-e6"/>
      </object_component>
      <object_component id="oc-414">
         <name>.const:$O1$$</name>
         <load_address>0x56a8</load_address>
         <run_address>0x56a8</run_address>
         <size>0x158</size>
         <input_file_ref idref="fl-d9"/>
      </object_component>
      <object_component id="oc-431">
         <name>.const:$O1$$</name>
         <load_address>0x5800</load_address>
         <run_address>0x5800</run_address>
         <size>0x98</size>
         <input_file_ref idref="fl-c5"/>
      </object_component>
      <object_component id="oc-1b5">
         <name>.const:$P$T10$5</name>
         <load_address>0x5898</load_address>
         <run_address>0x5898</run_address>
         <size>0x18</size>
         <input_file_ref idref="fl-4"/>
      </object_component>
      <object_component id="oc-239">
         <name>.const:$P$T102$49</name>
         <load_address>0x58b0</load_address>
         <run_address>0x58b0</run_address>
         <size>0x18</size>
         <input_file_ref idref="fl-4"/>
      </object_component>
      <object_component id="oc-23c">
         <name>.const:$P$T103$50</name>
         <load_address>0x58c8</load_address>
         <run_address>0x58c8</run_address>
         <size>0x18</size>
         <input_file_ref idref="fl-4"/>
      </object_component>
      <object_component id="oc-23f">
         <name>.const:$P$T104$51</name>
         <load_address>0x58e0</load_address>
         <run_address>0x58e0</run_address>
         <size>0x18</size>
         <input_file_ref idref="fl-4"/>
      </object_component>
      <object_component id="oc-242">
         <name>.const:$P$T105$52</name>
         <load_address>0x58f8</load_address>
         <run_address>0x58f8</run_address>
         <size>0x18</size>
         <input_file_ref idref="fl-4"/>
      </object_component>
      <object_component id="oc-245">
         <name>.const:$P$T106$53</name>
         <load_address>0x5910</load_address>
         <run_address>0x5910</run_address>
         <size>0x18</size>
         <input_file_ref idref="fl-4"/>
      </object_component>
      <object_component id="oc-248">
         <name>.const:$P$T107$54</name>
         <load_address>0x5928</load_address>
         <run_address>0x5928</run_address>
         <size>0x18</size>
         <input_file_ref idref="fl-4"/>
      </object_component>
      <object_component id="oc-1b8">
         <name>.const:$P$T11$6</name>
         <load_address>0x5940</load_address>
         <run_address>0x5940</run_address>
         <size>0x18</size>
         <input_file_ref idref="fl-4"/>
      </object_component>
      <object_component id="oc-24b">
         <name>.const:$P$T114$55</name>
         <load_address>0x5958</load_address>
         <run_address>0x5958</run_address>
         <size>0x18</size>
         <input_file_ref idref="fl-4"/>
      </object_component>
      <object_component id="oc-24e">
         <name>.const:$P$T115$56</name>
         <load_address>0x5970</load_address>
         <run_address>0x5970</run_address>
         <size>0x18</size>
         <input_file_ref idref="fl-4"/>
      </object_component>
      <object_component id="oc-251">
         <name>.const:$P$T116$57</name>
         <load_address>0x5988</load_address>
         <run_address>0x5988</run_address>
         <size>0x18</size>
         <input_file_ref idref="fl-4"/>
      </object_component>
      <object_component id="oc-254">
         <name>.const:$P$T117$58</name>
         <load_address>0x59a0</load_address>
         <run_address>0x59a0</run_address>
         <size>0x18</size>
         <input_file_ref idref="fl-4"/>
      </object_component>
      <object_component id="oc-257">
         <name>.const:$P$T118$59</name>
         <load_address>0x59b8</load_address>
         <run_address>0x59b8</run_address>
         <size>0x18</size>
         <input_file_ref idref="fl-4"/>
      </object_component>
      <object_component id="oc-25a">
         <name>.const:$P$T119$60</name>
         <load_address>0x59d0</load_address>
         <run_address>0x59d0</run_address>
         <size>0x18</size>
         <input_file_ref idref="fl-4"/>
      </object_component>
      <object_component id="oc-25d">
         <name>.const:$P$T126$61</name>
         <load_address>0x59e8</load_address>
         <run_address>0x59e8</run_address>
         <size>0x18</size>
         <input_file_ref idref="fl-4"/>
      </object_component>
      <object_component id="oc-260">
         <name>.const:$P$T127$62</name>
         <load_address>0x5a00</load_address>
         <run_address>0x5a00</run_address>
         <size>0x18</size>
         <input_file_ref idref="fl-4"/>
      </object_component>
      <object_component id="oc-263">
         <name>.const:$P$T128$63</name>
         <load_address>0x5a18</load_address>
         <run_address>0x5a18</run_address>
         <size>0x18</size>
         <input_file_ref idref="fl-4"/>
      </object_component>
      <object_component id="oc-266">
         <name>.const:$P$T129$64</name>
         <load_address>0x5a30</load_address>
         <run_address>0x5a30</run_address>
         <size>0x18</size>
         <input_file_ref idref="fl-4"/>
      </object_component>
      <object_component id="oc-269">
         <name>.const:$P$T130$65</name>
         <load_address>0x5a48</load_address>
         <run_address>0x5a48</run_address>
         <size>0x18</size>
         <input_file_ref idref="fl-4"/>
      </object_component>
      <object_component id="oc-26c">
         <name>.const:$P$T131$66</name>
         <load_address>0x5a60</load_address>
         <run_address>0x5a60</run_address>
         <size>0x18</size>
         <input_file_ref idref="fl-4"/>
      </object_component>
      <object_component id="oc-26f">
         <name>.const:$P$T138$67</name>
         <load_address>0x5a78</load_address>
         <run_address>0x5a78</run_address>
         <size>0x18</size>
         <input_file_ref idref="fl-4"/>
      </object_component>
      <object_component id="oc-272">
         <name>.const:$P$T139$68</name>
         <load_address>0x5a90</load_address>
         <run_address>0x5a90</run_address>
         <size>0x18</size>
         <input_file_ref idref="fl-4"/>
      </object_component>
      <object_component id="oc-1bb">
         <name>.const:$P$T14$7</name>
         <load_address>0x5aa8</load_address>
         <run_address>0x5aa8</run_address>
         <size>0x18</size>
         <input_file_ref idref="fl-4"/>
      </object_component>
      <object_component id="oc-275">
         <name>.const:$P$T140$69</name>
         <load_address>0x5ac0</load_address>
         <run_address>0x5ac0</run_address>
         <size>0x18</size>
         <input_file_ref idref="fl-4"/>
      </object_component>
      <object_component id="oc-278">
         <name>.const:$P$T141$70</name>
         <load_address>0x5ad8</load_address>
         <run_address>0x5ad8</run_address>
         <size>0x18</size>
         <input_file_ref idref="fl-4"/>
      </object_component>
      <object_component id="oc-27b">
         <name>.const:$P$T142$71</name>
         <load_address>0x5af0</load_address>
         <run_address>0x5af0</run_address>
         <size>0x18</size>
         <input_file_ref idref="fl-4"/>
      </object_component>
      <object_component id="oc-27e">
         <name>.const:$P$T143$72</name>
         <load_address>0x5b08</load_address>
         <run_address>0x5b08</run_address>
         <size>0x18</size>
         <input_file_ref idref="fl-4"/>
      </object_component>
      <object_component id="oc-1be">
         <name>.const:$P$T15$8</name>
         <load_address>0x5b20</load_address>
         <run_address>0x5b20</run_address>
         <size>0x18</size>
         <input_file_ref idref="fl-4"/>
      </object_component>
      <object_component id="oc-281">
         <name>.const:$P$T150$73</name>
         <load_address>0x5b38</load_address>
         <run_address>0x5b38</run_address>
         <size>0x18</size>
         <input_file_ref idref="fl-4"/>
      </object_component>
      <object_component id="oc-284">
         <name>.const:$P$T151$74</name>
         <load_address>0x5b50</load_address>
         <run_address>0x5b50</run_address>
         <size>0x18</size>
         <input_file_ref idref="fl-4"/>
      </object_component>
      <object_component id="oc-287">
         <name>.const:$P$T152$75</name>
         <load_address>0x5b68</load_address>
         <run_address>0x5b68</run_address>
         <size>0x18</size>
         <input_file_ref idref="fl-4"/>
      </object_component>
      <object_component id="oc-28a">
         <name>.const:$P$T153$76</name>
         <load_address>0x5b80</load_address>
         <run_address>0x5b80</run_address>
         <size>0x18</size>
         <input_file_ref idref="fl-4"/>
      </object_component>
      <object_component id="oc-28d">
         <name>.const:$P$T154$77</name>
         <load_address>0x5b98</load_address>
         <run_address>0x5b98</run_address>
         <size>0x18</size>
         <input_file_ref idref="fl-4"/>
      </object_component>
      <object_component id="oc-290">
         <name>.const:$P$T155$78</name>
         <load_address>0x5bb0</load_address>
         <run_address>0x5bb0</run_address>
         <size>0x18</size>
         <input_file_ref idref="fl-4"/>
      </object_component>
      <object_component id="oc-293">
         <name>.const:$P$T162$79</name>
         <load_address>0x5bc8</load_address>
         <run_address>0x5bc8</run_address>
         <size>0x18</size>
         <input_file_ref idref="fl-4"/>
      </object_component>
      <object_component id="oc-296">
         <name>.const:$P$T163$80</name>
         <load_address>0x5be0</load_address>
         <run_address>0x5be0</run_address>
         <size>0x18</size>
         <input_file_ref idref="fl-4"/>
      </object_component>
      <object_component id="oc-299">
         <name>.const:$P$T164$81</name>
         <load_address>0x5bf8</load_address>
         <run_address>0x5bf8</run_address>
         <size>0x18</size>
         <input_file_ref idref="fl-4"/>
      </object_component>
      <object_component id="oc-29c">
         <name>.const:$P$T165$82</name>
         <load_address>0x5c10</load_address>
         <run_address>0x5c10</run_address>
         <size>0x18</size>
         <input_file_ref idref="fl-4"/>
      </object_component>
      <object_component id="oc-29f">
         <name>.const:$P$T166$83</name>
         <load_address>0x5c28</load_address>
         <run_address>0x5c28</run_address>
         <size>0x18</size>
         <input_file_ref idref="fl-4"/>
      </object_component>
      <object_component id="oc-2a2">
         <name>.const:$P$T167$84</name>
         <load_address>0x5c40</load_address>
         <run_address>0x5c40</run_address>
         <size>0x18</size>
         <input_file_ref idref="fl-4"/>
      </object_component>
      <object_component id="oc-2a5">
         <name>.const:$P$T174$85</name>
         <load_address>0x5c58</load_address>
         <run_address>0x5c58</run_address>
         <size>0x18</size>
         <input_file_ref idref="fl-4"/>
      </object_component>
      <object_component id="oc-2a8">
         <name>.const:$P$T175$86</name>
         <load_address>0x5c70</load_address>
         <run_address>0x5c70</run_address>
         <size>0x18</size>
         <input_file_ref idref="fl-4"/>
      </object_component>
      <object_component id="oc-2ab">
         <name>.const:$P$T176$87</name>
         <load_address>0x5c88</load_address>
         <run_address>0x5c88</run_address>
         <size>0x18</size>
         <input_file_ref idref="fl-4"/>
      </object_component>
      <object_component id="oc-2ae">
         <name>.const:$P$T177$88</name>
         <load_address>0x5ca0</load_address>
         <run_address>0x5ca0</run_address>
         <size>0x18</size>
         <input_file_ref idref="fl-4"/>
      </object_component>
      <object_component id="oc-2b1">
         <name>.const:$P$T178$89</name>
         <load_address>0x5cb8</load_address>
         <run_address>0x5cb8</run_address>
         <size>0x18</size>
         <input_file_ref idref="fl-4"/>
      </object_component>
      <object_component id="oc-2b4">
         <name>.const:$P$T179$90</name>
         <load_address>0x5cd0</load_address>
         <run_address>0x5cd0</run_address>
         <size>0x18</size>
         <input_file_ref idref="fl-4"/>
      </object_component>
      <object_component id="oc-1c1">
         <name>.const:$P$T18$9</name>
         <load_address>0x5ce8</load_address>
         <run_address>0x5ce8</run_address>
         <size>0x18</size>
         <input_file_ref idref="fl-4"/>
      </object_component>
      <object_component id="oc-1c4">
         <name>.const:$P$T19$10</name>
         <load_address>0x5d00</load_address>
         <run_address>0x5d00</run_address>
         <size>0x18</size>
         <input_file_ref idref="fl-4"/>
      </object_component>
      <object_component id="oc-1a9">
         <name>.const:$P$T2$1</name>
         <load_address>0x5d18</load_address>
         <run_address>0x5d18</run_address>
         <size>0x18</size>
         <input_file_ref idref="fl-4"/>
      </object_component>
      <object_component id="oc-1c7">
         <name>.const:$P$T22$11</name>
         <load_address>0x5d30</load_address>
         <run_address>0x5d30</run_address>
         <size>0x18</size>
         <input_file_ref idref="fl-4"/>
      </object_component>
      <object_component id="oc-1ca">
         <name>.const:$P$T23$12</name>
         <load_address>0x5d48</load_address>
         <run_address>0x5d48</run_address>
         <size>0x18</size>
         <input_file_ref idref="fl-4"/>
      </object_component>
      <object_component id="oc-1cd">
         <name>.const:$P$T26$13</name>
         <load_address>0x5d60</load_address>
         <run_address>0x5d60</run_address>
         <size>0x18</size>
         <input_file_ref idref="fl-4"/>
      </object_component>
      <object_component id="oc-1d0">
         <name>.const:$P$T27$14</name>
         <load_address>0x5d78</load_address>
         <run_address>0x5d78</run_address>
         <size>0x18</size>
         <input_file_ref idref="fl-4"/>
      </object_component>
      <object_component id="oc-1ac">
         <name>.const:$P$T3$2</name>
         <load_address>0x5d90</load_address>
         <run_address>0x5d90</run_address>
         <size>0x18</size>
         <input_file_ref idref="fl-4"/>
      </object_component>
      <object_component id="oc-1d3">
         <name>.const:$P$T30$15</name>
         <load_address>0x5da8</load_address>
         <run_address>0x5da8</run_address>
         <size>0x18</size>
         <input_file_ref idref="fl-4"/>
      </object_component>
      <object_component id="oc-1d6">
         <name>.const:$P$T31$16</name>
         <load_address>0x5dc0</load_address>
         <run_address>0x5dc0</run_address>
         <size>0x18</size>
         <input_file_ref idref="fl-4"/>
      </object_component>
      <object_component id="oc-1d9">
         <name>.const:$P$T34$17</name>
         <load_address>0x5dd8</load_address>
         <run_address>0x5dd8</run_address>
         <size>0x18</size>
         <input_file_ref idref="fl-4"/>
      </object_component>
      <object_component id="oc-1dc">
         <name>.const:$P$T35$18</name>
         <load_address>0x5df0</load_address>
         <run_address>0x5df0</run_address>
         <size>0x18</size>
         <input_file_ref idref="fl-4"/>
      </object_component>
      <object_component id="oc-1df">
         <name>.const:$P$T38$19</name>
         <load_address>0x5e08</load_address>
         <run_address>0x5e08</run_address>
         <size>0x18</size>
         <input_file_ref idref="fl-4"/>
      </object_component>
      <object_component id="oc-1e2">
         <name>.const:$P$T39$20</name>
         <load_address>0x5e20</load_address>
         <run_address>0x5e20</run_address>
         <size>0x18</size>
         <input_file_ref idref="fl-4"/>
      </object_component>
      <object_component id="oc-1e5">
         <name>.const:$P$T42$21</name>
         <load_address>0x5e38</load_address>
         <run_address>0x5e38</run_address>
         <size>0x18</size>
         <input_file_ref idref="fl-4"/>
      </object_component>
      <object_component id="oc-1e8">
         <name>.const:$P$T43$22</name>
         <load_address>0x5e50</load_address>
         <run_address>0x5e50</run_address>
         <size>0x18</size>
         <input_file_ref idref="fl-4"/>
      </object_component>
      <object_component id="oc-1eb">
         <name>.const:$P$T46$23</name>
         <load_address>0x5e68</load_address>
         <run_address>0x5e68</run_address>
         <size>0x18</size>
         <input_file_ref idref="fl-4"/>
      </object_component>
      <object_component id="oc-1ee">
         <name>.const:$P$T47$24</name>
         <load_address>0x5e80</load_address>
         <run_address>0x5e80</run_address>
         <size>0x18</size>
         <input_file_ref idref="fl-4"/>
      </object_component>
      <object_component id="oc-1f1">
         <name>.const:$P$T50$25</name>
         <load_address>0x5e98</load_address>
         <run_address>0x5e98</run_address>
         <size>0x18</size>
         <input_file_ref idref="fl-4"/>
      </object_component>
      <object_component id="oc-1f4">
         <name>.const:$P$T51$26</name>
         <load_address>0x5eb0</load_address>
         <run_address>0x5eb0</run_address>
         <size>0x18</size>
         <input_file_ref idref="fl-4"/>
      </object_component>
      <object_component id="oc-1f7">
         <name>.const:$P$T54$27</name>
         <load_address>0x5ec8</load_address>
         <run_address>0x5ec8</run_address>
         <size>0x18</size>
         <input_file_ref idref="fl-4"/>
      </object_component>
      <object_component id="oc-1fa">
         <name>.const:$P$T55$28</name>
         <load_address>0x5ee0</load_address>
         <run_address>0x5ee0</run_address>
         <size>0x18</size>
         <input_file_ref idref="fl-4"/>
      </object_component>
      <object_component id="oc-1fd">
         <name>.const:$P$T58$29</name>
         <load_address>0x5ef8</load_address>
         <run_address>0x5ef8</run_address>
         <size>0x18</size>
         <input_file_ref idref="fl-4"/>
      </object_component>
      <object_component id="oc-200">
         <name>.const:$P$T59$30</name>
         <load_address>0x5f10</load_address>
         <run_address>0x5f10</run_address>
         <size>0x18</size>
         <input_file_ref idref="fl-4"/>
      </object_component>
      <object_component id="oc-1af">
         <name>.const:$P$T6$3</name>
         <load_address>0x5f28</load_address>
         <run_address>0x5f28</run_address>
         <size>0x18</size>
         <input_file_ref idref="fl-4"/>
      </object_component>
      <object_component id="oc-203">
         <name>.const:$P$T62$31</name>
         <load_address>0x5f40</load_address>
         <run_address>0x5f40</run_address>
         <size>0x18</size>
         <input_file_ref idref="fl-4"/>
      </object_component>
      <object_component id="oc-206">
         <name>.const:$P$T63$32</name>
         <load_address>0x5f58</load_address>
         <run_address>0x5f58</run_address>
         <size>0x18</size>
         <input_file_ref idref="fl-4"/>
      </object_component>
      <object_component id="oc-209">
         <name>.const:$P$T66$33</name>
         <load_address>0x5f70</load_address>
         <run_address>0x5f70</run_address>
         <size>0x18</size>
         <input_file_ref idref="fl-4"/>
      </object_component>
      <object_component id="oc-20c">
         <name>.const:$P$T67$34</name>
         <load_address>0x5f88</load_address>
         <run_address>0x5f88</run_address>
         <size>0x18</size>
         <input_file_ref idref="fl-4"/>
      </object_component>
      <object_component id="oc-1b2">
         <name>.const:$P$T7$4</name>
         <load_address>0x5fa0</load_address>
         <run_address>0x5fa0</run_address>
         <size>0x18</size>
         <input_file_ref idref="fl-4"/>
      </object_component>
      <object_component id="oc-20f">
         <name>.const:$P$T70$35</name>
         <load_address>0x5fb8</load_address>
         <run_address>0x5fb8</run_address>
         <size>0x18</size>
         <input_file_ref idref="fl-4"/>
      </object_component>
      <object_component id="oc-212">
         <name>.const:$P$T71$36</name>
         <load_address>0x5fd0</load_address>
         <run_address>0x5fd0</run_address>
         <size>0x18</size>
         <input_file_ref idref="fl-4"/>
      </object_component>
      <object_component id="oc-215">
         <name>.const:$P$T78$37</name>
         <load_address>0x5fe8</load_address>
         <run_address>0x5fe8</run_address>
         <size>0x18</size>
         <input_file_ref idref="fl-4"/>
      </object_component>
      <object_component id="oc-218">
         <name>.const:$P$T79$38</name>
         <load_address>0x6000</load_address>
         <run_address>0x6000</run_address>
         <size>0x18</size>
         <input_file_ref idref="fl-4"/>
      </object_component>
      <object_component id="oc-21b">
         <name>.const:$P$T80$39</name>
         <load_address>0x6018</load_address>
         <run_address>0x6018</run_address>
         <size>0x18</size>
         <input_file_ref idref="fl-4"/>
      </object_component>
      <object_component id="oc-21e">
         <name>.const:$P$T81$40</name>
         <load_address>0x6030</load_address>
         <run_address>0x6030</run_address>
         <size>0x18</size>
         <input_file_ref idref="fl-4"/>
      </object_component>
      <object_component id="oc-221">
         <name>.const:$P$T82$41</name>
         <load_address>0x6048</load_address>
         <run_address>0x6048</run_address>
         <size>0x18</size>
         <input_file_ref idref="fl-4"/>
      </object_component>
      <object_component id="oc-224">
         <name>.const:$P$T83$42</name>
         <load_address>0x6060</load_address>
         <run_address>0x6060</run_address>
         <size>0x18</size>
         <input_file_ref idref="fl-4"/>
      </object_component>
      <object_component id="oc-227">
         <name>.const:$P$T90$43</name>
         <load_address>0x6078</load_address>
         <run_address>0x6078</run_address>
         <size>0x18</size>
         <input_file_ref idref="fl-4"/>
      </object_component>
      <object_component id="oc-22a">
         <name>.const:$P$T91$44</name>
         <load_address>0x6090</load_address>
         <run_address>0x6090</run_address>
         <size>0x18</size>
         <input_file_ref idref="fl-4"/>
      </object_component>
      <object_component id="oc-22d">
         <name>.const:$P$T92$45</name>
         <load_address>0x60a8</load_address>
         <run_address>0x60a8</run_address>
         <size>0x18</size>
         <input_file_ref idref="fl-4"/>
      </object_component>
      <object_component id="oc-230">
         <name>.const:$P$T93$46</name>
         <load_address>0x60c0</load_address>
         <run_address>0x60c0</run_address>
         <size>0x18</size>
         <input_file_ref idref="fl-4"/>
      </object_component>
      <object_component id="oc-233">
         <name>.const:$P$T94$47</name>
         <load_address>0x60d8</load_address>
         <run_address>0x60d8</run_address>
         <size>0x18</size>
         <input_file_ref idref="fl-4"/>
      </object_component>
      <object_component id="oc-236">
         <name>.const:$P$T95$48</name>
         <load_address>0x60f0</load_address>
         <run_address>0x60f0</run_address>
         <size>0x18</size>
         <input_file_ref idref="fl-4"/>
      </object_component>
      <object_component id="oc-e7">
         <name>.const:.string:$P$T1$1</name>
         <load_address>0x6108</load_address>
         <run_address>0x6108</run_address>
         <size>0xa</size>
         <input_file_ref idref="fl-8"/>
      </object_component>
      <object_component id="oc-49d">
         <name>__TI_handler_table</name>
         <load_address>0x6118</load_address>
         <run_address>0x6118</run_address>
         <size>0x8</size>
      </object_component>
      <object_component id="oc-49f">
         <name>.cinit..data.load</name>
         <load_address>0x6120</load_address>
         <run_address>0x6120</run_address>
         <size>0x7</size>
      </object_component>
      <object_component id="oc-49e">
         <name>__TI_cinit_table</name>
         <load_address>0x6128</load_address>
         <run_address>0x6128</run_address>
         <size>0x8</size>
      </object_component>
      <object_component id="oc-42a">
         <name>.data</name>
         <load_address>0x20000200</load_address>
         <run_address>0x20000200</run_address>
         <size>0x4</size>
         <input_file_ref idref="fl-db"/>
      </object_component>
      <object_component id="oc-24">
         <name>.stack</name>
         <uninitialized>true</uninitialized>
         <run_address>0x20000000</run_address>
         <size>0x4</size>
         <input_file_ref idref="fl-da"/>
      </object_component>
      <object_component id="oc-4a1">
         <name>.stack</name>
         <uninitialized>true</uninitialized>
         <run_address>0x20000000</run_address>
         <size>0x0</size>
      </object_component>
      <object_component id="oc-d6">
         <name>.debug_info</name>
         <load_address>0x0</load_address>
         <run_address>0x0</run_address>
         <size>0x45f</size>
         <input_file_ref idref="fl-2"/>
      </object_component>
      <object_component id="oc-146">
         <name>.debug_info</name>
         <load_address>0x45f</load_address>
         <run_address>0x45f</run_address>
         <size>0x6c</size>
         <input_file_ref idref="fl-2"/>
      </object_component>
      <object_component id="oc-36">
         <name>.debug_info</name>
         <load_address>0x4cb</load_address>
         <run_address>0x4cb</run_address>
         <size>0x84</size>
         <input_file_ref idref="fl-2"/>
      </object_component>
      <object_component id="oc-eb">
         <name>.debug_info</name>
         <load_address>0x54f</load_address>
         <run_address>0x54f</run_address>
         <size>0xae</size>
         <input_file_ref idref="fl-2"/>
      </object_component>
      <object_component id="oc-b2">
         <name>.debug_info</name>
         <load_address>0x5fd</load_address>
         <run_address>0x5fd</run_address>
         <size>0x427</size>
         <input_file_ref idref="fl-3"/>
      </object_component>
      <object_component id="oc-dc">
         <name>.debug_info</name>
         <load_address>0xa24</load_address>
         <run_address>0xa24</run_address>
         <size>0x1164</size>
         <input_file_ref idref="fl-3"/>
      </object_component>
      <object_component id="oc-f1">
         <name>.debug_info</name>
         <load_address>0x1b88</load_address>
         <run_address>0x1b88</run_address>
         <size>0x51</size>
         <input_file_ref idref="fl-3"/>
      </object_component>
      <object_component id="oc-70">
         <name>.debug_info</name>
         <load_address>0x1bd9</load_address>
         <run_address>0x1bd9</run_address>
         <size>0x26b</size>
         <input_file_ref idref="fl-3"/>
      </object_component>
      <object_component id="oc-ad">
         <name>.debug_info</name>
         <load_address>0x1e44</load_address>
         <run_address>0x1e44</run_address>
         <size>0x2a4</size>
         <input_file_ref idref="fl-3"/>
      </object_component>
      <object_component id="oc-ba">
         <name>.debug_info</name>
         <load_address>0x20e8</load_address>
         <run_address>0x20e8</run_address>
         <size>0x2c</size>
         <input_file_ref idref="fl-3"/>
      </object_component>
      <object_component id="oc-136">
         <name>.debug_info</name>
         <load_address>0x2114</load_address>
         <run_address>0x2114</run_address>
         <size>0x35</size>
         <input_file_ref idref="fl-3"/>
      </object_component>
      <object_component id="oc-2b8">
         <name>.debug_info</name>
         <load_address>0x2149</load_address>
         <run_address>0x2149</run_address>
         <size>0x3b6</size>
         <input_file_ref idref="fl-4"/>
      </object_component>
      <object_component id="oc-1aa">
         <name>.debug_info</name>
         <load_address>0x24ff</load_address>
         <run_address>0x24ff</run_address>
         <size>0xd9</size>
         <input_file_ref idref="fl-4"/>
      </object_component>
      <object_component id="oc-1ad">
         <name>.debug_info</name>
         <load_address>0x25d8</load_address>
         <run_address>0x25d8</run_address>
         <size>0xd9</size>
         <input_file_ref idref="fl-4"/>
      </object_component>
      <object_component id="oc-1b0">
         <name>.debug_info</name>
         <load_address>0x26b1</load_address>
         <run_address>0x26b1</run_address>
         <size>0xd9</size>
         <input_file_ref idref="fl-4"/>
      </object_component>
      <object_component id="oc-1b3">
         <name>.debug_info</name>
         <load_address>0x278a</load_address>
         <run_address>0x278a</run_address>
         <size>0xd9</size>
         <input_file_ref idref="fl-4"/>
      </object_component>
      <object_component id="oc-1b6">
         <name>.debug_info</name>
         <load_address>0x2863</load_address>
         <run_address>0x2863</run_address>
         <size>0xdb</size>
         <input_file_ref idref="fl-4"/>
      </object_component>
      <object_component id="oc-1b9">
         <name>.debug_info</name>
         <load_address>0x293e</load_address>
         <run_address>0x293e</run_address>
         <size>0xdb</size>
         <input_file_ref idref="fl-4"/>
      </object_component>
      <object_component id="oc-1bc">
         <name>.debug_info</name>
         <load_address>0x2a19</load_address>
         <run_address>0x2a19</run_address>
         <size>0xdb</size>
         <input_file_ref idref="fl-4"/>
      </object_component>
      <object_component id="oc-1bf">
         <name>.debug_info</name>
         <load_address>0x2af4</load_address>
         <run_address>0x2af4</run_address>
         <size>0xdb</size>
         <input_file_ref idref="fl-4"/>
      </object_component>
      <object_component id="oc-1c2">
         <name>.debug_info</name>
         <load_address>0x2bcf</load_address>
         <run_address>0x2bcf</run_address>
         <size>0xdb</size>
         <input_file_ref idref="fl-4"/>
      </object_component>
      <object_component id="oc-1c5">
         <name>.debug_info</name>
         <load_address>0x2caa</load_address>
         <run_address>0x2caa</run_address>
         <size>0xdd</size>
         <input_file_ref idref="fl-4"/>
      </object_component>
      <object_component id="oc-1c8">
         <name>.debug_info</name>
         <load_address>0x2d87</load_address>
         <run_address>0x2d87</run_address>
         <size>0xdd</size>
         <input_file_ref idref="fl-4"/>
      </object_component>
      <object_component id="oc-1cb">
         <name>.debug_info</name>
         <load_address>0x2e64</load_address>
         <run_address>0x2e64</run_address>
         <size>0xdd</size>
         <input_file_ref idref="fl-4"/>
      </object_component>
      <object_component id="oc-1ce">
         <name>.debug_info</name>
         <load_address>0x2f41</load_address>
         <run_address>0x2f41</run_address>
         <size>0xdd</size>
         <input_file_ref idref="fl-4"/>
      </object_component>
      <object_component id="oc-1d1">
         <name>.debug_info</name>
         <load_address>0x301e</load_address>
         <run_address>0x301e</run_address>
         <size>0xdd</size>
         <input_file_ref idref="fl-4"/>
      </object_component>
      <object_component id="oc-1d4">
         <name>.debug_info</name>
         <load_address>0x30fb</load_address>
         <run_address>0x30fb</run_address>
         <size>0xdd</size>
         <input_file_ref idref="fl-4"/>
      </object_component>
      <object_component id="oc-1d7">
         <name>.debug_info</name>
         <load_address>0x31d8</load_address>
         <run_address>0x31d8</run_address>
         <size>0xdd</size>
         <input_file_ref idref="fl-4"/>
      </object_component>
      <object_component id="oc-1da">
         <name>.debug_info</name>
         <load_address>0x32b5</load_address>
         <run_address>0x32b5</run_address>
         <size>0xdd</size>
         <input_file_ref idref="fl-4"/>
      </object_component>
      <object_component id="oc-1dd">
         <name>.debug_info</name>
         <load_address>0x3392</load_address>
         <run_address>0x3392</run_address>
         <size>0xdd</size>
         <input_file_ref idref="fl-4"/>
      </object_component>
      <object_component id="oc-1e0">
         <name>.debug_info</name>
         <load_address>0x346f</load_address>
         <run_address>0x346f</run_address>
         <size>0xdd</size>
         <input_file_ref idref="fl-4"/>
      </object_component>
      <object_component id="oc-1e3">
         <name>.debug_info</name>
         <load_address>0x354c</load_address>
         <run_address>0x354c</run_address>
         <size>0xdd</size>
         <input_file_ref idref="fl-4"/>
      </object_component>
      <object_component id="oc-1e6">
         <name>.debug_info</name>
         <load_address>0x3629</load_address>
         <run_address>0x3629</run_address>
         <size>0xdd</size>
         <input_file_ref idref="fl-4"/>
      </object_component>
      <object_component id="oc-1e9">
         <name>.debug_info</name>
         <load_address>0x3706</load_address>
         <run_address>0x3706</run_address>
         <size>0xdd</size>
         <input_file_ref idref="fl-4"/>
      </object_component>
      <object_component id="oc-1ec">
         <name>.debug_info</name>
         <load_address>0x37e3</load_address>
         <run_address>0x37e3</run_address>
         <size>0xdd</size>
         <input_file_ref idref="fl-4"/>
      </object_component>
      <object_component id="oc-1ef">
         <name>.debug_info</name>
         <load_address>0x38c0</load_address>
         <run_address>0x38c0</run_address>
         <size>0xdd</size>
         <input_file_ref idref="fl-4"/>
      </object_component>
      <object_component id="oc-1f2">
         <name>.debug_info</name>
         <load_address>0x399d</load_address>
         <run_address>0x399d</run_address>
         <size>0xdd</size>
         <input_file_ref idref="fl-4"/>
      </object_component>
      <object_component id="oc-1f5">
         <name>.debug_info</name>
         <load_address>0x3a7a</load_address>
         <run_address>0x3a7a</run_address>
         <size>0xdd</size>
         <input_file_ref idref="fl-4"/>
      </object_component>
      <object_component id="oc-1f8">
         <name>.debug_info</name>
         <load_address>0x3b57</load_address>
         <run_address>0x3b57</run_address>
         <size>0xdd</size>
         <input_file_ref idref="fl-4"/>
      </object_component>
      <object_component id="oc-1fb">
         <name>.debug_info</name>
         <load_address>0x3c34</load_address>
         <run_address>0x3c34</run_address>
         <size>0xdd</size>
         <input_file_ref idref="fl-4"/>
      </object_component>
      <object_component id="oc-1fe">
         <name>.debug_info</name>
         <load_address>0x3d11</load_address>
         <run_address>0x3d11</run_address>
         <size>0xdd</size>
         <input_file_ref idref="fl-4"/>
      </object_component>
      <object_component id="oc-201">
         <name>.debug_info</name>
         <load_address>0x3dee</load_address>
         <run_address>0x3dee</run_address>
         <size>0xdd</size>
         <input_file_ref idref="fl-4"/>
      </object_component>
      <object_component id="oc-204">
         <name>.debug_info</name>
         <load_address>0x3ecb</load_address>
         <run_address>0x3ecb</run_address>
         <size>0xdd</size>
         <input_file_ref idref="fl-4"/>
      </object_component>
      <object_component id="oc-207">
         <name>.debug_info</name>
         <load_address>0x3fa8</load_address>
         <run_address>0x3fa8</run_address>
         <size>0xdd</size>
         <input_file_ref idref="fl-4"/>
      </object_component>
      <object_component id="oc-20a">
         <name>.debug_info</name>
         <load_address>0x4085</load_address>
         <run_address>0x4085</run_address>
         <size>0xdd</size>
         <input_file_ref idref="fl-4"/>
      </object_component>
      <object_component id="oc-20d">
         <name>.debug_info</name>
         <load_address>0x4162</load_address>
         <run_address>0x4162</run_address>
         <size>0xdd</size>
         <input_file_ref idref="fl-4"/>
      </object_component>
      <object_component id="oc-210">
         <name>.debug_info</name>
         <load_address>0x423f</load_address>
         <run_address>0x423f</run_address>
         <size>0xdd</size>
         <input_file_ref idref="fl-4"/>
      </object_component>
      <object_component id="oc-213">
         <name>.debug_info</name>
         <load_address>0x431c</load_address>
         <run_address>0x431c</run_address>
         <size>0xdd</size>
         <input_file_ref idref="fl-4"/>
      </object_component>
      <object_component id="oc-216">
         <name>.debug_info</name>
         <load_address>0x43f9</load_address>
         <run_address>0x43f9</run_address>
         <size>0xde</size>
         <input_file_ref idref="fl-4"/>
      </object_component>
      <object_component id="oc-219">
         <name>.debug_info</name>
         <load_address>0x44d7</load_address>
         <run_address>0x44d7</run_address>
         <size>0xde</size>
         <input_file_ref idref="fl-4"/>
      </object_component>
      <object_component id="oc-21c">
         <name>.debug_info</name>
         <load_address>0x45b5</load_address>
         <run_address>0x45b5</run_address>
         <size>0xde</size>
         <input_file_ref idref="fl-4"/>
      </object_component>
      <object_component id="oc-21f">
         <name>.debug_info</name>
         <load_address>0x4693</load_address>
         <run_address>0x4693</run_address>
         <size>0xde</size>
         <input_file_ref idref="fl-4"/>
      </object_component>
      <object_component id="oc-222">
         <name>.debug_info</name>
         <load_address>0x4771</load_address>
         <run_address>0x4771</run_address>
         <size>0xde</size>
         <input_file_ref idref="fl-4"/>
      </object_component>
      <object_component id="oc-225">
         <name>.debug_info</name>
         <load_address>0x484f</load_address>
         <run_address>0x484f</run_address>
         <size>0xde</size>
         <input_file_ref idref="fl-4"/>
      </object_component>
      <object_component id="oc-228">
         <name>.debug_info</name>
         <load_address>0x492d</load_address>
         <run_address>0x492d</run_address>
         <size>0xde</size>
         <input_file_ref idref="fl-4"/>
      </object_component>
      <object_component id="oc-22b">
         <name>.debug_info</name>
         <load_address>0x4a0b</load_address>
         <run_address>0x4a0b</run_address>
         <size>0xde</size>
         <input_file_ref idref="fl-4"/>
      </object_component>
      <object_component id="oc-22e">
         <name>.debug_info</name>
         <load_address>0x4ae9</load_address>
         <run_address>0x4ae9</run_address>
         <size>0xde</size>
         <input_file_ref idref="fl-4"/>
      </object_component>
      <object_component id="oc-231">
         <name>.debug_info</name>
         <load_address>0x4bc7</load_address>
         <run_address>0x4bc7</run_address>
         <size>0xde</size>
         <input_file_ref idref="fl-4"/>
      </object_component>
      <object_component id="oc-234">
         <name>.debug_info</name>
         <load_address>0x4ca5</load_address>
         <run_address>0x4ca5</run_address>
         <size>0xde</size>
         <input_file_ref idref="fl-4"/>
      </object_component>
      <object_component id="oc-237">
         <name>.debug_info</name>
         <load_address>0x4d83</load_address>
         <run_address>0x4d83</run_address>
         <size>0xde</size>
         <input_file_ref idref="fl-4"/>
      </object_component>
      <object_component id="oc-23a">
         <name>.debug_info</name>
         <load_address>0x4e61</load_address>
         <run_address>0x4e61</run_address>
         <size>0xe0</size>
         <input_file_ref idref="fl-4"/>
      </object_component>
      <object_component id="oc-23d">
         <name>.debug_info</name>
         <load_address>0x4f41</load_address>
         <run_address>0x4f41</run_address>
         <size>0xe0</size>
         <input_file_ref idref="fl-4"/>
      </object_component>
      <object_component id="oc-240">
         <name>.debug_info</name>
         <load_address>0x5021</load_address>
         <run_address>0x5021</run_address>
         <size>0xe0</size>
         <input_file_ref idref="fl-4"/>
      </object_component>
      <object_component id="oc-243">
         <name>.debug_info</name>
         <load_address>0x5101</load_address>
         <run_address>0x5101</run_address>
         <size>0xe0</size>
         <input_file_ref idref="fl-4"/>
      </object_component>
      <object_component id="oc-246">
         <name>.debug_info</name>
         <load_address>0x51e1</load_address>
         <run_address>0x51e1</run_address>
         <size>0xe0</size>
         <input_file_ref idref="fl-4"/>
      </object_component>
      <object_component id="oc-249">
         <name>.debug_info</name>
         <load_address>0x52c1</load_address>
         <run_address>0x52c1</run_address>
         <size>0xe0</size>
         <input_file_ref idref="fl-4"/>
      </object_component>
      <object_component id="oc-24c">
         <name>.debug_info</name>
         <load_address>0x53a1</load_address>
         <run_address>0x53a1</run_address>
         <size>0xe0</size>
         <input_file_ref idref="fl-4"/>
      </object_component>
      <object_component id="oc-24f">
         <name>.debug_info</name>
         <load_address>0x5481</load_address>
         <run_address>0x5481</run_address>
         <size>0xe0</size>
         <input_file_ref idref="fl-4"/>
      </object_component>
      <object_component id="oc-252">
         <name>.debug_info</name>
         <load_address>0x5561</load_address>
         <run_address>0x5561</run_address>
         <size>0xe0</size>
         <input_file_ref idref="fl-4"/>
      </object_component>
      <object_component id="oc-255">
         <name>.debug_info</name>
         <load_address>0x5641</load_address>
         <run_address>0x5641</run_address>
         <size>0xe0</size>
         <input_file_ref idref="fl-4"/>
      </object_component>
      <object_component id="oc-258">
         <name>.debug_info</name>
         <load_address>0x5721</load_address>
         <run_address>0x5721</run_address>
         <size>0xe0</size>
         <input_file_ref idref="fl-4"/>
      </object_component>
      <object_component id="oc-25b">
         <name>.debug_info</name>
         <load_address>0x5801</load_address>
         <run_address>0x5801</run_address>
         <size>0xe0</size>
         <input_file_ref idref="fl-4"/>
      </object_component>
      <object_component id="oc-25e">
         <name>.debug_info</name>
         <load_address>0x58e1</load_address>
         <run_address>0x58e1</run_address>
         <size>0xe0</size>
         <input_file_ref idref="fl-4"/>
      </object_component>
      <object_component id="oc-261">
         <name>.debug_info</name>
         <load_address>0x59c1</load_address>
         <run_address>0x59c1</run_address>
         <size>0xe0</size>
         <input_file_ref idref="fl-4"/>
      </object_component>
      <object_component id="oc-264">
         <name>.debug_info</name>
         <load_address>0x5aa1</load_address>
         <run_address>0x5aa1</run_address>
         <size>0xe0</size>
         <input_file_ref idref="fl-4"/>
      </object_component>
      <object_component id="oc-267">
         <name>.debug_info</name>
         <load_address>0x5b81</load_address>
         <run_address>0x5b81</run_address>
         <size>0xe0</size>
         <input_file_ref idref="fl-4"/>
      </object_component>
      <object_component id="oc-26a">
         <name>.debug_info</name>
         <load_address>0x5c61</load_address>
         <run_address>0x5c61</run_address>
         <size>0xe0</size>
         <input_file_ref idref="fl-4"/>
      </object_component>
      <object_component id="oc-26d">
         <name>.debug_info</name>
         <load_address>0x5d41</load_address>
         <run_address>0x5d41</run_address>
         <size>0xe0</size>
         <input_file_ref idref="fl-4"/>
      </object_component>
      <object_component id="oc-270">
         <name>.debug_info</name>
         <load_address>0x5e21</load_address>
         <run_address>0x5e21</run_address>
         <size>0xe0</size>
         <input_file_ref idref="fl-4"/>
      </object_component>
      <object_component id="oc-273">
         <name>.debug_info</name>
         <load_address>0x5f01</load_address>
         <run_address>0x5f01</run_address>
         <size>0xe0</size>
         <input_file_ref idref="fl-4"/>
      </object_component>
      <object_component id="oc-276">
         <name>.debug_info</name>
         <load_address>0x5fe1</load_address>
         <run_address>0x5fe1</run_address>
         <size>0xe0</size>
         <input_file_ref idref="fl-4"/>
      </object_component>
      <object_component id="oc-279">
         <name>.debug_info</name>
         <load_address>0x60c1</load_address>
         <run_address>0x60c1</run_address>
         <size>0xe0</size>
         <input_file_ref idref="fl-4"/>
      </object_component>
      <object_component id="oc-27c">
         <name>.debug_info</name>
         <load_address>0x61a1</load_address>
         <run_address>0x61a1</run_address>
         <size>0xe0</size>
         <input_file_ref idref="fl-4"/>
      </object_component>
      <object_component id="oc-27f">
         <name>.debug_info</name>
         <load_address>0x6281</load_address>
         <run_address>0x6281</run_address>
         <size>0xe0</size>
         <input_file_ref idref="fl-4"/>
      </object_component>
      <object_component id="oc-282">
         <name>.debug_info</name>
         <load_address>0x6361</load_address>
         <run_address>0x6361</run_address>
         <size>0xe0</size>
         <input_file_ref idref="fl-4"/>
      </object_component>
      <object_component id="oc-285">
         <name>.debug_info</name>
         <load_address>0x6441</load_address>
         <run_address>0x6441</run_address>
         <size>0xe0</size>
         <input_file_ref idref="fl-4"/>
      </object_component>
      <object_component id="oc-288">
         <name>.debug_info</name>
         <load_address>0x6521</load_address>
         <run_address>0x6521</run_address>
         <size>0xe0</size>
         <input_file_ref idref="fl-4"/>
      </object_component>
      <object_component id="oc-28b">
         <name>.debug_info</name>
         <load_address>0x6601</load_address>
         <run_address>0x6601</run_address>
         <size>0xe0</size>
         <input_file_ref idref="fl-4"/>
      </object_component>
      <object_component id="oc-28e">
         <name>.debug_info</name>
         <load_address>0x66e1</load_address>
         <run_address>0x66e1</run_address>
         <size>0xe0</size>
         <input_file_ref idref="fl-4"/>
      </object_component>
      <object_component id="oc-291">
         <name>.debug_info</name>
         <load_address>0x67c1</load_address>
         <run_address>0x67c1</run_address>
         <size>0xe0</size>
         <input_file_ref idref="fl-4"/>
      </object_component>
      <object_component id="oc-294">
         <name>.debug_info</name>
         <load_address>0x68a1</load_address>
         <run_address>0x68a1</run_address>
         <size>0xe0</size>
         <input_file_ref idref="fl-4"/>
      </object_component>
      <object_component id="oc-297">
         <name>.debug_info</name>
         <load_address>0x6981</load_address>
         <run_address>0x6981</run_address>
         <size>0xe0</size>
         <input_file_ref idref="fl-4"/>
      </object_component>
      <object_component id="oc-29a">
         <name>.debug_info</name>
         <load_address>0x6a61</load_address>
         <run_address>0x6a61</run_address>
         <size>0xe0</size>
         <input_file_ref idref="fl-4"/>
      </object_component>
      <object_component id="oc-29d">
         <name>.debug_info</name>
         <load_address>0x6b41</load_address>
         <run_address>0x6b41</run_address>
         <size>0xe0</size>
         <input_file_ref idref="fl-4"/>
      </object_component>
      <object_component id="oc-2a0">
         <name>.debug_info</name>
         <load_address>0x6c21</load_address>
         <run_address>0x6c21</run_address>
         <size>0xe0</size>
         <input_file_ref idref="fl-4"/>
      </object_component>
      <object_component id="oc-2a3">
         <name>.debug_info</name>
         <load_address>0x6d01</load_address>
         <run_address>0x6d01</run_address>
         <size>0xe0</size>
         <input_file_ref idref="fl-4"/>
      </object_component>
      <object_component id="oc-2a6">
         <name>.debug_info</name>
         <load_address>0x6de1</load_address>
         <run_address>0x6de1</run_address>
         <size>0xe0</size>
         <input_file_ref idref="fl-4"/>
      </object_component>
      <object_component id="oc-2a9">
         <name>.debug_info</name>
         <load_address>0x6ec1</load_address>
         <run_address>0x6ec1</run_address>
         <size>0xe0</size>
         <input_file_ref idref="fl-4"/>
      </object_component>
      <object_component id="oc-2ac">
         <name>.debug_info</name>
         <load_address>0x6fa1</load_address>
         <run_address>0x6fa1</run_address>
         <size>0xe0</size>
         <input_file_ref idref="fl-4"/>
      </object_component>
      <object_component id="oc-2af">
         <name>.debug_info</name>
         <load_address>0x7081</load_address>
         <run_address>0x7081</run_address>
         <size>0xe0</size>
         <input_file_ref idref="fl-4"/>
      </object_component>
      <object_component id="oc-2b2">
         <name>.debug_info</name>
         <load_address>0x7161</load_address>
         <run_address>0x7161</run_address>
         <size>0xe0</size>
         <input_file_ref idref="fl-4"/>
      </object_component>
      <object_component id="oc-2b5">
         <name>.debug_info</name>
         <load_address>0x7241</load_address>
         <run_address>0x7241</run_address>
         <size>0xe0</size>
         <input_file_ref idref="fl-4"/>
      </object_component>
      <object_component id="oc-e2">
         <name>.debug_info</name>
         <load_address>0x7321</load_address>
         <run_address>0x7321</run_address>
         <size>0x24ac</size>
         <input_file_ref idref="fl-4"/>
      </object_component>
      <object_component id="oc-2b9">
         <name>.debug_info</name>
         <load_address>0x97cd</load_address>
         <run_address>0x97cd</run_address>
         <size>0x8c</size>
         <input_file_ref idref="fl-4"/>
      </object_component>
      <object_component id="oc-13c">
         <name>.debug_info</name>
         <load_address>0x9859</load_address>
         <run_address>0x9859</run_address>
         <size>0x2ad</size>
         <input_file_ref idref="fl-5"/>
      </object_component>
      <object_component id="oc-c7">
         <name>.debug_info</name>
         <load_address>0x9b06</load_address>
         <run_address>0x9b06</run_address>
         <size>0x48c</size>
         <input_file_ref idref="fl-5"/>
      </object_component>
      <object_component id="oc-d1">
         <name>.debug_info</name>
         <load_address>0x9f92</load_address>
         <run_address>0x9f92</run_address>
         <size>0x27e</size>
         <input_file_ref idref="fl-6"/>
      </object_component>
      <object_component id="oc-143">
         <name>.debug_info</name>
         <load_address>0xa210</load_address>
         <run_address>0xa210</run_address>
         <size>0x272</size>
         <input_file_ref idref="fl-7"/>
      </object_component>
      <object_component id="oc-ca">
         <name>.debug_info</name>
         <load_address>0xa482</load_address>
         <run_address>0xa482</run_address>
         <size>0x88f</size>
         <input_file_ref idref="fl-7"/>
      </object_component>
      <object_component id="oc-f0">
         <name>.debug_info</name>
         <load_address>0xad11</load_address>
         <run_address>0xad11</run_address>
         <size>0x6f5</size>
         <input_file_ref idref="fl-8"/>
      </object_component>
      <object_component id="oc-e8">
         <name>.debug_info</name>
         <load_address>0xb406</load_address>
         <run_address>0xb406</run_address>
         <size>0xd7</size>
         <input_file_ref idref="fl-8"/>
      </object_component>
      <object_component id="oc-9f">
         <name>.debug_info</name>
         <load_address>0xb4dd</load_address>
         <run_address>0xb4dd</run_address>
         <size>0x581</size>
         <input_file_ref idref="fl-8"/>
      </object_component>
      <object_component id="oc-2f">
         <name>.debug_info</name>
         <load_address>0xba5e</load_address>
         <run_address>0xba5e</run_address>
         <size>0x2b7</size>
         <input_file_ref idref="fl-9"/>
      </object_component>
      <object_component id="oc-13">
         <name>.debug_info</name>
         <load_address>0xbd15</load_address>
         <run_address>0xbd15</run_address>
         <size>0xf6</size>
         <input_file_ref idref="fl-9"/>
      </object_component>
      <object_component id="oc-2a">
         <name>.debug_info</name>
         <load_address>0xbe0b</load_address>
         <run_address>0xbe0b</run_address>
         <size>0x272</size>
         <input_file_ref idref="fl-9"/>
      </object_component>
      <object_component id="oc-75">
         <name>.debug_info</name>
         <load_address>0xc07d</load_address>
         <run_address>0xc07d</run_address>
         <size>0xbb</size>
         <input_file_ref idref="fl-9"/>
      </object_component>
      <object_component id="oc-320">
         <name>.debug_info</name>
         <load_address>0xc138</load_address>
         <run_address>0xc138</run_address>
         <size>0x2a9</size>
         <input_file_ref idref="fl-c3"/>
      </object_component>
      <object_component id="oc-177">
         <name>.debug_info</name>
         <load_address>0xc3e1</load_address>
         <run_address>0xc3e1</run_address>
         <size>0x247</size>
         <input_file_ref idref="fl-c3"/>
      </object_component>
      <object_component id="oc-423">
         <name>.debug_info</name>
         <load_address>0xc628</load_address>
         <run_address>0xc628</run_address>
         <size>0x46</size>
         <input_file_ref idref="fl-c3"/>
      </object_component>
      <object_component id="oc-30a">
         <name>.debug_info</name>
         <load_address>0xc66e</load_address>
         <run_address>0xc66e</run_address>
         <size>0x39</size>
         <input_file_ref idref="fl-c3"/>
      </object_component>
      <object_component id="oc-318">
         <name>.debug_info</name>
         <load_address>0xc6a7</load_address>
         <run_address>0xc6a7</run_address>
         <size>0x2c5</size>
         <input_file_ref idref="fl-c4"/>
      </object_component>
      <object_component id="oc-173">
         <name>.debug_info</name>
         <load_address>0xc96c</load_address>
         <run_address>0xc96c</run_address>
         <size>0x24e</size>
         <input_file_ref idref="fl-c4"/>
      </object_component>
      <object_component id="oc-46b">
         <name>.debug_info</name>
         <load_address>0xcbba</load_address>
         <run_address>0xcbba</run_address>
         <size>0x2f2</size>
         <input_file_ref idref="fl-c5"/>
      </object_component>
      <object_component id="oc-432">
         <name>.debug_info</name>
         <load_address>0xceac</load_address>
         <run_address>0xceac</run_address>
         <size>0x131</size>
         <input_file_ref idref="fl-c5"/>
      </object_component>
      <object_component id="oc-31c">
         <name>.debug_info</name>
         <load_address>0xcfdd</load_address>
         <run_address>0xcfdd</run_address>
         <size>0x4ac</size>
         <input_file_ref idref="fl-c5"/>
      </object_component>
      <object_component id="oc-310">
         <name>.debug_info</name>
         <load_address>0xd489</load_address>
         <run_address>0xd489</run_address>
         <size>0x361</size>
         <input_file_ref idref="fl-c6"/>
      </object_component>
      <object_component id="oc-16b">
         <name>.debug_info</name>
         <load_address>0xd7ea</load_address>
         <run_address>0xd7ea</run_address>
         <size>0x79b</size>
         <input_file_ref idref="fl-c6"/>
      </object_component>
      <object_component id="oc-309">
         <name>.debug_info</name>
         <load_address>0xdf85</load_address>
         <run_address>0xdf85</run_address>
         <size>0x361</size>
         <input_file_ref idref="fl-c7"/>
      </object_component>
      <object_component id="oc-165">
         <name>.debug_info</name>
         <load_address>0xe2e6</load_address>
         <run_address>0xe2e6</run_address>
         <size>0x7ae</size>
         <input_file_ref idref="fl-c7"/>
      </object_component>
      <object_component id="oc-15c">
         <name>.debug_info</name>
         <load_address>0xea94</load_address>
         <run_address>0xea94</run_address>
         <size>0x14c</size>
         <input_file_ref idref="fl-c8"/>
      </object_component>
      <object_component id="oc-184">
         <name>.debug_info</name>
         <load_address>0xebe0</load_address>
         <run_address>0xebe0</run_address>
         <size>0x128</size>
         <input_file_ref idref="fl-c9"/>
      </object_component>
      <object_component id="oc-1a7">
         <name>.debug_info</name>
         <load_address>0xed08</load_address>
[...]
            <load_size>0x7</load_size>
            <run_address>0x20000200</run_address>
            <run_size>0x4</run_size>
            <compression>lzss</compression>
         </cprec>
      </cptbl>
   </cptbl_list>
   <handler_table>
      <handler_table_name>__TI_handler_table</handler_table_name>
      <handler>
         <index>0x0</index>
         <name>__TI_decompress_lzss</name>
      </handler>
      <handler>
         <index>0x1</index>
         <name>__TI_decompress_none</name>
      </handler>
   </handler_table>
   <symbol_table>
      <symbol id="sm-1">
         <name>__STACK_TOP</name>
         <value>0x20000200</value>
      </symbol>
      <symbol id="sm-2">
         <name>__start___llvm_prf_cnts</name>
         <value>0x20000000</value>
      </symbol>
      <symbol id="sm-3">
         <name>__stop___llvm_prf_cnts</name>
         <value>0x20000000</value>
      </symbol>
      <symbol id="sm-4">
         <name>__TI_CINIT_Base</name>
         <value>0x6128</value>
      </symbol>
      <symbol id="sm-5">
         <name>__TI_CINIT_Limit</name>
         <value>0x6130</value>
      </symbol>
      <symbol id="sm-6">
         <name>__TI_Handler_Table_Base</name>
         <value>0x6118</value>
      </symbol>
      <symbol id="sm-7">
         <name>__TI_Handler_Table_Limit</name>
         <value>0x6120</value>
      </symbol>
      <symbol id="sm-8">
         <name>binit</name>
         <value>0xffffffff</value>
      </symbol>
      <symbol id="sm-9">
         <name>__binit__</name>
         <value>0xffffffff</value>
      </symbol>
      <symbol id="sm-a">
         <name>__STACK_SIZE</name>
         <value>0x200</value>
      </symbol>
      <symbol id="sm-b">
         <name>__STACK_END</name>
         <value>0x20000200</value>
      </symbol>
      <symbol id="sm-c">
         <name>__c_args__</name>
         <value>0xffffffff</value>
      </symbol>
      <symbol id="sm-d">
         <name>__TI_pprof_out_hndl</name>
         <value>0xffffffff</value>
      </symbol>
      <symbol id="sm-e">
         <name>__TI_prof_data_start</name>
         <value>0xffffffff</value>
      </symbol>
      <symbol id="sm-f">
         <name>__TI_prof_data_size</name>
         <value>0xffffffff</value>
      </symbol>
      <symbol id="sm-79">
         <name>GPIO_PORT_Init</name>
         <value>0x3a7f</value>
         <object_component_ref idref="oc-d5"/>
      </symbol>
      <symbol id="sm-7a">
         <name>LED_Off</name>
         <value>0x3c79</value>
         <object_component_ref idref="oc-d5"/>
      </symbol>
      <symbol id="sm-7b">
         <name>GPS_GPIO_Init</name>
         <value>0x3b8b</value>
         <object_component_ref idref="oc-d5"/>
      </symbol>
      <symbol id="sm-7c">
         <name>GPIO_PORTF_Init</name>
         <value>0x3c21</value>
         <object_component_ref idref="oc-d5"/>
      </symbol>
      <symbol id="sm-7d">
         <name>BUZZ_Off</name>
         <value>0x3c91</value>
         <object_component_ref idref="oc-d5"/>
      </symbol>
      <symbol id="sm-7e">
         <name>Button_Pressed</name>
         <value>0x3c9d</value>
         <object_component_ref idref="oc-d5"/>
      </symbol>
      <symbol id="sm-7f">
         <name>GPIO_Init</name>
         <value>0x3a5d</value>
         <object_component_ref idref="oc-d5"/>
      </symbol>
      <symbol id="sm-80">
         <name>LED_On</name>
         <value>0x3c6d</value>
         <object_component_ref idref="oc-d5"/>
      </symbol>
      <symbol id="sm-81">
         <name>Button_GPIO_Init</name>
         <value>0x3bd3</value>
         <object_component_ref idref="oc-d5"/>
      </symbol>
      <symbol id="sm-82">
         <name>BUZZ_On</name>
         <value>0x3c85</value>
         <object_component_ref idref="oc-d5"/>
      </symbol>
      <symbol id="sm-e5">
         <name>stof</name>
         <value>0x2945</value>
         <object_component_ref idref="oc-db"/>
      </symbol>
      <symbol id="sm-e6">
         <name>GPS_readNMEASentence</name>
         <value>0x2647</value>
         <object_component_ref idref="oc-db"/>
      </symbol>
      <symbol id="sm-e7">
         <name>GPS_degreesToRadians</name>
         <value>0x2467</value>
         <object_component_ref idref="oc-db"/>
      </symbol>
      <symbol id="sm-e8">
         <name>customStrtok_r</name>
         <value>0x2a0b</value>
         <object_component_ref idref="oc-db"/>
      </symbol>
      <symbol id="sm-e9">
         <name>GPS_getDistance_angleInDegrees</name>
         <value>0x2489</value>
         <object_component_ref idref="oc-db"/>
      </symbol>
      <symbol id="sm-ea">
         <name>GPS_getCurrentLocationWithTimeout</name>
         <value>0x2857</value>
         <object_component_ref idref="oc-db"/>
      </symbol>
      <symbol id="sm-eb">
         <name>GPS_ConvertToDecimalDegrees</name>
         <value>0x2401</value>
         <object_component_ref idref="oc-db"/>
      </symbol>
      <symbol id="sm-ec">
         <name>GPS_getCurrentLocation</name>
         <value>0x26e5</value>
         <object_component_ref idref="oc-db"/>
      </symbol>
      <symbol id="sm-ed">
         <name>GPS_isWithinRadius</name>
         <value>0x28b9</value>
         <object_component_ref idref="oc-db"/>
      </symbol>
      <symbol id="sm-4a5">
         <name>isCredit</name>
         <value>0x14c1</value>
         <object_component_ref idref="oc-e1"/>
      </symbol>
      <symbol id="sm-4a6">
         <name>isMosque</name>
         <value>0x1945</value>
         <object_component_ref idref="oc-e1"/>
      </symbol>
      <symbol id="sm-4a7">
         <name>rangeDecider</name>
         <value>0x5ad</value>
         <object_component_ref idref="oc-e1"/>
      </symbol>
      <symbol id="sm-4a8">
         <name>isFountain</name>
         <value>0x1b8d</value>
         <object_component_ref idref="oc-e1"/>
      </symbol>
      <symbol id="sm-4a9">
         <name>isMain</name>
         <value>0x15e9</value>
         <object_component_ref idref="oc-e1"/>
      </symbol>
      <symbol id="sm-4aa">
         <name>floatToStr</name>
         <value>0x31b</value>
         <object_component_ref idref="oc-e1"/>
      </symbol>
      <symbol id="sm-4ab">
         <name>isHallCD</name>
         <value>0x1395</value>
         <object_component_ref idref="oc-e1"/>
      </symbol>
      <symbol id="sm-4ac">
         <name>isHallAB</name>
         <value>0x1279</value>
         <object_component_ref idref="oc-e1"/>
      </symbol>
      <symbol id="sm-4ad">
         <name>isPlaygrounds</name>
         <value>0x1829</value>
         <object_component_ref idref="oc-e1"/>
      </symbol>
      <symbol id="sm-4ae">
         <name>ledBlinkerAndDestinationDisplayer</name>
         <value>0x415</value>
         <object_component_ref idref="oc-e1"/>
      </symbol>
      <symbol id="sm-4af">
         <name>isConcrete</name>
         <value>0x1705</value>
         <object_component_ref idref="oc-e1"/>
      </symbol>
      <symbol id="sm-4b0">
         <name>intToStr</name>
         <value>0x26d</value>
         <object_component_ref idref="oc-e1"/>
      </symbol>
      <symbol id="sm-4b1">
         <name>isLibrary</name>
         <value>0x1a61</value>
         <object_component_ref idref="oc-e1"/>
      </symbol>
      <symbol id="sm-4d7">
         <name>LCD_displayCharacter</name>
         <value>0x4595</value>
         <object_component_ref idref="oc-c3"/>
      </symbol>
      <symbol id="sm-4d8">
         <name>LCD_displayString</name>
         <value>0x45db</value>
         <object_component_ref idref="oc-c3"/>
      </symbol>
      <symbol id="sm-4d9">
         <name>LCD_clearScreen</name>
         <value>0x458b</value>
         <object_component_ref idref="oc-c3"/>
      </symbol>
      <symbol id="sm-4da">
         <name>LCD_init</name>
         <value>0x44d5</value>
         <object_component_ref idref="oc-c3"/>
      </symbol>
      <symbol id="sm-4db">
         <name>LCD_goToRowColumn</name>
         <value>0x460b</value>
         <object_component_ref idref="oc-c3"/>
      </symbol>
      <symbol id="sm-4dc">
         <name>LCD_command</name>
         <value>0x4545</value>
         <object_component_ref idref="oc-c3"/>
      </symbol>
      <symbol id="sm-4f2">
         <name>systick_init</name>
         <value>0x50c5</value>
         <object_component_ref idref="oc-cf"/>
      </symbol>
      <symbol id="sm-4f3">
         <name>systick_wait_1ms</name>
         <value>0x510b</value>
         <object_component_ref idref="oc-cf"/>
      </symbol>
      <symbol id="sm-4f4">
         <name>delay_ms</name>
         <value>0x5137</value>
         <object_component_ref idref="oc-cf"/>
      </symbol>
      <symbol id="sm-4f5">
         <name>systick_wait_1s</name>
         <value>0x50e1</value>
         <object_component_ref idref="oc-cf"/>
      </symbol>
      <symbol id="sm-549">
         <name>UART0_SendInteger</name>
         <value>0x3777</value>
         <object_component_ref idref="oc-c9"/>
      </symbol>
      <symbol id="sm-54a">
         <name>UART5_SendInteger</name>
         <value>0x3985</value>
         <object_component_ref idref="oc-c9"/>
      </symbol>
      <symbol id="sm-54b">
         <name>UART0_ReceiveByte</name>
         <value>0x36f3</value>
         <object_component_ref idref="oc-c9"/>
      </symbol>
      <symbol id="sm-54c">
         <name>UART5_SendString</name>
         <value>0x38d9</value>
         <object_component_ref idref="oc-c9"/>
      </symbol>
      <symbol id="sm-54d">
         <name>UART0_ReceiveString</name>
         <value>0x3729</value>
         <object_component_ref idref="oc-c9"/>
      </symbol>
      <symbol id="sm-54e">
         <name>UART5_ReceiveString</name>
         <value>0x38ff</value>
         <object_component_ref idref="oc-c9"/>
      </symbol>
      <symbol id="sm-54f">
         <name>UART0_SendByte</name>
         <value>0x36d7</value>
         <object_component_ref idref="oc-c9"/>
      </symbol>
      <symbol id="sm-550">
         <name>UART5_Init</name>
         <value>0x386d</value>
         <object_component_ref idref="oc-c9"/>
      </symbol>
      <symbol id="sm-551">
         <name>UART0_Init</name>
         <value>0x3697</value>
         <object_component_ref idref="oc-c9"/>
      </symbol>
      <symbol id="sm-552">
         <name>UART0_SendString</name>
         <value>0x3703</value>
         <object_component_ref idref="oc-c9"/>
      </symbol>
      <symbol id="sm-553">
         <name>UART5_ReceiveByte</name>
         <value>0x38c9</value>
         <object_component_ref idref="oc-c9"/>
      </symbol>
      <symbol id="sm-554">
         <name>UART5_SendByte</name>
         <value>0x38ad</value>
         <object_component_ref idref="oc-c9"/>
      </symbol>
      <symbol id="sm-581">
         <name>main</name>
         <value>0x4049</value>
         <object_component_ref idref="oc-9b"/>
      </symbol>
      <symbol id="sm-5a2">
         <name>ResetISR</name>
         <value>0x568d</value>
         <object_component_ref idref="oc-27"/>
      </symbol>
      <symbol id="sm-5a3">
         <name>g_pfnVectors</name>
         <value>0x0</value>
         <object_component_ref idref="oc-12"/>
      </symbol>
      <symbol id="sm-5e7">
         <name>atan2</name>
         <value>0x42f1</value>
         <object_component_ref idref="oc-176"/>
      </symbol>
      <symbol id="sm-5e8">
         <name>atan2l</name>
         <value>0x42f1</value>
         <object_component_ref idref="oc-176"/>
      </symbol>
      <symbol id="sm-60a">
         <name>sqrtl</name>
         <value>0x4b31</value>
         <object_component_ref idref="oc-170"/>
      </symbol>
      <symbol id="sm-60b">
         <name>sqrt</name>
         <value>0x4b31</value>
         <object_component_ref idref="oc-170"/>
      </symbol>
      <symbol id="sm-641">
         <name>atanl</name>
         <value>0x3d5d</value>
         <object_component_ref idref="oc-319"/>
      </symbol>
      <symbol id="sm-642">
         <name>atan</name>
         <value>0x3d5d</value>
         <object_component_ref idref="oc-319"/>
      </symbol>
      <symbol id="sm-693">
         <name>cosl</name>
         <value>0x3065</value>
         <object_component_ref idref="oc-16a"/>
      </symbol>
      <symbol id="sm-694">
         <name>cos</name>
         <value>0x3065</value>
         <object_component_ref idref="oc-16a"/>
      </symbol>
      <symbol id="sm-6e4">
         <name>sin</name>
         <value>0x2a85</value>
         <object_component_ref idref="oc-164"/>
      </symbol>
      <symbol id="sm-6e5">
         <name>sinl</name>
         <value>0x2a85</value>
         <object_component_ref idref="oc-164"/>
      </symbol>
      <symbol id="sm-6fc">
         <name>__aeabi_dsub</name>
         <value>0x4695</value>
         <object_component_ref idref="oc-15a"/>
      </symbol>
      <symbol id="sm-6fd">
         <name>__aeabi_dadd</name>
         <value>0x469f</value>
         <object_component_ref idref="oc-15a"/>
      </symbol>
      <symbol id="sm-71f">
         <name>__aeabi_cdcmpeq</name>
         <value>0x5297</value>
         <object_component_ref idref="oc-182"/>
      </symbol>
      <symbol id="sm-720">
         <name>__aeabi_cdcmple</name>
         <value>0x5297</value>
         <object_component_ref idref="oc-182"/>
      </symbol>
      <symbol id="sm-721">
         <name>__aeabi_cdrcmple</name>
         <value>0x531d</value>
         <object_component_ref idref="oc-1a4"/>
      </symbol>
      <symbol id="sm-735">
         <name>__aeabi_ddiv</name>
         <value>0x4c89</value>
         <object_component_ref idref="oc-14b"/>
      </symbol>
      <symbol id="sm-740">
         <name>__aeabi_dmul</name>
         <value>0x4ed1</value>
         <object_component_ref idref="oc-15f"/>
      </symbol>
      <symbol id="sm-74a">
         <name>__aeabi_d2iz</name>
         <value>0x5479</value>
         <object_component_ref idref="oc-19f"/>
      </symbol>
      <symbol id="sm-754">
         <name>__aeabi_d2uiz</name>
         <value>0x5505</value>
         <object_component_ref idref="oc-150"/>
      </symbol>
      <symbol id="sm-75e">
         <name>__aeabi_i2d</name>
         <value>0x55b1</value>
         <object_component_ref idref="oc-187"/>
      </symbol>
      <symbol id="sm-768">
         <name>__aeabi_ui2d</name>
         <value>0x562f</value>
         <object_component_ref idref="oc-155"/>
      </symbol>
      <symbol id="sm-776">
         <name>__aeabi_ldivmod</name>
         <value>0x53a3</value>
         <object_component_ref idref="oc-13d"/>
      </symbol>
      <symbol id="sm-783">
         <name>__aeabi_uldivmod</name>
         <value>0x5201</value>
         <object_component_ref idref="oc-2e9"/>
      </symbol>
      <symbol id="sm-79b">
         <name>__TI_decompress_none</name>
         <value>0x567f</value>
         <object_component_ref idref="oc-1b"/>
      </symbol>
      <symbol id="sm-7be">
         <name>__TI_decompress_lzss</name>
         <value>0x5411</value>
         <object_component_ref idref="oc-15"/>
      </symbol>
      <symbol id="sm-7ce">
         <name>strchr</name>
         <value>0x5669</value>
         <object_component_ref idref="oc-198"/>
      </symbol>
      <symbol id="sm-7df">
         <name>strpbrk</name>
         <value>0x5609</value>
         <object_component_ref idref="oc-192"/>
      </symbol>
      <symbol id="sm-7f1">
         <name>strspn</name>
         <value>0x55df</value>
         <object_component_ref idref="oc-18c"/>
      </symbol>
      <symbol id="sm-804">
         <name>strstr</name>
         <value>0x557d</value>
         <object_component_ref idref="oc-17c"/>
      </symbol>
      <symbol id="sm-874">
         <name>__kernel_rem_pio2</name>
         <value>0x1cc9</value>
         <object_component_ref idref="oc-2fc"/>
      </symbol>
      <symbol id="sm-887">
         <name>__stack</name>
         <value>0x20000000</value>
         <object_component_ref idref="oc-24"/>
      </symbol>
      <symbol id="sm-888">
         <name>_c_int00_noargs</name>
         <value>0x5549</value>
         <object_component_ref idref="oc-59"/>
      </symbol>
      <symbol id="sm-89e">
         <name>__aeabi_errno_addr</name>
         <value>0x5699</value>
         <object_component_ref idref="oc-311"/>
      </symbol>
      <symbol id="sm-89f">
         <name>errno</name>
         <value>0x20000200</value>
         <object_component_ref idref="oc-42a"/>
      </symbol>
      <symbol id="sm-8b5">
         <name>__kernel_cos</name>
         <value>0x49c1</value>
         <object_component_ref idref="oc-302"/>
      </symbol>
      <symbol id="sm-8cc">
         <name>__kernel_sin</name>
         <value>0x484d</value>
         <object_component_ref idref="oc-2f6"/>
      </symbol>
      <symbol id="sm-8e9">
         <name>floorl</name>
         <value>0x4fcd</value>
         <object_component_ref idref="oc-40e"/>
      </symbol>
      <symbol id="sm-8ea">
         <name>floor</name>
         <value>0x4fcd</value>
         <object_component_ref idref="oc-40e"/>
      </symbol>
      <symbol id="sm-907">
         <name>scalbn</name>
         <value>0x4dc1</value>
         <object_component_ref idref="oc-408"/>
      </symbol>
      <symbol id="sm-908">
         <name>scalbnl</name>
         <value>0x4dc1</value>
         <object_component_ref idref="oc-408"/>
      </symbol>
      <symbol id="sm-909">
         <name>ldexpl</name>
         <value>0x4dc1</value>
         <object_component_ref idref="oc-408"/>
      </symbol>
      <symbol id="sm-90a">
         <name>ldexp</name>
         <value>0x4dc1</value>
         <object_component_ref idref="oc-408"/>
      </symbol>
      <symbol id="sm-914">
         <name>__aeabi_idiv0</name>
         <value>0x484b</value>
         <object_component_ref idref="oc-2e4"/>
      </symbol>
      <symbol id="sm-915">
         <name>__aeabi_ldiv0</name>
         <value>0x484b</value>
         <object_component_ref idref="oc-2e4"/>
      </symbol>
      <symbol id="sm-930">
         <name>memcpy</name>
         <value>0x5165</value>
         <object_component_ref idref="oc-3b"/>
      </symbol>
      <symbol id="sm-931">
         <name>__aeabi_memcpy</name>
         <value>0x5165</value>
         <object_component_ref idref="oc-3b"/>
      </symbol>
      <symbol id="sm-932">
         <name>__aeabi_memcpy8</name>
         <value>0x5165</value>
         <object_component_ref idref="oc-3b"/>
      </symbol>
      <symbol id="sm-933">
         <name>__aeabi_memcpy4</name>
         <value>0x5165</value>
         <object_component_ref idref="oc-3b"/>
      </symbol>
      <symbol id="sm-95c">
         <name>__TI_auto_init_nobinit_nopinit</name>
         <value>0x54c1</value>
         <object_component_ref idref="oc-102"/>
      </symbol>
      <symbol id="sm-966">
         <name>_system_pre_init</name>
         <value>0x56a1</value>
         <object_component_ref idref="oc-95"/>
      </symbol>
      <symbol id="sm-972">
         <name>C$$EXIT</name>
         <value>0x56a5</value>
         <object_component_ref idref="oc-f6"/>
      </symbol>
      <symbol id="sm-973">
         <name>abort</name>
         <value>0x56a5</value>
         <object_component_ref idref="oc-f6"/>
      </symbol>
      <symbol id="sm-97f">
         <name>copysign</name>
         <value>0x564f</value>
         <object_component_ref idref="oc-450"/>
      </symbol>
      <symbol id="sm-980">
         <name>copysignl</name>
         <value>0x564f</value>
         <object_component_ref idref="oc-450"/>
      </symbol>
      <symbol id="sm-981">
         <name>__TI_static_base__</name>
         <value>0x0</value>
      </symbol>
      <symbol id="sm-984">
         <name>__mpu_init</name>
         <value>0x0</value>
      </symbol>
      <symbol id="sm-985">
         <name>_system_post_cinit</name>
         <value>0x0</value>
      </symbol>
   </symbol_table>
   <title>Link successful</title>
</link_info>
