<?xml version="1.0" encoding="ISO-8859-1" ?>
<link_info>
   <banner>TI ARM Linker PC v20.2.7.LTS</banner>
   <copyright>Copyright (c) 1996-2018 Texas Instruments Incorporated</copyright>
   <link_time>0x6824f8e3</link_time>
   <link_errors>0x0</link_errors>
   <output_file>main_project.out</output_file>
   <entry_point>
      <name>_c_int00_noargs</name>
      <address>0x552d</address>
   </entry_point>
   <input_file_list>
      <input_file id="fl-2">
         <path>.\</path>
         <kind>object</kind>
         <file>GPIO.obj</file>
         <name>GPIO.obj</name>
      </input_file>
      <input_file id="fl-3">
         <path>.\</path>
         <kind>object</kind>
         <file>GPS_program.obj</file>
         <name>GPS_program.obj</name>
      </input_file>
      <input_file id="fl-4">
         <path>.\</path>
         <kind>object</kind>
         <file>HELPER.obj</file>
         <name>HELPER.obj</name>
      </input_file>
      <input_file id="fl-5">
         <path>.\</path>
         <kind>object</kind>
         <file>LCD.obj</file>
         <name>LCD.obj</name>
      </input_file>
      <input_file id="fl-6">
         <path>.\</path>
         <kind>object</kind>
         <file>Systick_Timer.obj</file>
         <name>Systick_Timer.obj</name>
      </input_file>
      <input_file id="fl-7">
         <path>.\</path>
         <kind>object</kind>
         <file>UART.obj</file>
         <name>UART.obj</name>
      </input_file>
      <input_file id="fl-8">
         <path>.\</path>
         <kind>object</kind>
         <file>main.obj</file>
         <name>main.obj</name>
      </input_file>
      <input_file id="fl-9">
         <path>.\</path>
         <kind>object</kind>
         <file>tm4c123gh6pm_startup_ccs.obj</file>
         <name>tm4c123gh6pm_startup_ccs.obj</name>
      </input_file>
      <input_file id="fl-d">
         <kind>object</kind>
         <file>&lt;internal&gt;</file>
         <name>&lt;internal&gt;</name>
      </input_file>
      <input_file id="fl-c3">
         <path>C:\ti\ccs2011\ccs\tools\compiler\lib\</path>
         <kind>archive</kind>
         <file>rtsv7M4_T_le_v4SPD16_eabi.lib</file>
         <name>e_atan2.c.obj</name>
      </input_file>
      <input_file id="fl-c4">
         <path>C:\ti\ccs2011\ccs\tools\compiler\lib\</path>
         <kind>archive</kind>
         <file>rtsv7M4_T_le_v4SPD16_eabi.lib</file>
         <name>e_sqrt.c.obj</name>
      </input_file>
      <input_file id="fl-c5">
         <path>C:\ti\ccs2011\ccs\tools\compiler\lib\</path>
         <kind>archive</kind>
         <file>rtsv7M4_T_le_v4SPD16_eabi.lib</file>
         <name>s_atan.c.obj</name>
      </input_file>
      <input_file id="fl-c6">
         <path>C:\ti\ccs2011\ccs\tools\compiler\lib\</path>
         <kind>archive</kind>
         <file>rtsv7M4_T_le_v4SPD16_eabi.lib</file>
         <name>s_cos.c.obj</name>
      </input_file>
      <input_file id="fl-c7">
         <path>C:\ti\ccs2011\ccs\tools\compiler\lib\</path>
         <kind>archive</kind>
         <file>rtsv7M4_T_le_v4SPD16_eabi.lib</file>
         <name>s_sin.c.obj</name>
      </input_file>
      <input_file id="fl-c8">
         <path>C:\ti\ccs2011\ccs\tools\compiler\lib\</path>
         <kind>archive</kind>
         <file>rtsv7M4_T_le_v4SPD16_eabi.lib</file>
         <name>fd_add_t2.asm.obj</name>
      </input_file>
      <input_file id="fl-c9">
         <path>C:\ti\ccs2011\ccs\tools\compiler\lib\</path>
         <kind>archive</kind>
         <file>rtsv7M4_T_le_v4SPD16_eabi.lib</file>
         <name>fd_cmp_t2.asm.obj</name>
      </input_file>
      <input_file id="fl-ca">
         <path>C:\ti\ccs2011\ccs\tools\compiler\lib\</path>
         <kind>archive</kind>
         <file>rtsv7M4_T_le_v4SPD16_eabi.lib</file>
         <name>fd_div_t2.asm.obj</name>
      </input_file>
      <input_file id="fl-cb">
         <path>C:\ti\ccs2011\ccs\tools\compiler\lib\</path>
         <kind>archive</kind>
         <file>rtsv7M4_T_le_v4SPD16_eabi.lib</file>
         <name>fd_mul_t2.asm.obj</name>
      </input_file>
      <input_file id="fl-cc">
         <path>C:\ti\ccs2011\ccs\tools\compiler\lib\</path>
         <kind>archive</kind>
         <file>rtsv7M4_T_le_v4SPD16_eabi.lib</file>
         <name>fd_toi_t2.asm.obj</name>
      </input_file>
      <input_file id="fl-cd">
         <path>C:\ti\ccs2011\ccs\tools\compiler\lib\</path>
         <kind>archive</kind>
         <file>rtsv7M4_T_le_v4SPD16_eabi.lib</file>
         <name>fd_tou_t2.asm.obj</name>
      </input_file>
      <input_file id="fl-ce">
         <path>C:\ti\ccs2011\ccs\tools\compiler\lib\</path>
         <kind>archive</kind>
         <file>rtsv7M4_T_le_v4SPD16_eabi.lib</file>
         <name>i_tofd_t2.asm.obj</name>
      </input_file>
      <input_file id="fl-cf">
         <path>C:\ti\ccs2011\ccs\tools\compiler\lib\</path>
         <kind>archive</kind>
         <file>rtsv7M4_T_le_v4SPD16_eabi.lib</file>
         <name>u_tofd_t2.asm.obj</name>
      </input_file>
      <input_file id="fl-d0">
         <path>C:\ti\ccs2011\ccs\tools\compiler\lib\</path>
         <kind>archive</kind>
         <file>rtsv7M4_T_le_v4SPD16_eabi.lib</file>
         <name>ll_div_t2.asm.obj</name>
      </input_file>
      <input_file id="fl-d1">
         <path>C:\ti\ccs2011\ccs\tools\compiler\lib\</path>
         <kind>archive</kind>
         <file>rtsv7M4_T_le_v4SPD16_eabi.lib</file>
         <name>ull_div_t2.asm.obj</name>
      </input_file>
      <input_file id="fl-d2">
         <path>C:\ti\ccs2011\ccs\tools\compiler\lib\</path>
         <kind>archive</kind>
         <file>rtsv7M4_T_le_v4SPD16_eabi.lib</file>
         <name>copy_zero_init.c.obj</name>
      </input_file>
      <input_file id="fl-d3">
         <path>C:\ti\ccs2011\ccs\tools\compiler\lib\</path>
         <kind>archive</kind>
         <file>rtsv7M4_T_le_v4SPD16_eabi.lib</file>
         <name>copy_decompress_none.c.obj</name>
      </input_file>
      <input_file id="fl-d4">
         <path>C:\ti\ccs2011\ccs\tools\compiler\lib\</path>
         <kind>archive</kind>
         <file>rtsv7M4_T_le_v4SPD16_eabi.lib</file>
         <name>copy_decompress_lzss.c.obj</name>
      </input_file>
      <input_file id="fl-d5">
         <path>C:\ti\ccs2011\ccs\tools\compiler\lib\</path>
         <kind>archive</kind>
         <file>rtsv7M4_T_le_v4SPD16_eabi.lib</file>
         <name>strchr.c.obj</name>
      </input_file>
      <input_file id="fl-d6">
         <path>C:\ti\ccs2011\ccs\tools\compiler\lib\</path>
         <kind>archive</kind>
         <file>rtsv7M4_T_le_v4SPD16_eabi.lib</file>
         <name>strpbrk.c.obj</name>
      </input_file>
      <input_file id="fl-d7">
         <path>C:\ti\ccs2011\ccs\tools\compiler\lib\</path>
         <kind>archive</kind>
         <file>rtsv7M4_T_le_v4SPD16_eabi.lib</file>
         <name>strspn.c.obj</name>
      </input_file>
      <input_file id="fl-d8">
         <path>C:\ti\ccs2011\ccs\tools\compiler\lib\</path>
         <kind>archive</kind>
         <file>rtsv7M4_T_le_v4SPD16_eabi.lib</file>
         <name>strstr.c.obj</name>
      </input_file>
      <input_file id="fl-d9">
         <path>C:\ti\ccs2011\ccs\tools\compiler\lib\</path>
         <kind>archive</kind>
         <file>rtsv7M4_T_le_v4SPD16_eabi.lib</file>
         <name>k_rem_pio2.c.obj</name>
      </input_file>
      <input_file id="fl-da">
         <path>C:\ti\ccs2011\ccs\tools\compiler\lib\</path>
         <kind>archive</kind>
         <file>rtsv7M4_T_le_v4SPD16_eabi.lib</file>
         <name>boot_cortex_m.c.obj</name>
      </input_file>
      <input_file id="fl-db">
         <path>C:\ti\ccs2011\ccs\tools\compiler\lib\</path>
         <kind>archive</kind>
         <file>rtsv7M4_T_le_v4SPD16_eabi.lib</file>
         <name>errno.c.obj</name>
      </input_file>
      <input_file id="fl-dc">
         <path>C:\ti\ccs2011\ccs\tools\compiler\lib\</path>
         <kind>archive</kind>
         <file>rtsv7M4_T_le_v4SPD16_eabi.lib</file>
         <name>k_cos.c.obj</name>
      </input_file>
      <input_file id="fl-dd">
         <path>C:\ti\ccs2011\ccs\tools\compiler\lib\</path>
         <kind>archive</kind>
         <file>rtsv7M4_T_le_v4SPD16_eabi.lib</file>
         <name>k_sin.c.obj</name>
      </input_file>
      <input_file id="fl-de">
         <path>C:\ti\ccs2011\ccs\tools\compiler\lib\</path>
         <kind>archive</kind>
         <file>rtsv7M4_T_le_v4SPD16_eabi.lib</file>
         <name>s_floor.c.obj</name>
      </input_file>
      <input_file id="fl-df">
         <path>C:\ti\ccs2011\ccs\tools\compiler\lib\</path>
         <kind>archive</kind>
         <file>rtsv7M4_T_le_v4SPD16_eabi.lib</file>
         <name>s_scalbn.c.obj</name>
      </input_file>
      <input_file id="fl-e0">
         <path>C:\ti\ccs2011\ccs\tools\compiler\lib\</path>
         <kind>archive</kind>
         <file>rtsv7M4_T_le_v4SPD16_eabi.lib</file>
         <name>div0.asm.obj</name>
      </input_file>
      <input_file id="fl-e1">
         <path>C:\ti\ccs2011\ccs\tools\compiler\lib\</path>
         <kind>archive</kind>
         <file>rtsv7M4_T_le_v4SPD16_eabi.lib</file>
         <name>memcpy_t2.asm.obj</name>
      </input_file>
      <input_file id="fl-e2">
         <path>C:\ti\ccs2011\ccs\tools\compiler\lib\</path>
         <kind>archive</kind>
         <file>rtsv7M4_T_le_v4SPD16_eabi.lib</file>
         <name>memset_t2.asm.obj</name>
      </input_file>
      <input_file id="fl-e3">
         <path>C:\ti\ccs2011\ccs\tools\compiler\lib\</path>
         <kind>archive</kind>
         <file>rtsv7M4_T_le_v4SPD16_eabi.lib</file>
         <name>autoinit.c.obj</name>
      </input_file>
      <input_file id="fl-e4">
         <path>C:\ti\ccs2011\ccs\tools\compiler\lib\</path>
         <kind>archive</kind>
         <file>rtsv7M4_T_le_v4SPD16_eabi.lib</file>
         <name>pre_init.c.obj</name>
      </input_file>
      <input_file id="fl-e5">
         <path>C:\ti\ccs2011\ccs\tools\compiler\lib\</path>
         <kind>archive</kind>
         <file>rtsv7M4_T_le_v4SPD16_eabi.lib</file>
         <name>cpy_tbl.c.obj</name>
      </input_file>
      <input_file id="fl-e6">
         <path>C:\ti\ccs2011\ccs\tools\compiler\lib\</path>
         <kind>archive</kind>
         <file>rtsv7M4_T_le_v4SPD16_eabi.lib</file>
         <name>exit.c.obj</name>
      </input_file>
      <input_file id="fl-e7">
         <path>C:\ti\ccs2011\ccs\tools\compiler\lib\</path>
         <kind>archive</kind>
         <file>rtsv7M4_T_le_v4SPD16_eabi.lib</file>
         <name>_lock.c.obj</name>
      </input_file>
      <input_file id="fl-e8">
         <path>C:\ti\ccs2011\ccs\tools\compiler\lib\</path>
         <kind>archive</kind>
         <file>rtsv7M4_T_le_v4SPD16_eabi.lib</file>
         <name>args_main.c.obj</name>
      </input_file>
      <input_file id="fl-e9">
         <path>C:\ti\ccs2011\ccs\tools\compiler\lib\</path>
         <kind>archive</kind>
         <file>rtsv7M4_T_le_v4SPD16_eabi.lib</file>
         <name>s_copysign.c.obj</name>
      </input_file>
   </input_file_list>
   <object_component_list>
      <object_component id="oc-12">
         <name>.intvecs</name>
         <load_address>0x0</load_address>
         <run_address>0x0</run_address>
         <size>0x26c</size>
         <input_file_ref idref="fl-9"/>
      </object_component>
      <object_component id="oc-e1">
         <name>.text</name>
         <load_address>0x26c</load_address>
         <run_address>0x26c</run_address>
         <size>0x1a5c</size>
         <input_file_ref idref="fl-4"/>
      </object_component>
      <object_component id="oc-2fc">
         <name>.text:__kernel_rem_pio2</name>
         <load_address>0x1cc8</load_address>
         <run_address>0x1cc8</run_address>
         <size>0x738</size>
         <input_file_ref idref="fl-d9"/>
      </object_component>
      <object_component id="oc-db">
         <name>.text</name>
         <load_address>0x2400</load_address>
         <run_address>0x2400</run_address>
         <size>0x664</size>
         <input_file_ref idref="fl-3"/>
      </object_component>
      <object_component id="oc-164">
         <name>.text:sin</name>
         <load_address>0x2a64</load_address>
         <run_address>0x2a64</run_address>
         <size>0x5e0</size>
         <input_file_ref idref="fl-c7"/>
      </object_component>
      <object_component id="oc-16a">
         <name>.text:cos</name>
         <load_address>0x3044</load_address>
         <run_address>0x3044</run_address>
         <size>0x5dc</size>
         <input_file_ref idref="fl-c6"/>
      </object_component>
      <object_component id="oc-cf">
         <name>.text</name>
         <load_address>0x3620</load_address>
         <run_address>0x3620</run_address>
         <size>0x41c</size>
         <input_file_ref idref="fl-7"/>
      </object_component>
      <object_component id="oc-c3">
         <name>.text</name>
         <load_address>0x3a3c</load_address>
         <run_address>0x3a3c</run_address>
         <size>0x300</size>
         <input_file_ref idref="fl-2"/>
      </object_component>
      <object_component id="oc-319">
         <name>.text:atan</name>
         <load_address>0x3d3c</load_address>
         <run_address>0x3d3c</run_address>
         <size>0x2ec</size>
         <input_file_ref idref="fl-c5"/>
      </object_component>
      <object_component id="oc-9b">
         <name>.text</name>
         <load_address>0x4028</load_address>
         <run_address>0x4028</run_address>
         <size>0x2ac</size>
         <input_file_ref idref="fl-8"/>
      </object_component>
      <object_component id="oc-176">
         <name>.text:atan2</name>
         <load_address>0x42d4</load_address>
         <run_address>0x42d4</run_address>
         <size>0x1e4</size>
         <input_file_ref idref="fl-c3"/>
      </object_component>
      <object_component id="oc-c9">
         <name>.text</name>
         <load_address>0x44b8</load_address>
         <run_address>0x44b8</run_address>
         <size>0x1c0</size>
         <input_file_ref idref="fl-5"/>
      </object_component>
      <object_component id="oc-15a">
         <name>.text</name>
         <load_address>0x4678</load_address>
         <run_address>0x4678</run_address>
         <size>0x1b6</size>
         <input_file_ref idref="fl-c8"/>
      </object_component>
      <object_component id="oc-2e4">
         <name>.text</name>
         <load_address>0x482e</load_address>
         <run_address>0x482e</run_address>
         <size>0x2</size>
         <input_file_ref idref="fl-e0"/>
      </object_component>
      <object_component id="oc-2f6">
         <name>.text:__kernel_sin</name>
         <load_address>0x4830</load_address>
         <run_address>0x4830</run_address>
         <size>0x174</size>
         <input_file_ref idref="fl-dd"/>
      </object_component>
      <object_component id="oc-302">
         <name>.text:__kernel_cos</name>
         <load_address>0x49a4</load_address>
         <run_address>0x49a4</run_address>
         <size>0x170</size>
         <input_file_ref idref="fl-dc"/>
      </object_component>
      <object_component id="oc-170">
         <name>.text:sqrt</name>
         <load_address>0x4b14</load_address>
         <run_address>0x4b14</run_address>
         <size>0x158</size>
         <input_file_ref idref="fl-c4"/>
      </object_component>
      <object_component id="oc-14b">
         <name>.text</name>
         <load_address>0x4c6c</load_address>
         <run_address>0x4c6c</run_address>
         <size>0x136</size>
         <input_file_ref idref="fl-ca"/>
      </object_component>
      <object_component id="oc-408">
         <name>.text:scalbn</name>
         <load_address>0x4da4</load_address>
         <run_address>0x4da4</run_address>
         <size>0x110</size>
         <input_file_ref idref="fl-df"/>
      </object_component>
      <object_component id="oc-15f">
         <name>.text</name>
         <load_address>0x4eb4</load_address>
         <run_address>0x4eb4</run_address>
         <size>0xfc</size>
         <input_file_ref idref="fl-cb"/>
      </object_component>
      <object_component id="oc-40e">
         <name>.text:floor</name>
         <load_address>0x4fb0</load_address>
         <run_address>0x4fb0</run_address>
         <size>0xf8</size>
         <input_file_ref idref="fl-de"/>
      </object_component>
      <object_component id="oc-d5">
         <name>.text</name>
         <load_address>0x50a8</load_address>
         <run_address>0x50a8</run_address>
         <size>0xa0</size>
         <input_file_ref idref="fl-6"/>
      </object_component>
      <object_component id="oc-3b">
         <name>.text</name>
         <load_address>0x5148</load_address>
         <run_address>0x5148</run_address>
         <size>0x9c</size>
         <input_file_ref idref="fl-e1"/>
      </object_component>
      <object_component id="oc-2e9">
         <name>.text</name>
         <load_address>0x51e4</load_address>
         <run_address>0x51e4</run_address>
         <size>0x96</size>
         <input_file_ref idref="fl-d1"/>
      </object_component>
      <object_component id="oc-182">
         <name>.text:__aeabi_cdcmple</name>
         <load_address>0x527a</load_address>
         <run_address>0x527a</run_address>
         <size>0x86</size>
         <input_file_ref idref="fl-c9"/>
      </object_component>
      <object_component id="oc-1a4">
         <name>.text:__aeabi_cdrcmple</name>
         <load_address>0x5300</load_address>
         <run_address>0x5300</run_address>
         <size>0x86</size>
         <input_file_ref idref="fl-c9"/>
      </object_component>
      <object_component id="oc-143">
         <name>.text</name>
         <load_address>0x5386</load_address>
         <run_address>0x5386</run_address>
         <size>0x6e</size>
         <input_file_ref idref="fl-d0"/>
      </object_component>
      <object_component id="oc-15">
         <name>.text:decompress:lzss:__TI_decompress_lzss</name>
         <load_address>0x53f4</load_address>
         <run_address>0x53f4</run_address>
         <size>0x68</size>
         <input_file_ref idref="fl-d4"/>
      </object_component>
      <object_component id="oc-19f">
         <name>.text</name>
         <load_address>0x545c</load_address>
         <run_address>0x545c</run_address>
         <size>0x48</size>
         <input_file_ref idref="fl-cc"/>
      </object_component>
      <object_component id="oc-102">
         <name>.text:__TI_auto_init_nobinit_nopinit:__TI_auto_init_nobinit_nopinit</name>
         <load_address>0x54a4</load_address>
         <run_address>0x54a4</run_address>
         <size>0x44</size>
         <input_file_ref idref="fl-e3"/>
      </object_component>
      <object_component id="oc-150">
         <name>.text</name>
         <load_address>0x54e8</load_address>
         <run_address>0x54e8</run_address>
         <size>0x44</size>
         <input_file_ref idref="fl-cd"/>
      </object_component>
      <object_component id="oc-59">
         <name>.text:_c_int00_noargs:_c_int00_noargs</name>
         <load_address>0x552c</load_address>
         <run_address>0x552c</run_address>
         <size>0x34</size>
         <input_file_ref idref="fl-da"/>
      </object_component>
      <object_component id="oc-17c">
         <name>.text:strstr</name>
         <load_address>0x5560</load_address>
         <run_address>0x5560</run_address>
         <size>0x34</size>
         <input_file_ref idref="fl-d8"/>
      </object_component>
      <object_component id="oc-187">
         <name>.text</name>
         <load_address>0x5594</load_address>
         <run_address>0x5594</run_address>
         <size>0x2e</size>
         <input_file_ref idref="fl-ce"/>
      </object_component>
      <object_component id="oc-18c">
         <name>.text:strspn</name>
         <load_address>0x55c2</load_address>
         <run_address>0x55c2</run_address>
         <size>0x2a</size>
         <input_file_ref idref="fl-d7"/>
      </object_component>
      <object_component id="oc-192">
         <name>.text:strpbrk</name>
         <load_address>0x55ec</load_address>
         <run_address>0x55ec</run_address>
         <size>0x26</size>
         <input_file_ref idref="fl-d6"/>
      </object_component>
      <object_component id="oc-155">
         <name>.text</name>
         <load_address>0x5612</load_address>
         <run_address>0x5612</run_address>
         <size>0x20</size>
         <input_file_ref idref="fl-cf"/>
      </object_component>
      <object_component id="oc-450">
         <name>.text:copysign</name>
         <load_address>0x5632</load_address>
         <run_address>0x5632</run_address>
         <size>0x1a</size>
         <input_file_ref idref="fl-e9"/>
      </object_component>
      <object_component id="oc-198">
         <name>.text:strchr</name>
         <load_address>0x564c</load_address>
         <run_address>0x564c</run_address>
         <size>0x16</size>
         <input_file_ref idref="fl-d5"/>
      </object_component>
      <object_component id="oc-1b">
         <name>.text:decompress:none:__TI_decompress_none</name>
         <load_address>0x5662</load_address>
         <run_address>0x5662</run_address>
         <size>0xe</size>
         <input_file_ref idref="fl-d3"/>
      </object_component>
      <object_component id="oc-27">
         <name>.text</name>
         <load_address>0x5670</load_address>
         <run_address>0x5670</run_address>
         <size>0xc</size>
         <input_file_ref idref="fl-9"/>
      </object_component>
      <object_component id="oc-311">
         <name>.text:__aeabi_errno_addr</name>
         <load_address>0x567c</load_address>
         <run_address>0x567c</run_address>
         <size>0x8</size>
         <input_file_ref idref="fl-db"/>
      </object_component>
      <object_component id="oc-95">
         <name>.text:_system_pre_init</name>
         <load_address>0x5684</load_address>
         <run_address>0x5684</run_address>
         <size>0x4</size>
         <input_file_ref idref="fl-e4"/>
      </object_component>
      <object_component id="oc-f6">
         <name>.text:abort:abort</name>
         <load_address>0x5688</load_address>
         <run_address>0x5688</run_address>
         <size>0x4</size>
         <input_file_ref idref="fl-e6"/>
      </object_component>
      <object_component id="oc-414">
         <name>.const:$O1$$</name>
         <load_address>0x5690</load_address>
         <run_address>0x5690</run_address>
         <size>0x158</size>
         <input_file_ref idref="fl-d9"/>
      </object_component>
      <object_component id="oc-431">
         <name>.const:$O1$$</name>
         <load_address>0x57e8</load_address>
         <run_address>0x57e8</run_address>
         <size>0x98</size>
         <input_file_ref idref="fl-c5"/>
      </object_component>
      <object_component id="oc-1b5">
         <name>.const:$P$T10$5</name>
         <load_address>0x5880</load_address>
         <run_address>0x5880</run_address>
         <size>0x18</size>
         <input_file_ref idref="fl-4"/>
      </object_component>
      <object_component id="oc-239">
         <name>.const:$P$T102$49</name>
         <load_address>0x5898</load_address>
         <run_address>0x5898</run_address>
         <size>0x18</size>
         <input_file_ref idref="fl-4"/>
      </object_component>
      <object_component id="oc-23c">
         <name>.const:$P$T103$50</name>
         <load_address>0x58b0</load_address>
         <run_address>0x58b0</run_address>
         <size>0x18</size>
         <input_file_ref idref="fl-4"/>
      </object_component>
      <object_component id="oc-23f">
         <name>.const:$P$T104$51</name>
         <load_address>0x58c8</load_address>
         <run_address>0x58c8</run_address>
         <size>0x18</size>
         <input_file_ref idref="fl-4"/>
      </object_component>
      <object_component id="oc-242">
         <name>.const:$P$T105$52</name>
         <load_address>0x58e0</load_address>
         <run_address>0x58e0</run_address>
         <size>0x18</size>
         <input_file_ref idref="fl-4"/>
      </object_component>
      <object_component id="oc-245">
         <name>.const:$P$T106$53</name>
         <load_address>0x58f8</load_address>
         <run_address>0x58f8</run_address>
         <size>0x18</size>
         <input_file_ref idref="fl-4"/>
      </object_component>
      <object_component id="oc-248">
         <name>.const:$P$T107$54</name>
         <load_address>0x5910</load_address>
         <run_address>0x5910</run_address>
         <size>0x18</size>
         <input_file_ref idref="fl-4"/>
      </object_component>
      <object_component id="oc-1b8">
         <name>.const:$P$T11$6</name>
         <load_address>0x5928</load_address>
         <run_address>0x5928</run_address>
         <size>0x18</size>
         <input_file_ref idref="fl-4"/>
      </object_component>
      <object_component id="oc-24b">
         <name>.const:$P$T114$55</name>
         <load_address>0x5940</load_address>
         <run_address>0x5940</run_address>
         <size>0x18</size>
         <input_file_ref idref="fl-4"/>
      </object_component>
      <object_component id="oc-24e">
         <name>.const:$P$T115$56</name>
         <load_address>0x5958</load_address>
         <run_address>0x5958</run_address>
         <size>0x18</size>
         <input_file_ref idref="fl-4"/>
      </object_component>
      <object_component id="oc-251">
         <name>.const:$P$T116$57</name>
         <load_address>0x5970</load_address>
         <run_address>0x5970</run_address>
         <size>0x18</size>
         <input_file_ref idref="fl-4"/>
      </object_component>
      <object_component id="oc-254">
         <name>.const:$P$T117$58</name>
         <load_address>0x5988</load_address>
         <run_address>0x5988</run_address>
         <size>0x18</size>
         <input_file_ref idref="fl-4"/>
      </object_component>
      <object_component id="oc-257">
         <name>.const:$P$T118$59</name>
         <load_address>0x59a0</load_address>
         <run_address>0x59a0</run_address>
         <size>0x18</size>
         <input_file_ref idref="fl-4"/>
      </object_component>
      <object_component id="oc-25a">
         <name>.const:$P$T119$60</name>
         <load_address>0x59b8</load_address>
         <run_address>0x59b8</run_address>
         <size>0x18</size>
         <input_file_ref idref="fl-4"/>
      </object_component>
      <object_component id="oc-25d">
         <name>.const:$P$T126$61</name>
         <load_address>0x59d0</load_address>
         <run_address>0x59d0</run_address>
         <size>0x18</size>
         <input_file_ref idref="fl-4"/>
      </object_component>
      <object_component id="oc-260">
         <name>.const:$P$T127$62</name>
         <load_address>0x59e8</load_address>
         <run_address>0x59e8</run_address>
         <size>0x18</size>
         <input_file_ref idref="fl-4"/>
      </object_component>
      <object_component id="oc-263">
         <name>.const:$P$T128$63</name>
         <load_address>0x5a00</load_address>
         <run_address>0x5a00</run_address>
         <size>0x18</size>
         <input_file_ref idref="fl-4"/>
      </object_component>
      <object_component id="oc-266">
         <name>.const:$P$T129$64</name>
         <load_address>0x5a18</load_address>
         <run_address>0x5a18</run_address>
         <size>0x18</size>
         <input_file_ref idref="fl-4"/>
      </object_component>
      <object_component id="oc-269">
         <name>.const:$P$T130$65</name>
         <load_address>0x5a30</load_address>
         <run_address>0x5a30</run_address>
         <size>0x18</size>
         <input_file_ref idref="fl-4"/>
      </object_component>
      <object_component id="oc-26c">
         <name>.const:$P$T131$66</name>
         <load_address>0x5a48</load_address>
         <run_address>0x5a48</run_address>
         <size>0x18</size>
         <input_file_ref idref="fl-4"/>
      </object_component>
      <object_component id="oc-26f">
         <name>.const:$P$T138$67</name>
         <load_address>0x5a60</load_address>
         <run_address>0x5a60</run_address>
         <size>0x18</size>
         <input_file_ref idref="fl-4"/>
      </object_component>
      <object_component id="oc-272">
         <name>.const:$P$T139$68</name>
         <load_address>0x5a78</load_address>
         <run_address>0x5a78</run_address>
         <size>0x18</size>
         <input_file_ref idref="fl-4"/>
      </object_component>
      <object_component id="oc-1bb">
         <name>.const:$P$T14$7</name>
         <load_address>0x5a90</load_address>
         <run_address>0x5a90</run_address>
         <size>0x18</size>
         <input_file_ref idref="fl-4"/>
      </object_component>
      <object_component id="oc-275">
         <name>.const:$P$T140$69</name>
         <load_address>0x5aa8</load_address>
         <run_address>0x5aa8</run_address>
         <size>0x18</size>
         <input_file_ref idref="fl-4"/>
      </object_component>
      <object_component id="oc-278">
         <name>.const:$P$T141$70</name>
         <load_address>0x5ac0</load_address>
         <run_address>0x5ac0</run_address>
         <size>0x18</size>
         <input_file_ref idref="fl-4"/>
      </object_component>
      <object_component id="oc-27b">
         <name>.const:$P$T142$71</name>
         <load_address>0x5ad8</load_address>
         <run_address>0x5ad8</run_address>
         <size>0x18</size>
         <input_file_ref idref="fl-4"/>
      </object_component>
      <object_component id="oc-27e">
         <name>.const:$P$T143$72</name>
         <load_address>0x5af0</load_address>
         <run_address>0x5af0</run_address>
         <size>0x18</size>
         <input_file_ref idref="fl-4"/>
      </object_component>
      <object_component id="oc-1be">
         <name>.const:$P$T15$8</name>
         <load_address>0x5b08</load_address>
         <run_address>0x5b08</run_address>
         <size>0x18</size>
         <input_file_ref idref="fl-4"/>
      </object_component>
      <object_component id="oc-281">
         <name>.const:$P$T150$73</name>
         <load_address>0x5b20</load_address>
         <run_address>0x5b20</run_address>
         <size>0x18</size>
         <input_file_ref idref="fl-4"/>
      </object_component>
      <object_component id="oc-284">
         <name>.const:$P$T151$74</name>
         <load_address>0x5b38</load_address>
         <run_address>0x5b38</run_address>
         <size>0x18</size>
         <input_file_ref idref="fl-4"/>
      </object_component>
      <object_component id="oc-287">
         <name>.const:$P$T152$75</name>
         <load_address>0x5b50</load_address>
         <run_address>0x5b50</run_address>
         <size>0x18</size>
         <input_file_ref idref="fl-4"/>
      </object_component>
      <object_component id="oc-28a">
         <name>.const:$P$T153$76</name>
         <load_address>0x5b68</load_address>
         <run_address>0x5b68</run_address>
         <size>0x18</size>
         <input_file_ref idref="fl-4"/>
      </object_component>
      <object_component id="oc-28d">
         <name>.const:$P$T154$77</name>
         <load_address>0x5b80</load_address>
         <run_address>0x5b80</run_address>
         <size>0x18</size>
         <input_file_ref idref="fl-4"/>
      </object_component>
      <object_component id="oc-290">
         <name>.const:$P$T155$78</name>
         <load_address>0x5b98</load_address>
         <run_address>0x5b98</run_address>
         <size>0x18</size>
         <input_file_ref idref="fl-4"/>
      </object_component>
      <object_component id="oc-293">
         <name>.const:$P$T162$79</name>
         <load_address>0x5bb0</load_address>
         <run_address>0x5bb0</run_address>
         <size>0x18</size>
         <input_file_ref idref="fl-4"/>
      </object_component>
      <object_component id="oc-296">
         <name>.const:$P$T163$80</name>
         <load_address>0x5bc8</load_address>
         <run_address>0x5bc8</run_address>
         <size>0x18</size>
         <input_file_ref idref="fl-4"/>
      </object_component>
      <object_component id="oc-299">
         <name>.const:$P$T164$81</name>
         <load_address>0x5be0</load_address>
         <run_address>0x5be0</run_address>
         <size>0x18</size>
         <input_file_ref idref="fl-4"/>
      </object_component>
      <object_component id="oc-29c">
         <name>.const:$P$T165$82</name>
         <load_address>0x5bf8</load_address>
         <run_address>0x5bf8</run_address>
         <size>0x18</size>
         <input_file_ref idref="fl-4"/>
      </object_component>
      <object_component id="oc-29f">
         <name>.const:$P$T166$83</name>
         <load_address>0x5c10</load_address>
         <run_address>0x5c10</run_address>
         <size>0x18</size>
         <input_file_ref idref="fl-4"/>
      </object_component>
      <object_component id="oc-2a2">
         <name>.const:$P$T167$84</name>
         <load_address>0x5c28</load_address>
         <run_address>0x5c28</run_address>
         <size>0x18</size>
         <input_file_ref idref="fl-4"/>
      </object_component>
      <object_component id="oc-2a5">
         <name>.const:$P$T174$85</name>
         <load_address>0x5c40</load_address>
         <run_address>0x5c40</run_address>
         <size>0x18</size>
         <input_file_ref idref="fl-4"/>
      </object_component>
      <object_component id="oc-2a8">
         <name>.const:$P$T175$86</name>
         <load_address>0x5c58</load_address>
         <run_address>0x5c58</run_address>
         <size>0x18</size>
         <input_file_ref idref="fl-4"/>
      </object_component>
      <object_component id="oc-2ab">
         <name>.const:$P$T176$87</name>
         <load_address>0x5c70</load_address>
         <run_address>0x5c70</run_address>
         <size>0x18</size>
         <input_file_ref idref="fl-4"/>
      </object_component>
      <object_component id="oc-2ae">
         <name>.const:$P$T177$88</name>
         <load_address>0x5c88</load_address>
         <run_address>0x5c88</run_address>
         <size>0x18</size>
         <input_file_ref idref="fl-4"/>
      </object_component>
      <object_component id="oc-2b1">
         <name>.const:$P$T178$89</name>
         <load_address>0x5ca0</load_address>
         <run_address>0x5ca0</run_address>
         <size>0x18</size>
         <input_file_ref idref="fl-4"/>
      </object_component>
      <object_component id="oc-2b4">
         <name>.const:$P$T179$90</name>
         <load_address>0x5cb8</load_address>
         <run_address>0x5cb8</run_address>
         <size>0x18</size>
         <input_file_ref idref="fl-4"/>
      </object_component>
      <object_component id="oc-1c1">
         <name>.const:$P$T18$9</name>
         <load_address>0x5cd0</load_address>
         <run_address>0x5cd0</run_address>
         <size>0x18</size>
         <input_file_ref idref="fl-4"/>
      </object_component>
      <object_component id="oc-1c4">
         <name>.const:$P$T19$10</name>
         <load_address>0x5ce8</load_address>
         <run_address>0x5ce8</run_address>
         <size>0x18</size>
         <input_file_ref idref="fl-4"/>
      </object_component>
      <object_component id="oc-1a9">
         <name>.const:$P$T2$1</name>
         <load_address>0x5d00</load_address>
         <run_address>0x5d00</run_address>
         <size>0x18</size>
         <input_file_ref idref="fl-4"/>
      </object_component>
      <object_component id="oc-1c7">
         <name>.const:$P$T22$11</name>
         <load_address>0x5d18</load_address>
         <run_address>0x5d18</run_address>
         <size>0x18</size>
         <input_file_ref idref="fl-4"/>
      </object_component>
      <object_component id="oc-1ca">
         <name>.const:$P$T23$12</name>
         <load_address>0x5d30</load_address>
         <run_address>0x5d30</run_address>
         <size>0x18</size>
         <input_file_ref idref="fl-4"/>
      </object_component>
      <object_component id="oc-1cd">
         <name>.const:$P$T26$13</name>
         <load_address>0x5d48</load_address>
         <run_address>0x5d48</run_address>
         <size>0x18</size>
         <input_file_ref idref="fl-4"/>
      </object_component>
      <object_component id="oc-1d0">
         <name>.const:$P$T27$14</name>
         <load_address>0x5d60</load_address>
         <run_address>0x5d60</run_address>
         <size>0x18</size>
         <input_file_ref idref="fl-4"/>
      </object_component>
      <object_component id="oc-1ac">
         <name>.const:$P$T3$2</name>
         <load_address>0x5d78</load_address>
         <run_address>0x5d78</run_address>
         <size>0x18</size>
         <input_file_ref idref="fl-4"/>
      </object_component>
      <object_component id="oc-1d3">
         <name>.const:$P$T30$15</name>
         <load_address>0x5d90</load_address>
         <run_address>0x5d90</run_address>
         <size>0x18</size>
         <input_file_ref idref="fl-4"/>
      </object_component>
      <object_component id="oc-1d6">
         <name>.const:$P$T31$16</name>
         <load_address>0x5da8</load_address>
         <run_address>0x5da8</run_address>
         <size>0x18</size>
         <input_file_ref idref="fl-4"/>
      </object_component>
      <object_component id="oc-1d9">
         <name>.const:$P$T34$17</name>
         <load_address>0x5dc0</load_address>
         <run_address>0x5dc0</run_address>
         <size>0x18</size>
         <input_file_ref idref="fl-4"/>
      </object_component>
      <object_component id="oc-1dc">
         <name>.const:$P$T35$18</name>
         <load_address>0x5dd8</load_address>
         <run_address>0x5dd8</run_address>
         <size>0x18</size>
         <input_file_ref idref="fl-4"/>
      </object_component>
      <object_component id="oc-1df">
         <name>.const:$P$T38$19</name>
         <load_address>0x5df0</load_address>
         <run_address>0x5df0</run_address>
         <size>0x18</size>
         <input_file_ref idref="fl-4"/>
      </object_component>
      <object_component id="oc-1e2">
         <name>.const:$P$T39$20</name>
         <load_address>0x5e08</load_address>
         <run_address>0x5e08</run_address>
         <size>0x18</size>
         <input_file_ref idref="fl-4"/>
      </object_component>
      <object_component id="oc-1e5">
         <name>.const:$P$T42$21</name>
         <load_address>0x5e20</load_address>
         <run_address>0x5e20</run_address>
         <size>0x18</size>
         <input_file_ref idref="fl-4"/>
      </object_component>
      <object_component id="oc-1e8">
         <name>.const:$P$T43$22</name>
         <load_address>0x5e38</load_address>
         <run_address>0x5e38</run_address>
         <size>0x18</size>
         <input_file_ref idref="fl-4"/>
      </object_component>
      <object_component id="oc-1eb">
         <name>.const:$P$T46$23</name>
         <load_address>0x5e50</load_address>
         <run_address>0x5e50</run_address>
         <size>0x18</size>
         <input_file_ref idref="fl-4"/>
      </object_component>
      <object_component id="oc-1ee">
         <name>.const:$P$T47$24</name>
         <load_address>0x5e68</load_address>
         <run_address>0x5e68</run_address>
         <size>0x18</size>
         <input_file_ref idref="fl-4"/>
      </object_component>
      <object_component id="oc-1f1">
         <name>.const:$P$T50$25</name>
         <load_address>0x5e80</load_address>
         <run_address>0x5e80</run_address>
         <size>0x18</size>
         <input_file_ref idref="fl-4"/>
      </object_component>
      <object_component id="oc-1f4">
         <name>.const:$P$T51$26</name>
         <load_address>0x5e98</load_address>
         <run_address>0x5e98</run_address>
         <size>0x18</size>
         <input_file_ref idref="fl-4"/>
      </object_component>
      <object_component id="oc-1f7">
         <name>.const:$P$T54$27</name>
         <load_address>0x5eb0</load_address>
         <run_address>0x5eb0</run_address>
         <size>0x18</size>
         <input_file_ref idref="fl-4"/>
      </object_component>
      <object_component id="oc-1fa">
         <name>.const:$P$T55$28</name>
         <load_address>0x5ec8</load_address>
         <run_address>0x5ec8</run_address>
         <size>0x18</size>
         <input_file_ref idref="fl-4"/>
      </object_component>
      <object_component id="oc-1fd">
         <name>.const:$P$T58$29</name>
         <load_address>0x5ee0</load_address>
         <run_address>0x5ee0</run_address>
         <size>0x18</size>
         <input_file_ref idref="fl-4"/>
      </object_component>
      <object_component id="oc-200">
         <name>.const:$P$T59$30</name>
         <load_address>0x5ef8</load_address>
         <run_address>0x5ef8</run_address>
         <size>0x18</size>
         <input_file_ref idref="fl-4"/>
      </object_component>
      <object_component id="oc-1af">
         <name>.const:$P$T6$3</name>
         <load_address>0x5f10</load_address>
         <run_address>0x5f10</run_address>
         <size>0x18</size>
         <input_file_ref idref="fl-4"/>
      </object_component>
      <object_component id="oc-203">
         <name>.const:$P$T62$31</name>
         <load_address>0x5f28</load_address>
         <run_address>0x5f28</run_address>
         <size>0x18</size>
         <input_file_ref idref="fl-4"/>
      </object_component>
      <object_component id="oc-206">
         <name>.const:$P$T63$32</name>
         <load_address>0x5f40</load_address>
         <run_address>0x5f40</run_address>
         <size>0x18</size>
         <input_file_ref idref="fl-4"/>
      </object_component>
      <object_component id="oc-209">
         <name>.const:$P$T66$33</name>
         <load_address>0x5f58</load_address>
         <run_address>0x5f58</run_address>
         <size>0x18</size>
         <input_file_ref idref="fl-4"/>
      </object_component>
      <object_component id="oc-20c">
         <name>.const:$P$T67$34</name>
         <load_address>0x5f70</load_address>
         <run_address>0x5f70</run_address>
         <size>0x18</size>
         <input_file_ref idref="fl-4"/>
      </object_component>
      <object_component id="oc-1b2">
         <name>.const:$P$T7$4</name>
         <load_address>0x5f88</load_address>
         <run_address>0x5f88</run_address>
         <size>0x18</size>
         <input_file_ref idref="fl-4"/>
      </object_component>
      <object_component id="oc-20f">
         <name>.const:$P$T70$35</name>
         <load_address>0x5fa0</load_address>
         <run_address>0x5fa0</run_address>
         <size>0x18</size>
         <input_file_ref idref="fl-4"/>
      </object_component>
      <object_component id="oc-212">
         <name>.const:$P$T71$36</name>
         <load_address>0x5fb8</load_address>
         <run_address>0x5fb8</run_address>
         <size>0x18</size>
         <input_file_ref idref="fl-4"/>
      </object_component>
      <object_component id="oc-215">
         <name>.const:$P$T78$37</name>
         <load_address>0x5fd0</load_address>
         <run_address>0x5fd0</run_address>
         <size>0x18</size>
         <input_file_ref idref="fl-4"/>
      </object_component>
      <object_component id="oc-218">
         <name>.const:$P$T79$38</name>
         <load_address>0x5fe8</load_address>
         <run_address>0x5fe8</run_address>
         <size>0x18</size>
         <input_file_ref idref="fl-4"/>
      </object_component>
      <object_component id="oc-21b">
         <name>.const:$P$T80$39</name>
         <load_address>0x6000</load_address>
         <run_address>0x6000</run_address>
         <size>0x18</size>
         <input_file_ref idref="fl-4"/>
      </object_component>
      <object_component id="oc-21e">
         <name>.const:$P$T81$40</name>
         <load_address>0x6018</load_address>
         <run_address>0x6018</run_address>
         <size>0x18</size>
         <input_file_ref idref="fl-4"/>
      </object_component>
      <object_component id="oc-221">
         <name>.const:$P$T82$41</name>
         <load_address>0x6030</load_address>
         <run_address>0x6030</run_address>
         <size>0x18</size>
         <input_file_ref idref="fl-4"/>
      </object_component>
      <object_component id="oc-224">
         <name>.const:$P$T83$42</name>
         <load_address>0x6048</load_address>
         <run_address>0x6048</run_address>
         <size>0x18</size>
         <input_file_ref idref="fl-4"/>
      </object_component>
      <object_component id="oc-227">
         <name>.const:$P$T90$43</name>
         <load_address>0x6060</load_address>
         <run_address>0x6060</run_address>
         <size>0x18</size>
         <input_file_ref idref="fl-4"/>
      </object_component>
      <object_component id="oc-22a">
         <name>.const:$P$T91$44</name>
         <load_address>0x6078</load_address>
         <run_address>0x6078</run_address>
         <size>0x18</size>
         <input_file_ref idref="fl-4"/>
      </object_component>
      <object_component id="oc-22d">
         <name>.const:$P$T92$45</name>
         <load_address>0x6090</load_address>
         <run_address>0x6090</run_address>
         <size>0x18</size>
         <input_file_ref idref="fl-4"/>
      </object_component>
      <object_component id="oc-230">
         <name>.const:$P$T93$46</name>
         <load_address>0x60a8</load_address>
         <run_address>0x60a8</run_address>
         <size>0x18</size>
         <input_file_ref idref="fl-4"/>
      </object_component>
      <object_component id="oc-233">
         <name>.const:$P$T94$47</name>
         <load_address>0x60c0</load_address>
         <run_address>0x60c0</run_address>
         <size>0x18</size>
         <input_file_ref idref="fl-4"/>
      </object_component>
      <object_component id="oc-236">
         <name>.const:$P$T95$48</name>
         <load_address>0x60d8</load_address>
         <run_address>0x60d8</run_address>
         <size>0x18</size>
         <input_file_ref idref="fl-4"/>
      </object_component>
      <object_component id="oc-e7">
         <name>.const:.string:$P$T1$1</name>
         <load_address>0x60f0</load_address>
         <run_address>0x60f0</run_address>
         <size>0xa</size>
         <input_file_ref idref="fl-8"/>
      </object_component>
      <object_component id="oc-49d">
         <name>__TI_handler_table</name>
         <load_address>0x6100</load_address>
         <run_address>0x6100</run_address>
         <size>0x8</size>
      </object_component>
      <object_component id="oc-49f">
         <name>.cinit..data.load</name>
         <load_address>0x6108</load_address>
         <run_address>0x6108</run_address>
         <size>0x7</size>
      </object_component>
      <object_component id="oc-49e">
         <name>__TI_cinit_table</name>
         <load_address>0x6110</load_address>
         <run_address>0x6110</run_address>
         <size>0x8</size>
      </object_component>
      <object_component id="oc-42a">
         <name>.data</name>
         <load_address>0x20000200</load_address>
         <run_address>0x20000200</run_address>
         <size>0x4</size>
         <input_file_ref idref="fl-db"/>
      </object_component>
      <object_component id="oc-24">
         <name>.stack</name>
         <uninitialized>true</uninitialized>
         <run_address>0x20000000</run_address>
         <size>0x4</size>
         <input_file_ref idref="fl-da"/>
      </object_component>
      <object_component id="oc-4a1">
         <name>.stack</name>
         <uninitialized>true</uninitialized>
         <run_address>0x20000000</run_address>
         <size>0x0</size>
      </object_component>
      <object_component id="oc-c4">
         <name>.debug_info</name>
         <load_address>0x0</load_address>
         <run_address>0x0</run_address>
         <size>0x477</size>
         <input_file_ref idref="fl-2"/>
      </object_component>
      <object_component id="oc-13c">
         <name>.debug_info</name>
         <load_address>0x477</load_address>
         <run_address>0x477</run_address>
         <size>0x6c</size>
         <input_file_ref idref="fl-2"/>
      </object_component>
      <object_component id="oc-36">
         <name>.debug_info</name>
         <load_address>0x4e3</load_address>
         <run_address>0x4e3</run_address>
         <size>0x84</size>
         <input_file_ref idref="fl-2"/>
      </object_component>
      <object_component id="oc-eb">
         <name>.debug_info</name>
         <load_address>0x567</load_address>
         <run_address>0x567</run_address>
         <size>0xae</size>
         <input_file_ref idref="fl-2"/>
      </object_component>
      <object_component id="oc-b2">
         <name>.debug_info</name>
         <load_address>0x615</load_address>
         <run_address>0x615</run_address>
         <size>0x43f</size>
         <input_file_ref idref="fl-3"/>
      </object_component>
      <object_component id="oc-dd">
         <name>.debug_info</name>
         <load_address>0xa54</load_address>
         <run_address>0xa54</run_address>
         <size>0x1196</size>
         <input_file_ref idref="fl-3"/>
      </object_component>
      <object_component id="oc-f1">
         <name>.debug_info</name>
         <load_address>0x1bea</load_address>
         <run_address>0x1bea</run_address>
         <size>0x51</size>
         <input_file_ref idref="fl-3"/>
      </object_component>
      <object_component id="oc-70">
         <name>.debug_info</name>
         <load_address>0x1c3b</load_address>
         <run_address>0x1c3b</run_address>
         <size>0x26b</size>
         <input_file_ref idref="fl-3"/>
      </object_component>
      <object_component id="oc-ad">
         <name>.debug_info</name>
         <load_address>0x1ea6</load_address>
         <run_address>0x1ea6</run_address>
         <size>0x2a4</size>
         <input_file_ref idref="fl-3"/>
      </object_component>
      <object_component id="oc-ba">
         <name>.debug_info</name>
         <load_address>0x214a</load_address>
         <run_address>0x214a</run_address>
         <size>0x2c</size>
         <input_file_ref idref="fl-3"/>
      </object_component>
      <object_component id="oc-136">
         <name>.debug_info</name>
         <load_address>0x2176</load_address>
         <run_address>0x2176</run_address>
         <size>0x35</size>
         <input_file_ref idref="fl-3"/>
      </object_component>
      <object_component id="oc-2b8">
         <name>.debug_info</name>
         <load_address>0x21ab</load_address>
         <run_address>0x21ab</run_address>
         <size>0x3ce</size>
         <input_file_ref idref="fl-4"/>
      </object_component>
      <object_component id="oc-1aa">
         <name>.debug_info</name>
         <load_address>0x2579</load_address>
         <run_address>0x2579</run_address>
         <size>0xf1</size>
         <input_file_ref idref="fl-4"/>
      </object_component>
      <object_component id="oc-1ad">
         <name>.debug_info</name>
         <load_address>0x266a</load_address>
         <run_address>0x266a</run_address>
         <size>0xf1</size>
         <input_file_ref idref="fl-4"/>
      </object_component>
      <object_component id="oc-1b0">
         <name>.debug_info</name>
         <load_address>0x275b</load_address>
         <run_address>0x275b</run_address>
         <size>0xf1</size>
         <input_file_ref idref="fl-4"/>
      </object_component>
      <object_component id="oc-1b3">
         <name>.debug_info</name>
         <load_address>0x284c</load_address>
         <run_address>0x284c</run_address>
         <size>0xf1</size>
         <input_file_ref idref="fl-4"/>
      </object_component>
      <object_component id="oc-1b6">
         <name>.debug_info</name>
         <load_address>0x293d</load_address>
         <run_address>0x293d</run_address>
         <size>0xf3</size>
         <input_file_ref idref="fl-4"/>
      </object_component>
      <object_component id="oc-1b9">
         <name>.debug_info</name>
         <load_address>0x2a30</load_address>
         <run_address>0x2a30</run_address>
         <size>0xf3</size>
         <input_file_ref idref="fl-4"/>
      </object_component>
      <object_component id="oc-1bc">
         <name>.debug_info</name>
         <load_address>0x2b23</load_address>
         <run_address>0x2b23</run_address>
         <size>0xf3</size>
         <input_file_ref idref="fl-4"/>
      </object_component>
      <object_component id="oc-1bf">
         <name>.debug_info</name>
         <load_address>0x2c16</load_address>
         <run_address>0x2c16</run_address>
         <size>0xf3</size>
         <input_file_ref idref="fl-4"/>
      </object_component>
      <object_component id="oc-1c2">
         <name>.debug_info</name>
         <load_address>0x2d09</load_address>
         <run_address>0x2d09</run_address>
         <size>0xf3</size>
         <input_file_ref idref="fl-4"/>
      </object_component>
      <object_component id="oc-1c5">
         <name>.debug_info</name>
         <load_address>0x2dfc</load_address>
         <run_address>0x2dfc</run_address>
         <size>0xf5</size>
         <input_file_ref idref="fl-4"/>
      </object_component>
      <object_component id="oc-1c8">
         <name>.debug_info</name>
         <load_address>0x2ef1</load_address>
         <run_address>0x2ef1</run_address>
         <size>0xf5</size>
         <input_file_ref idref="fl-4"/>
      </object_component>
      <object_component id="oc-1cb">
         <name>.debug_info</name>
         <load_address>0x2fe6</load_address>
         <run_address>0x2fe6</run_address>
         <size>0xf5</size>
         <input_file_ref idref="fl-4"/>
      </object_component>
      <object_component id="oc-1ce">
         <name>.debug_info</name>
         <load_address>0x30db</load_address>
         <run_address>0x30db</run_address>
         <size>0xf5</size>
         <input_file_ref idref="fl-4"/>
      </object_component>
      <object_component id="oc-1d1">
         <name>.debug_info</name>
         <load_address>0x31d0</load_address>
         <run_address>0x31d0</run_address>
         <size>0xf5</size>
         <input_file_ref idref="fl-4"/>
      </object_component>
      <object_component id="oc-1d4">
         <name>.debug_info</name>
         <load_address>0x32c5</load_address>
         <run_address>0x32c5</run_address>
         <size>0xf5</size>
         <input_file_ref idref="fl-4"/>
      </object_component>
      <object_component id="oc-1d7">
         <name>.debug_info</name>
         <load_address>0x33ba</load_address>
         <run_address>0x33ba</run_address>
         <size>0xf5</size>
         <input_file_ref idref="fl-4"/>
      </object_component>
      <object_component id="oc-1da">
         <name>.debug_info</name>
         <load_address>0x34af</load_address>
         <run_address>0x34af</run_address>
         <size>0xf5</size>
         <input_file_ref idref="fl-4"/>
      </object_component>
      <object_component id="oc-1dd">
         <name>.debug_info</name>
         <load_address>0x35a4</load_address>
         <run_address>0x35a4</run_address>
         <size>0xf5</size>
         <input_file_ref idref="fl-4"/>
      </object_component>
      <object_component id="oc-1e0">
         <name>.debug_info</name>
         <load_address>0x3699</load_address>
         <run_address>0x3699</run_address>
         <size>0xf5</size>
         <input_file_ref idref="fl-4"/>
      </object_component>
      <object_component id="oc-1e3">
         <name>.debug_info</name>
         <load_address>0x378e</load_address>
         <run_address>0x378e</run_address>
         <size>0xf5</size>
         <input_file_ref idref="fl-4"/>
      </object_component>
      <object_component id="oc-1e6">
         <name>.debug_info</name>
         <load_address>0x3883</load_address>
         <run_address>0x3883</run_address>
         <size>0xf5</size>
         <input_file_ref idref="fl-4"/>
      </object_component>
      <object_component id="oc-1e9">
         <name>.debug_info</name>
         <load_address>0x3978</load_address>
         <run_address>0x3978</run_address>
         <size>0xf5</size>
         <input_file_ref idref="fl-4"/>
      </object_component>
      <object_component id="oc-1ec">
         <name>.debug_info</name>
         <load_address>0x3a6d</load_address>
         <run_address>0x3a6d</run_address>
         <size>0xf5</size>
         <input_file_ref idref="fl-4"/>
      </object_component>
      <object_component id="oc-1ef">
         <name>.debug_info</name>
         <load_address>0x3b62</load_address>
         <run_address>0x3b62</run_address>
         <size>0xf5</size>
         <input_file_ref idref="fl-4"/>
      </object_component>
      <object_component id="oc-1f2">
         <name>.debug_info</name>
         <load_address>0x3c57</load_address>
         <run_address>0x3c57</run_address>
         <size>0xf5</size>
         <input_file_ref idref="fl-4"/>
      </object_component>
      <object_component id="oc-1f5">
         <name>.debug_info</name>
         <load_address>0x3d4c</load_address>
         <run_address>0x3d4c</run_address>
         <size>0xf5</size>
         <input_file_ref idref="fl-4"/>
      </object_component>
      <object_component id="oc-1f8">
         <name>.debug_info</name>
         <load_address>0x3e41</load_address>
         <run_address>0x3e41</run_address>
         <size>0xf5</size>
         <input_file_ref idref="fl-4"/>
      </object_component>
      <object_component id="oc-1fb">
         <name>.debug_info</name>
         <load_address>0x3f36</load_address>
         <run_address>0x3f36</run_address>
         <size>0xf5</size>
         <input_file_ref idref="fl-4"/>
      </object_component>
      <object_component id="oc-1fe">
         <name>.debug_info</name>
         <load_address>0x402b</load_address>
         <run_address>0x402b</run_address>
         <size>0xf5</size>
         <input_file_ref idref="fl-4"/>
      </object_component>
      <object_component id="oc-201">
         <name>.debug_info</name>
         <load_address>0x4120</load_address>
         <run_address>0x4120</run_address>
         <size>0xf5</size>
         <input_file_ref idref="fl-4"/>
      </object_component>
      <object_component id="oc-204">
         <name>.debug_info</name>
         <load_address>0x4215</load_address>
         <run_address>0x4215</run_address>
         <size>0xf5</size>
         <input_file_ref idref="fl-4"/>
      </object_component>
      <object_component id="oc-207">
         <name>.debug_info</name>
         <load_address>0x430a</load_address>
         <run_address>0x430a</run_address>
         <size>0xf5</size>
         <input_file_ref idref="fl-4"/>
      </object_component>
      <object_component id="oc-20a">
         <name>.debug_info</name>
         <load_address>0x43ff</load_address>
         <run_address>0x43ff</run_address>
         <size>0xf5</size>
         <input_file_ref idref="fl-4"/>
      </object_component>
      <object_component id="oc-20d">
         <name>.debug_info</name>
         <load_address>0x44f4</load_address>
         <run_address>0x44f4</run_address>
         <size>0xf5</size>
         <input_file_ref idref="fl-4"/>
      </object_component>
      <object_component id="oc-210">
         <name>.debug_info</name>
         <load_address>0x45e9</load_address>
         <run_address>0x45e9</run_address>
         <size>0xf5</size>
         <input_file_ref idref="fl-4"/>
      </object_component>
      <object_component id="oc-213">
         <name>.debug_info</name>
         <load_address>0x46de</load_address>
         <run_address>0x46de</run_address>
         <size>0xf5</size>
         <input_file_ref idref="fl-4"/>
      </object_component>
      <object_component id="oc-216">
         <name>.debug_info</name>
         <load_address>0x47d3</load_address>
         <run_address>0x47d3</run_address>
         <size>0xf6</size>
         <input_file_ref idref="fl-4"/>
      </object_component>
      <object_component id="oc-219">
         <name>.debug_info</name>
         <load_address>0x48c9</load_address>
         <run_address>0x48c9</run_address>
         <size>0xf6</size>
         <input_file_ref idref="fl-4"/>
      </object_component>
      <object_component id="oc-21c">
         <name>.debug_info</name>
         <load_address>0x49bf</load_address>
         <run_address>0x49bf</run_address>
         <size>0xf6</size>
         <input_file_ref idref="fl-4"/>
      </object_component>
      <object_component id="oc-21f">
         <name>.debug_info</name>
         <load_address>0x4ab5</load_address>
         <run_address>0x4ab5</run_address>
         <size>0xf6</size>
         <input_file_ref idref="fl-4"/>
      </object_component>
      <object_component id="oc-222">
         <name>.debug_info</name>
         <load_address>0x4bab</load_address>
         <run_address>0x4bab</run_address>
         <size>0xf6</size>
         <input_file_ref idref="fl-4"/>
      </object_component>
      <object_component id="oc-225">
         <name>.debug_info</name>
         <load_address>0x4ca1</load_address>
         <run_address>0x4ca1</run_address>
         <size>0xf6</size>
         <input_file_ref idref="fl-4"/>
      </object_component>
      <object_component id="oc-228">
         <name>.debug_info</name>
         <load_address>0x4d97</load_address>
         <run_address>0x4d97</run_address>
         <size>0xf6</size>
         <input_file_ref idref="fl-4"/>
      </object_component>
      <object_component id="oc-22b">
         <name>.debug_info</name>
         <load_address>0x4e8d</load_address>
         <run_address>0x4e8d</run_address>
         <size>0xf6</size>
         <input_file_ref idref="fl-4"/>
      </object_component>
      <object_component id="oc-22e">
         <name>.debug_info</name>
         <load_address>0x4f83</load_address>
         <run_address>0x4f83</run_address>
         <size>0xf6</size>
         <input_file_ref idref="fl-4"/>
      </object_component>
      <object_component id="oc-231">
         <name>.debug_info</name>
         <load_address>0x5079</load_address>
         <run_address>0x5079</run_address>
         <size>0xf6</size>
         <input_file_ref idref="fl-4"/>
      </object_component>
      <object_component id="oc-234">
         <name>.debug_info</name>
         <load_address>0x516f</load_address>
         <run_address>0x516f</run_address>
         <size>0xf6</size>
         <input_file_ref idref="fl-4"/>
      </object_component>
      <object_component id="oc-237">
         <name>.debug_info</name>
         <load_address>0x5265</load_address>
         <run_address>0x5265</run_address>
         <size>0xf6</size>
         <input_file_ref idref="fl-4"/>
      </object_component>
      <object_component id="oc-23a">
         <name>.debug_info</name>
         <load_address>0x535b</load_address>
         <run_address>0x535b</run_address>
         <size>0xf8</size>
         <input_file_ref idref="fl-4"/>
      </object_component>
      <object_component id="oc-23d">
         <name>.debug_info</name>
         <load_address>0x5453</load_address>
         <run_address>0x5453</run_address>
         <size>0xf8</size>
         <input_file_ref idref="fl-4"/>
      </object_component>
      <object_component id="oc-240">
         <name>.debug_info</name>
         <load_address>0x554b</load_address>
         <run_address>0x554b</run_address>
         <size>0xf8</size>
         <input_file_ref idref="fl-4"/>
      </object_component>
      <object_component id="oc-243">
         <name>.debug_info</name>
         <load_address>0x5643</load_address>
         <run_address>0x5643</run_address>
         <size>0xf8</size>
         <input_file_ref idref="fl-4"/>
      </object_component>
      <object_component id="oc-246">
         <name>.debug_info</name>
         <load_address>0x573b</load_address>
         <run_address>0x573b</run_address>
         <size>0xf8</size>
         <input_file_ref idref="fl-4"/>
      </object_component>
      <object_component id="oc-249">
         <name>.debug_info</name>
         <load_address>0x5833</load_address>
         <run_address>0x5833</run_address>
         <size>0xf8</size>
         <input_file_ref idref="fl-4"/>
      </object_component>
      <object_component id="oc-24c">
         <name>.debug_info</name>
         <load_address>0x592b</load_address>
         <run_address>0x592b</run_address>
         <size>0xf8</size>
         <input_file_ref idref="fl-4"/>
      </object_component>
      <object_component id="oc-24f">
         <name>.debug_info</name>
         <load_address>0x5a23</load_address>
         <run_address>0x5a23</run_address>
         <size>0xf8</size>
         <input_file_ref idref="fl-4"/>
      </object_component>
      <object_component id="oc-252">
         <name>.debug_info</name>
         <load_address>0x5b1b</load_address>
         <run_address>0x5b1b</run_address>
         <size>0xf8</size>
         <input_file_ref idref="fl-4"/>
      </object_component>
      <object_component id="oc-255">
         <name>.debug_info</name>
         <load_address>0x5c13</load_address>
         <run_address>0x5c13</run_address>
         <size>0xf8</size>
         <input_file_ref idref="fl-4"/>
      </object_component>
      <object_component id="oc-258">
         <name>.debug_info</name>
         <load_address>0x5d0b</load_address>
         <run_address>0x5d0b</run_address>
         <size>0xf8</size>
         <input_file_ref idref="fl-4"/>
      </object_component>
      <object_component id="oc-25b">
         <name>.debug_info</name>
         <load_address>0x5e03</load_address>
         <run_address>0x5e03</run_address>
         <size>0xf8</size>
         <input_file_ref idref="fl-4"/>
      </object_component>
      <object_component id="oc-25e">
         <name>.debug_info</name>
         <load_address>0x5efb</load_address>
         <run_address>0x5efb</run_address>
         <size>0xf8</size>
         <input_file_ref idref="fl-4"/>
      </object_component>
      <object_component id="oc-261">
         <name>.debug_info</name>
         <load_address>0x5ff3</load_address>
         <run_address>0x5ff3</run_address>
         <size>0xf8</size>
         <input_file_ref idref="fl-4"/>
      </object_component>
      <object_component id="oc-264">
         <name>.debug_info</name>
         <load_address>0x60eb</load_address>
         <run_address>0x60eb</run_address>
         <size>0xf8</size>
         <input_file_ref idref="fl-4"/>
      </object_component>
      <object_component id="oc-267">
         <name>.debug_info</name>
         <load_address>0x61e3</load_address>
         <run_address>0x61e3</run_address>
         <size>0xf8</size>
         <input_file_ref idref="fl-4"/>
      </object_component>
      <object_component id="oc-26a">
         <name>.debug_info</name>
         <load_address>0x62db</load_address>
         <run_address>0x62db</run_address>
         <size>0xf8</size>
         <input_file_ref idref="fl-4"/>
      </object_component>
      <object_component id="oc-26d">
         <name>.debug_info</name>
         <load_address>0x63d3</load_address>
         <run_address>0x63d3</run_address>
         <size>0xf8</size>
         <input_file_ref idref="fl-4"/>
      </object_component>
      <object_component id="oc-270">
         <name>.debug_info</name>
         <load_address>0x64cb</load_address>
         <run_address>0x64cb</run_address>
         <size>0xf8</size>
         <input_file_ref idref="fl-4"/>
      </object_component>
      <object_component id="oc-273">
         <name>.debug_info</name>
         <load_address>0x65c3</load_address>
         <run_address>0x65c3</run_address>
         <size>0xf8</size>
         <input_file_ref idref="fl-4"/>
      </object_component>
      <object_component id="oc-276">
         <name>.debug_info</name>
         <load_address>0x66bb</load_address>
         <run_address>0x66bb</run_address>
         <size>0xf8</size>
         <input_file_ref idref="fl-4"/>
      </object_component>
      <object_component id="oc-279">
         <name>.debug_info</name>
         <load_address>0x67b3</load_address>
         <run_address>0x67b3</run_address>
         <size>0xf8</size>
         <input_file_ref idref="fl-4"/>
      </object_component>
      <object_component id="oc-27c">
         <name>.debug_info</name>
         <load_address>0x68ab</load_address>
         <run_address>0x68ab</run_address>
         <size>0xf8</size>
         <input_file_ref idref="fl-4"/>
      </object_component>
      <object_component id="oc-27f">
         <name>.debug_info</name>
         <load_address>0x69a3</load_address>
         <run_address>0x69a3</run_address>
         <size>0xf8</size>
         <input_file_ref idref="fl-4"/>
      </object_component>
      <object_component id="oc-282">
         <name>.debug_info</name>
         <load_address>0x6a9b</load_address>
         <run_address>0x6a9b</run_address>
         <size>0xf8</size>
         <input_file_ref idref="fl-4"/>
      </object_component>
      <object_component id="oc-285">
         <name>.debug_info</name>
         <load_address>0x6b93</load_address>
         <run_address>0x6b93</run_address>
         <size>0xf8</size>
         <input_file_ref idref="fl-4"/>
      </object_component>
      <object_component id="oc-288">
         <name>.debug_info</name>
         <load_address>0x6c8b</load_address>
         <run_address>0x6c8b</run_address>
         <size>0xf8</size>
         <input_file_ref idref="fl-4"/>
      </object_component>
      <object_component id="oc-28b">
         <name>.debug_info</name>
         <load_address>0x6d83</load_address>
         <run_address>0x6d83</run_address>
         <size>0xf8</size>
         <input_file_ref idref="fl-4"/>
      </object_component>
      <object_component id="oc-28e">
         <name>.debug_info</name>
         <load_address>0x6e7b</load_address>
         <run_address>0x6e7b</run_address>
         <size>0xf8</size>
         <input_file_ref idref="fl-4"/>
      </object_component>
      <object_component id="oc-291">
         <name>.debug_info</name>
         <load_address>0x6f73</load_address>
         <run_address>0x6f73</run_address>
         <size>0xf8</size>
         <input_file_ref idref="fl-4"/>
      </object_component>
      <object_component id="oc-294">
         <name>.debug_info</name>
         <load_address>0x706b</load_address>
         <run_address>0x706b</run_address>
         <size>0xf8</size>
         <input_file_ref idref="fl-4"/>
      </object_component>
      <object_component id="oc-297">
         <name>.debug_info</name>
         <load_address>0x7163</load_address>
         <run_address>0x7163</run_address>
         <size>0xf8</size>
         <input_file_ref idref="fl-4"/>
      </object_component>
      <object_component id="oc-29a">
         <name>.debug_info</name>
         <load_address>0x725b</load_address>
         <run_address>0x725b</run_address>
         <size>0xf8</size>
         <input_file_ref idref="fl-4"/>
      </object_component>
      <object_component id="oc-29d">
         <name>.debug_info</name>
         <load_address>0x7353</load_address>
         <run_address>0x7353</run_address>
         <size>0xf8</size>
         <input_file_ref idref="fl-4"/>
      </object_component>
      <object_component id="oc-2a0">
         <name>.debug_info</name>
         <load_address>0x744b</load_address>
         <run_address>0x744b</run_address>
         <size>0xf8</size>
         <input_file_ref idref="fl-4"/>
      </object_component>
      <object_component id="oc-2a3">
         <name>.debug_info</name>
         <load_address>0x7543</load_address>
         <run_address>0x7543</run_address>
         <size>0xf8</size>
         <input_file_ref idref="fl-4"/>
      </object_component>
      <object_component id="oc-2a6">
         <name>.debug_info</name>
         <load_address>0x763b</load_address>
         <run_address>0x763b</run_address>
         <size>0xf8</size>
         <input_file_ref idref="fl-4"/>
      </object_component>
      <object_component id="oc-2a9">
         <name>.debug_info</name>
         <load_address>0x7733</load_address>
         <run_address>0x7733</run_address>
         <size>0xf8</size>
         <input_file_ref idref="fl-4"/>
      </object_component>
      <object_component id="oc-2ac">
         <name>.debug_info</name>
         <load_address>0x782b</load_address>
         <run_address>0x782b</run_address>
         <size>0xf8</size>
         <input_file_ref idref="fl-4"/>
      </object_component>
      <object_component id="oc-2af">
         <name>.debug_info</name>
         <load_address>0x7923</load_address>
         <run_address>0x7923</run_address>
         <size>0xf8</size>
         <input_file_ref idref="fl-4"/>
      </object_component>
      <object_component id="oc-2b2">
         <name>.debug_info</name>
         <load_address>0x7a1b</load_address>
         <run_address>0x7a1b</run_address>
         <size>0xf8</size>
         <input_file_ref idref="fl-4"/>
      </object_component>
      <object_component id="oc-2b5">
         <name>.debug_info</name>
         <load_address>0x7b13</load_address>
         <run_address>0x7b13</run_address>
         <size>0xf8</size>
         <input_file_ref idref="fl-4"/>
      </object_component>
      <object_component id="oc-e4">
         <name>.debug_info</name>
         <load_address>0x7c0b</load_address>
         <run_address>0x7c0b</run_address>
         <size>0x24c4</size>
         <input_file_ref idref="fl-4"/>
      </object_component>
      <object_component id="oc-2b9">
         <name>.debug_info</name>
         <load_address>0xa0cf</load_address>
         <run_address>0xa0cf</run_address>
         <size>0x8c</size>
         <input_file_ref idref="fl-4"/>
      </object_component>
      <object_component id="oc-142">
         <name>.debug_info</name>
         <load_address>0xa15b</load_address>
         <run_address>0xa15b</run_address>
         <size>0x2c5</size>
         <input_file_ref idref="fl-5"/>
      </object_component>
      <object_component id="oc-ca">
         <name>.debug_info</name>
         <load_address>0xa420</load_address>
         <run_address>0xa420</run_address>
         <size>0x4a4</size>
         <input_file_ref idref="fl-5"/>
      </object_component>
      <object_component id="oc-d9">
         <name>.debug_info</name>
         <load_address>0xa8c4</load_address>
         <run_address>0xa8c4</run_address>
         <size>0x296</size>
         <input_file_ref idref="fl-6"/>
      </object_component>
      <object_component id="oc-149">
         <name>.debug_info</name>
         <load_address>0xab5a</load_address>
         <run_address>0xab5a</run_address>
         <size>0x28a</size>
         <input_file_ref idref="fl-7"/>
      </object_component>
      <object_component id="oc-d2">
         <name>.debug_info</name>
         <load_address>0xade4</load_address>
         <run_address>0xade4</run_address>
         <size>0x8a7</size>
         <input_file_ref idref="fl-7"/>
      </object_component>
      <object_component id="oc-f0">
         <name>.debug_info</name>
         <load_address>0xb68b</load_address>
         <run_address>0xb68b</run_address>
         <size>0x727</size>
         <input_file_ref idref="fl-8"/>
      </object_component>
      <object_component id="oc-e8">
         <name>.debug_info</name>
         <load_address>0xbdb2</load_address>
         <run_address>0xbdb2</run_address>
         <size>0xef</size>
         <input_file_ref idref="fl-8"/>
      </object_component>
      <object_component id="oc-9d">
         <name>.debug_info</name>
         <load_address>0xbea1</load_address>
         <run_address>0xbea1</run_address>
         <size>0x5a9</size>
         <input_file_ref idref="fl-8"/>
      </object_component>
      <object_component id="oc-2f">
         <name>.debug_info</name>
         <load_address>0xc44a</load_address>
         <run_address>0xc44a</run_address>
         <size>0x2cf</size>
         <input_file_ref idref="fl-9"/>
      </object_component>
      <object_component id="oc-13">
         <name>.debug_info</name>
         <load_address>0xc719</load_address>
         <run_address>0xc719</run_address>
         <size>0x10e</size>
         <input_file_ref idref="fl-9"/>
      </object_component>
      <object_component id="oc-2b">
         <name>.debug_info</name>
         <load_address>0xc827</load_address>
         <run_address>0xc827</run_address>
         <size>0x28a</size>
         <input_file_ref idref="fl-9"/>
      </object_component>
      <object_component id="oc-75">
         <name>.debug_info</name>
         <load_address>0xcab1</load_address>
         <run_address>0xcab1</run_address>
         <size>0xbb</size>
         <input_file_ref idref="fl-9"/>
      </object_component>
      <object_component id="oc-320">
         <name>.debug_info</name>
         <load_address>0xcb6c</load_address>
         <run_address>0xcb6c</run_address>
         <size>0x2a9</size>
         <input_file_ref idref="fl-c3"/>
      </object_component>
      <object_component id="oc-177">
         <name>.debug_info</name>
         <load_address>0xce15</load_address>
         <run_address>0xce15</run_address>
         <size>0x247</size>
         <input_file_ref idref="fl-c3"/>
      </object_component>
      <object_component id="oc-423">
         <name>.debug_info</name>
         <load_address>0xd05c</load_address>
         <run_address>0xd05c</run_address>
         <size>0x46</size>
         <input_file_ref idref="fl-c3"/>
      </object_component>
      <object_component id="oc-30a">
         <name>.debug_info</name>
         <load_address>0xd0a2</load_address>
         <run_address>0xd0a2</run_address>
         <size>0x39</size>
         <input_file_ref idref="fl-c3"/>
      </object_component>
      <object_component id="oc-318">
         <name>.debug_info</name>
         <load_address>0xd0db</load_address>
         <run_address>0xd0db</run_address>
         <size>0x2c5</size>
         <input_file_ref idref="fl-c4"/>
      </object_component>
      <object_component id="oc-172">
         <name>.debug_info</name>
         <load_address>0xd3a0</load_address>
         <run_address>0xd3a0</run_address>
         <size>0x24e</size>
         <input_file_ref idref="fl-c4"/>
      </object_component>
      <object_component id="oc-46b">
         <name>.debug_info</name>
         <load_address>0xd5ee</load_address>
         <run_address>0xd5ee</run_address>
         <size>0x2f2</size>
         <input_file_ref idref="fl-c5"/>
      </object_component>
      <object_component id="oc-432">
         <name>.debug_info</name>
         <load_address>0xd8e0</load_address>
         <run_address>0xd8e0</run_address>
         <size>0x131</size>
         <input_file_ref idref="fl-c5"/>
      </object_component>
      <object_component id="oc-31b">
         <name>.debug_info</name>
         <load_address>0xda11</load_address>
         <run_address>0xda11</run_address>
         <size>0x4ac</size>
         <input_file_ref idref="fl-c5"/>
      </object_component>
      <object_component id="oc-310">
         <name>.debug_info</name>
         <load_address>0xdebd</load_address>
         <run_address>0xdebd</run_address>
         <size>0x361</size>
         <input_file_ref idref="fl-c6"/>
      </object_component>
      <object_component id="oc-16b">
         <name>.debug_info</name>
         <load_address>0xe21e</load_address>
         <run_address>0xe21e</run_address>
         <size>0x79b</size>
         <input_file_ref idref="fl-c6"/>
      </object_component>
      <object_component id="oc-309">
         <name>.debug_info</name>
         <load_address>0xe9b9</load_address>
         <run_address>0xe9b9</run_address>
         <size>0x361</size>
         <input_file_ref idref="fl-c7"/>
      </object_component>
      <object_component id="oc-167">
         <name>.debug_info</name>
         <load_address>0xed1a</load_address>
         <run_address>0xed1a</run_address>
         <size>0x7ae</size>
         <input_file_ref idref="fl-c7"/>
[...]
            <load_size>0x7</load_size>
            <run_address>0x20000200</run_address>
            <run_size>0x4</run_size>
            <compression>lzss</compression>
         </cprec>
      </cptbl>
   </cptbl_list>
   <handler_table>
      <handler_table_name>__TI_handler_table</handler_table_name>
      <handler>
         <index>0x0</index>
         <name>__TI_decompress_lzss</name>
      </handler>
      <handler>
         <index>0x1</index>
         <name>__TI_decompress_none</name>
      </handler>
   </handler_table>
   <symbol_table>
      <symbol id="sm-1">
         <name>__STACK_TOP</name>
         <value>0x20000200</value>
      </symbol>
      <symbol id="sm-2">
         <name>__start___llvm_prf_cnts</name>
         <value>0x20000000</value>
      </symbol>
      <symbol id="sm-3">
         <name>__stop___llvm_prf_cnts</name>
         <value>0x20000000</value>
      </symbol>
      <symbol id="sm-4">
         <name>__TI_CINIT_Base</name>
         <value>0x6110</value>
      </symbol>
      <symbol id="sm-5">
         <name>__TI_CINIT_Limit</name>
         <value>0x6118</value>
      </symbol>
      <symbol id="sm-6">
         <name>__TI_Handler_Table_Base</name>
         <value>0x6100</value>
      </symbol>
      <symbol id="sm-7">
         <name>__TI_Handler_Table_Limit</name>
         <value>0x6108</value>
      </symbol>
      <symbol id="sm-8">
         <name>binit</name>
         <value>0xffffffff</value>
      </symbol>
      <symbol id="sm-9">
         <name>__binit__</name>
         <value>0xffffffff</value>
      </symbol>
      <symbol id="sm-a">
         <name>__STACK_SIZE</name>
         <value>0x200</value>
      </symbol>
      <symbol id="sm-b">
         <name>__STACK_END</name>
         <value>0x20000200</value>
      </symbol>
      <symbol id="sm-c">
         <name>__c_args__</name>
         <value>0xffffffff</value>
      </symbol>
      <symbol id="sm-d">
         <name>__TI_pprof_out_hndl</name>
         <value>0xffffffff</value>
      </symbol>
      <symbol id="sm-e">
         <name>__TI_prof_data_start</name>
         <value>0xffffffff</value>
      </symbol>
      <symbol id="sm-f">
         <name>__TI_prof_data_size</name>
         <value>0xffffffff</value>
      </symbol>
      <symbol id="sm-79">
         <name>GPIO_PORT_Init</name>
         <value>0x3a5f</value>
         <object_component_ref idref="oc-c3"/>
      </symbol>
      <symbol id="sm-7a">
         <name>LED_Off</name>
         <value>0x3c59</value>
         <object_component_ref idref="oc-c3"/>
      </symbol>
      <symbol id="sm-7b">
         <name>GPS_GPIO_Init</name>
         <value>0x3b6b</value>
         <object_component_ref idref="oc-c3"/>
      </symbol>
      <symbol id="sm-7c">
         <name>GPIO_PORTF_Init</name>
         <value>0x3c01</value>
         <object_component_ref idref="oc-c3"/>
      </symbol>
      <symbol id="sm-7d">
         <name>BUZZ_Off</name>
         <value>0x3c71</value>
         <object_component_ref idref="oc-c3"/>
      </symbol>
      <symbol id="sm-7e">
         <name>Button_Pressed</name>
         <value>0x3c7d</value>
         <object_component_ref idref="oc-c3"/>
      </symbol>
      <symbol id="sm-7f">
         <name>GPIO_Init</name>
         <value>0x3a3d</value>
         <object_component_ref idref="oc-c3"/>
      </symbol>
      <symbol id="sm-80">
         <name>LED_On</name>
         <value>0x3c4d</value>
         <object_component_ref idref="oc-c3"/>
      </symbol>
      <symbol id="sm-81">
         <name>Button_GPIO_Init</name>
         <value>0x3bb3</value>
         <object_component_ref idref="oc-c3"/>
      </symbol>
      <symbol id="sm-82">
         <name>BUZZ_On</name>
         <value>0x3c65</value>
         <object_component_ref idref="oc-c3"/>
      </symbol>
      <symbol id="sm-e5">
         <name>stof</name>
         <value>0x2925</value>
         <object_component_ref idref="oc-db"/>
      </symbol>
      <symbol id="sm-e6">
         <name>GPS_readNMEASentence</name>
         <value>0x2627</value>
         <object_component_ref idref="oc-db"/>
      </symbol>
      <symbol id="sm-e7">
         <name>GPS_degreesToRadians</name>
         <value>0x2467</value>
         <object_component_ref idref="oc-db"/>
      </symbol>
      <symbol id="sm-e8">
         <name>customStrtok_r</name>
         <value>0x29eb</value>
         <object_component_ref idref="oc-db"/>
      </symbol>
      <symbol id="sm-e9">
         <name>GPS_getDistance_angleInDegrees</name>
         <value>0x2489</value>
         <object_component_ref idref="oc-db"/>
      </symbol>
      <symbol id="sm-ea">
         <name>GPS_getCurrentLocationWithTimeout</name>
         <value>0x2837</value>
         <object_component_ref idref="oc-db"/>
      </symbol>
      <symbol id="sm-eb">
         <name>GPS_ConvertToDecimalDegrees</name>
         <value>0x2401</value>
         <object_component_ref idref="oc-db"/>
      </symbol>
      <symbol id="sm-ec">
         <name>GPS_getCurrentLocation</name>
         <value>0x26c5</value>
         <object_component_ref idref="oc-db"/>
      </symbol>
      <symbol id="sm-ed">
         <name>GPS_isWithinRadius</name>
         <value>0x2899</value>
         <object_component_ref idref="oc-db"/>
      </symbol>
      <symbol id="sm-4a5">
         <name>isCredit</name>
         <value>0x14c1</value>
         <object_component_ref idref="oc-e1"/>
      </symbol>
      <symbol id="sm-4a6">
         <name>isMosque</name>
         <value>0x1945</value>
         <object_component_ref idref="oc-e1"/>
      </symbol>
      <symbol id="sm-4a7">
         <name>rangeDecider</name>
         <value>0x5ad</value>
         <object_component_ref idref="oc-e1"/>
      </symbol>
      <symbol id="sm-4a8">
         <name>isFountain</name>
         <value>0x1b8d</value>
         <object_component_ref idref="oc-e1"/>
      </symbol>
      <symbol id="sm-4a9">
         <name>isMain</name>
         <value>0x15e9</value>
         <object_component_ref idref="oc-e1"/>
      </symbol>
      <symbol id="sm-4aa">
         <name>floatToStr</name>
         <value>0x31b</value>
         <object_component_ref idref="oc-e1"/>
      </symbol>
      <symbol id="sm-4ab">
         <name>isHallCD</name>
         <value>0x1395</value>
         <object_component_ref idref="oc-e1"/>
      </symbol>
      <symbol id="sm-4ac">
         <name>isHallAB</name>
         <value>0x1279</value>
         <object_component_ref idref="oc-e1"/>
      </symbol>
      <symbol id="sm-4ad">
         <name>isPlaygrounds</name>
         <value>0x1829</value>
         <object_component_ref idref="oc-e1"/>
      </symbol>
      <symbol id="sm-4ae">
         <name>ledBlinkerAndDestinationDisplayer</name>
         <value>0x415</value>
         <object_component_ref idref="oc-e1"/>
      </symbol>
      <symbol id="sm-4af">
         <name>isConcrete</name>
         <value>0x1705</value>
         <object_component_ref idref="oc-e1"/>
      </symbol>
      <symbol id="sm-4b0">
         <name>intToStr</name>
         <value>0x26d</value>
         <object_component_ref idref="oc-e1"/>
      </symbol>
      <symbol id="sm-4b1">
         <name>isLibrary</name>
         <value>0x1a61</value>
         <object_component_ref idref="oc-e1"/>
      </symbol>
      <symbol id="sm-4d7">
         <name>LCD_displayCharacter</name>
         <value>0x4579</value>
         <object_component_ref idref="oc-c9"/>
      </symbol>
      <symbol id="sm-4d8">
         <name>LCD_displayString</name>
         <value>0x45bf</value>
         <object_component_ref idref="oc-c9"/>
      </symbol>
      <symbol id="sm-4d9">
         <name>LCD_clearScreen</name>
         <value>0x456f</value>
         <object_component_ref idref="oc-c9"/>
      </symbol>
      <symbol id="sm-4da">
         <name>LCD_init</name>
         <value>0x44b9</value>
         <object_component_ref idref="oc-c9"/>
      </symbol>
      <symbol id="sm-4db">
         <name>LCD_goToRowColumn</name>
         <value>0x45ef</value>
         <object_component_ref idref="oc-c9"/>
      </symbol>
      <symbol id="sm-4dc">
         <name>LCD_command</name>
         <value>0x4529</value>
         <object_component_ref idref="oc-c9"/>
      </symbol>
      <symbol id="sm-4f2">
         <name>systick_init</name>
         <value>0x50a9</value>
         <object_component_ref idref="oc-d5"/>
      </symbol>
      <symbol id="sm-4f3">
         <name>systick_wait_1ms</name>
         <value>0x50ef</value>
         <object_component_ref idref="oc-d5"/>
      </symbol>
      <symbol id="sm-4f4">
         <name>delay_ms</name>
         <value>0x511b</value>
         <object_component_ref idref="oc-d5"/>
      </symbol>
      <symbol id="sm-4f5">
         <name>systick_wait_1s</name>
         <value>0x50c5</value>
         <object_component_ref idref="oc-d5"/>
      </symbol>
      <symbol id="sm-549">
         <name>UART0_SendInteger</name>
         <value>0x3757</value>
         <object_component_ref idref="oc-cf"/>
      </symbol>
      <symbol id="sm-54a">
         <name>UART5_SendInteger</name>
         <value>0x3965</value>
         <object_component_ref idref="oc-cf"/>
      </symbol>
      <symbol id="sm-54b">
         <name>UART0_ReceiveByte</name>
         <value>0x36d3</value>
         <object_component_ref idref="oc-cf"/>
      </symbol>
      <symbol id="sm-54c">
         <name>UART5_SendString</name>
         <value>0x38b9</value>
         <object_component_ref idref="oc-cf"/>
      </symbol>
      <symbol id="sm-54d">
         <name>UART0_ReceiveString</name>
         <value>0x3709</value>
         <object_component_ref idref="oc-cf"/>
      </symbol>
      <symbol id="sm-54e">
         <name>UART5_ReceiveString</name>
         <value>0x38df</value>
         <object_component_ref idref="oc-cf"/>
      </symbol>
      <symbol id="sm-54f">
         <name>UART0_SendByte</name>
         <value>0x36b7</value>
         <object_component_ref idref="oc-cf"/>
      </symbol>
      <symbol id="sm-550">
         <name>UART5_Init</name>
         <value>0x384d</value>
         <object_component_ref idref="oc-cf"/>
      </symbol>
      <symbol id="sm-551">
         <name>UART0_Init</name>
         <value>0x3677</value>
         <object_component_ref idref="oc-cf"/>
      </symbol>
      <symbol id="sm-552">
         <name>UART0_SendString</name>
         <value>0x36e3</value>
         <object_component_ref idref="oc-cf"/>
      </symbol>
      <symbol id="sm-553">
         <name>UART5_ReceiveByte</name>
         <value>0x38a9</value>
         <object_component_ref idref="oc-cf"/>
      </symbol>
      <symbol id="sm-554">
         <name>UART5_SendByte</name>
         <value>0x388d</value>
         <object_component_ref idref="oc-cf"/>
      </symbol>
      <symbol id="sm-581">
         <name>main</name>
         <value>0x4029</value>
         <object_component_ref idref="oc-9b"/>
      </symbol>
      <symbol id="sm-5a2">
         <name>ResetISR</name>
         <value>0x5671</value>
         <object_component_ref idref="oc-27"/>
      </symbol>
      <symbol id="sm-5a3">
         <name>g_pfnVectors</name>
         <value>0x0</value>
         <object_component_ref idref="oc-12"/>
      </symbol>
      <symbol id="sm-5e7">
         <name>atan2</name>
         <value>0x42d5</value>
         <object_component_ref idref="oc-176"/>
      </symbol>
      <symbol id="sm-5e8">
         <name>atan2l</name>
         <value>0x42d5</value>
         <object_component_ref idref="oc-176"/>
      </symbol>
      <symbol id="sm-60a">
         <name>sqrtl</name>
         <value>0x4b15</value>
         <object_component_ref idref="oc-170"/>
      </symbol>
      <symbol id="sm-60b">
         <name>sqrt</name>
         <value>0x4b15</value>
         <object_component_ref idref="oc-170"/>
      </symbol>
      <symbol id="sm-641">
         <name>atanl</name>
         <value>0x3d3d</value>
         <object_component_ref idref="oc-319"/>
      </symbol>
      <symbol id="sm-642">
         <name>atan</name>
         <value>0x3d3d</value>
         <object_component_ref idref="oc-319"/>
      </symbol>
      <symbol id="sm-693">
         <name>cosl</name>
         <value>0x3045</value>
         <object_component_ref idref="oc-16a"/>
      </symbol>
      <symbol id="sm-694">
         <name>cos</name>
         <value>0x3045</value>
         <object_component_ref idref="oc-16a"/>
      </symbol>
      <symbol id="sm-6e4">
         <name>sin</name>
         <value>0x2a65</value>
         <object_component_ref idref="oc-164"/>
      </symbol>
      <symbol id="sm-6e5">
         <name>sinl</name>
         <value>0x2a65</value>
         <object_component_ref idref="oc-164"/>
      </symbol>
      <symbol id="sm-6fc">
         <name>__aeabi_dsub</name>
         <value>0x4679</value>
         <object_component_ref idref="oc-15a"/>
      </symbol>
      <symbol id="sm-6fd">
         <name>__aeabi_dadd</name>
         <value>0x4683</value>
         <object_component_ref idref="oc-15a"/>
      </symbol>
      <symbol id="sm-71f">
         <name>__aeabi_cdcmpeq</name>
         <value>0x527b</value>
         <object_component_ref idref="oc-182"/>
      </symbol>
      <symbol id="sm-720">
         <name>__aeabi_cdcmple</name>
         <value>0x527b</value>
         <object_component_ref idref="oc-182"/>
      </symbol>
      <symbol id="sm-721">
         <name>__aeabi_cdrcmple</name>
         <value>0x5301</value>
         <object_component_ref idref="oc-1a4"/>
      </symbol>
      <symbol id="sm-735">
         <name>__aeabi_ddiv</name>
         <value>0x4c6d</value>
         <object_component_ref idref="oc-14b"/>
      </symbol>
      <symbol id="sm-740">
         <name>__aeabi_dmul</name>
         <value>0x4eb5</value>
         <object_component_ref idref="oc-15f"/>
      </symbol>
      <symbol id="sm-74a">
         <name>__aeabi_d2iz</name>
         <value>0x545d</value>
         <object_component_ref idref="oc-19f"/>
      </symbol>
      <symbol id="sm-754">
         <name>__aeabi_d2uiz</name>
         <value>0x54e9</value>
         <object_component_ref idref="oc-150"/>
      </symbol>
      <symbol id="sm-75e">
         <name>__aeabi_i2d</name>
         <value>0x5595</value>
         <object_component_ref idref="oc-187"/>
      </symbol>
      <symbol id="sm-768">
         <name>__aeabi_ui2d</name>
         <value>0x5613</value>
         <object_component_ref idref="oc-155"/>
      </symbol>
      <symbol id="sm-776">
         <name>__aeabi_ldivmod</name>
         <value>0x5387</value>
         <object_component_ref idref="oc-143"/>
      </symbol>
      <symbol id="sm-783">
         <name>__aeabi_uldivmod</name>
         <value>0x51e5</value>
         <object_component_ref idref="oc-2e9"/>
      </symbol>
      <symbol id="sm-79b">
         <name>__TI_decompress_none</name>
         <value>0x5663</value>
         <object_component_ref idref="oc-1b"/>
      </symbol>
      <symbol id="sm-7be">
         <name>__TI_decompress_lzss</name>
         <value>0x53f5</value>
         <object_component_ref idref="oc-15"/>
      </symbol>
      <symbol id="sm-7ce">
         <name>strchr</name>
         <value>0x564d</value>
         <object_component_ref idref="oc-198"/>
      </symbol>
      <symbol id="sm-7df">
         <name>strpbrk</name>
         <value>0x55ed</value>
         <object_component_ref idref="oc-192"/>
      </symbol>
      <symbol id="sm-7f1">
         <name>strspn</name>
         <value>0x55c3</value>
         <object_component_ref idref="oc-18c"/>
      </symbol>
      <symbol id="sm-804">
         <name>strstr</name>
         <value>0x5561</value>
         <object_component_ref idref="oc-17c"/>
      </symbol>
      <symbol id="sm-874">
         <name>__kernel_rem_pio2</name>
         <value>0x1cc9</value>
         <object_component_ref idref="oc-2fc"/>
      </symbol>
      <symbol id="sm-887">
         <name>__stack</name>
         <value>0x20000000</value>
         <object_component_ref idref="oc-24"/>
      </symbol>
      <symbol id="sm-888">
         <name>_c_int00_noargs</name>
         <value>0x552d</value>
         <object_component_ref idref="oc-59"/>
      </symbol>
      <symbol id="sm-89e">
         <name>__aeabi_errno_addr</name>
         <value>0x567d</value>
         <object_component_ref idref="oc-311"/>
      </symbol>
      <symbol id="sm-89f">
         <name>errno</name>
         <value>0x20000200</value>
         <object_component_ref idref="oc-42a"/>
      </symbol>
      <symbol id="sm-8b5">
         <name>__kernel_cos</name>
         <value>0x49a5</value>
         <object_component_ref idref="oc-302"/>
      </symbol>
      <symbol id="sm-8cc">
         <name>__kernel_sin</name>
         <value>0x4831</value>
         <object_component_ref idref="oc-2f6"/>
      </symbol>
      <symbol id="sm-8e9">
         <name>floorl</name>
         <value>0x4fb1</value>
         <object_component_ref idref="oc-40e"/>
      </symbol>
      <symbol id="sm-8ea">
         <name>floor</name>
         <value>0x4fb1</value>
         <object_component_ref idref="oc-40e"/>
      </symbol>
      <symbol id="sm-907">
         <name>scalbn</name>
         <value>0x4da5</value>
         <object_component_ref idref="oc-408"/>
      </symbol>
      <symbol id="sm-908">
         <name>scalbnl</name>
         <value>0x4da5</value>
         <object_component_ref idref="oc-408"/>
      </symbol>
      <symbol id="sm-909">
         <name>ldexpl</name>
         <value>0x4da5</value>
         <object_component_ref idref="oc-408"/>
      </symbol>
      <symbol id="sm-90a">
         <name>ldexp</name>
         <value>0x4da5</value>
         <object_component_ref idref="oc-408"/>
      </symbol>
      <symbol id="sm-914">
         <name>__aeabi_idiv0</name>
         <value>0x482f</value>
         <object_component_ref idref="oc-2e4"/>
      </symbol>
      <symbol id="sm-915">
         <name>__aeabi_ldiv0</name>
         <value>0x482f</value>
         <object_component_ref idref="oc-2e4"/>
      </symbol>
      <symbol id="sm-930">
         <name>memcpy</name>
         <value>0x5149</value>
         <object_component_ref idref="oc-3b"/>
      </symbol>
      <symbol id="sm-931">
         <name>__aeabi_memcpy</name>
         <value>0x5149</value>
         <object_component_ref idref="oc-3b"/>
      </symbol>
      <symbol id="sm-932">
         <name>__aeabi_memcpy8</name>
         <value>0x5149</value>
         <object_component_ref idref="oc-3b"/>
      </symbol>
      <symbol id="sm-933">
         <name>__aeabi_memcpy4</name>
         <value>0x5149</value>
         <object_component_ref idref="oc-3b"/>
      </symbol>
      <symbol id="sm-95c">
         <name>__TI_auto_init_nobinit_nopinit</name>
         <value>0x54a5</value>
         <object_component_ref idref="oc-102"/>
      </symbol>
      <symbol id="sm-966">
         <name>_system_pre_init</name>
         <value>0x5685</value>
         <object_component_ref idref="oc-95"/>
      </symbol>
      <symbol id="sm-972">
         <name>C$$EXIT</name>
         <value>0x5689</value>
         <object_component_ref idref="oc-f6"/>
      </symbol>
      <symbol id="sm-973">
         <name>abort</name>
         <value>0x5689</value>
         <object_component_ref idref="oc-f6"/>
      </symbol>
      <symbol id="sm-97f">
         <name>copysign</name>
         <value>0x5633</value>
         <object_component_ref idref="oc-450"/>
      </symbol>
      <symbol id="sm-980">
         <name>copysignl</name>
         <value>0x5633</value>
         <object_component_ref idref="oc-450"/>
      </symbol>
      <symbol id="sm-981">
         <name>__TI_static_base__</name>
         <value>0x0</value>
      </symbol>
      <symbol id="sm-984">
         <name>__mpu_init</name>
         <value>0x0</value>
      </symbol>
      <symbol id="sm-985">
         <name>_system_post_cinit</name>
         <value>0x0</value>
      </symbol>
   </symbol_table>
   <title>Link successful</title>
</link_info>
